/home/clutch/Desktop/Vachak/IndicTrans2/.venv/lib/python3.10/site-packages/transformers/utils/generic.py:441: FutureWarning: `torch.utils._pytree._register_pytree_node` is deprecated. Please use `torch.utils._pytree.register_pytree_node` instead.
  _torch_pytree._register_pytree_node(
/home/clutch/Desktop/Vachak/IndicTrans2/.venv/lib/python3.10/site-packages/transformers/utils/generic.py:309: FutureWarning: `torch.utils._pytree._register_pytree_node` is deprecated. Please use `torch.utils._pytree.register_pytree_node` instead.
  _torch_pytree._register_pytree_node(
[ft] 633 train / 45 dev
/home/clutch/Desktop/Vachak/IndicTrans2/.venv/lib/python3.10/site-packages/huggingface_hub/file_download.py:949: FutureWarning: `resume_download` is deprecated and will be removed in version 1.0.0. Downloads always resume when possible. If you want to force a new download, use `force_download=True`.
  warnings.warn(
/home/clutch/Desktop/Vachak/IndicTrans2/.venv/lib/python3.10/site-packages/transformers/tokenization_utils_base.py:3860: UserWarning: `as_target_tokenizer` is deprecated and will be removed in v5 of Transformers. You can tokenize your labels by using the argument `text_target` of the regular `__call__` method (either in the same call as your input texts if you use the same keyword arguments, or in a separate call.
  warnings.warn(
/home/clutch/Desktop/Vachak/ml/translation/scripts/finetune_simple.py:109: FutureWarning: `torch.cuda.amp.GradScaler(args...)` is deprecated. Please use `torch.amp.GradScaler('cuda', args...)` instead.
  scaler = torch.cuda.amp.GradScaler()
/home/clutch/Desktop/Vachak/ml/translation/scripts/finetune_simple.py:117: FutureWarning: `torch.cuda.amp.autocast(args...)` is deprecated. Please use `torch.amp.autocast('cuda', args...)` instead.
  with torch.cuda.amp.autocast(dtype=torch.float16):
trainable params: 3,538,944 || all params: 324,400,128 || trainable%: 1.0909194215854316
[ft] ep1 b0 loss=4.338
[ft] ep1 b10 loss=6.470
[ft] ep1 b20 loss=2.446
[ft] ep1 b30 loss=2.609
[ft] ep1 b40 loss=3.241
[ft] ep1 b50 loss=2.877
[ft] ep1 b60 loss=2.136
[ft] ep1 b70 loss=1.873
[ft] ep1 b80 loss=1.672
[ft] ep1 b90 loss=2.551
[ft] ep1 b100 loss=1.442
[ft] ep1 b110 loss=1.780
[ft] ep1 b120 loss=1.469
[ft] ep1 b130 loss=1.390
[ft] ep1 b140 loss=1.092
[ft] ep1 b150 loss=1.359
/home/clutch/Desktop/Vachak/ml/translation/scripts/finetune_simple.py:136: FutureWarning: `torch.cuda.amp.autocast(args...)` is deprecated. Please use `torch.amp.autocast('cuda', args...)` instead.
  with torch.cuda.amp.autocast(dtype=torch.float16):
[ft] ep1 train_loss=2.395 dev_loss=2.238
[ft] ep2 b0 loss=1.056
[ft] ep2 b10 loss=1.613
[ft] ep2 b20 loss=1.181
[ft] ep2 b30 loss=0.762
[ft] ep2 b40 loss=1.305
[ft] ep2 b50 loss=0.991
[ft] ep2 b60 loss=0.935
[ft] ep2 b70 loss=0.626
[ft] ep2 b80 loss=0.385
[ft] ep2 b90 loss=1.148
[ft] ep2 b100 loss=1.347
[ft] ep2 b110 loss=1.529
[ft] ep2 b120 loss=0.833
[ft] ep2 b130 loss=1.794
[ft] ep2 b140 loss=0.793
[ft] ep2 b150 loss=1.112
[ft] ep2 train_loss=1.263 dev_loss=1.943
[ft] ep3 b0 loss=1.373
[ft] ep3 b10 loss=1.280
[ft] ep3 b20 loss=1.066
[ft] ep3 b30 loss=0.847
[ft] ep3 b40 loss=1.092
[ft] ep3 b50 loss=0.732
[ft] ep3 b60 loss=0.362
[ft] ep3 b70 loss=1.117
[ft] ep3 b80 loss=1.802
[ft] ep3 b90 loss=1.203
[ft] ep3 b100 loss=0.251
[ft] ep3 b110 loss=0.717
[ft] ep3 b120 loss=1.566
[ft] ep3 b130 loss=0.404
[ft] ep3 b140 loss=1.051
[ft] ep3 b150 loss=0.513
[ft] ep3 train_loss=0.979 dev_loss=1.506
[ft] ep4 b0 loss=0.783
[ft] ep4 b10 loss=0.777
[ft] ep4 b20 loss=1.157
[ft] ep4 b30 loss=0.772
[ft] ep4 b40 loss=0.342
[ft] ep4 b50 loss=0.264
[ft] ep4 b60 loss=0.653
[ft] ep4 b70 loss=0.909
[ft] ep4 b80 loss=0.570
[ft] ep4 b90 loss=1.370
[ft] ep4 b100 loss=0.934
[ft] ep4 b110 loss=0.335
[ft] ep4 b120 loss=0.491
[ft] ep4 b130 loss=0.459
[ft] ep4 b140 loss=1.125
[ft] ep4 b150 loss=1.421
[ft] ep4 train_loss=0.826 dev_loss=1.421
[ft] ep5 b0 loss=0.405
[ft] ep5 b10 loss=0.459
[ft] ep5 b20 loss=0.257
[ft] ep5 b30 loss=0.656
[ft] ep5 b40 loss=0.851
[ft] ep5 b50 loss=0.492
[ft] ep5 b60 loss=0.265
[ft] ep5 b70 loss=0.577
[ft] ep5 b80 loss=0.301
[ft] ep5 b90 loss=0.994
[ft] ep5 b100 loss=0.319
[ft] ep5 b110 loss=0.927
[ft] ep5 b120 loss=0.324
[ft] ep5 b130 loss=0.959
[ft] ep5 b140 loss=0.852
[ft] ep5 b150 loss=0.708
[ft] ep5 train_loss=0.714 dev_loss=1.431
[ft] ep6 b0 loss=0.374
[ft] ep6 b10 loss=0.533
[ft] ep6 b20 loss=0.638
[ft] ep6 b30 loss=0.579
[ft] ep6 b40 loss=0.352
[ft] ep6 b50 loss=1.063
[ft] ep6 b60 loss=0.600
[ft] ep6 b70 loss=0.154
[ft] ep6 b80 loss=0.372
[ft] ep6 b90 loss=0.714
[ft] ep6 b100 loss=1.080
[ft] ep6 b110 loss=0.325
[ft] ep6 b120 loss=0.777
[ft] ep6 b130 loss=0.206
[ft] ep6 b140 loss=0.253
[ft] ep6 b150 loss=1.180
[ft] ep6 train_loss=0.613 dev_loss=1.281
[ft] ep7 b0 loss=1.633
[ft] ep7 b10 loss=0.227
[ft] ep7 b20 loss=0.490
[ft] ep7 b30 loss=2.507
[ft] ep7 b40 loss=0.672
[ft] ep7 b50 loss=0.313
[ft] ep7 b60 loss=0.137
[ft] ep7 b70 loss=0.261
[ft] ep7 b80 loss=0.131
[ft] ep7 b90 loss=0.344
[ft] ep7 b100 loss=0.264
[ft] ep7 b110 loss=0.333
[ft] ep7 b120 loss=0.807
[ft] ep7 b130 loss=0.709
[ft] ep7 b140 loss=1.685
[ft] ep7 b150 loss=0.367
[ft] ep7 train_loss=0.547 dev_loss=1.293
[ft] ep8 b0 loss=0.150
[ft] ep8 b10 loss=0.105
[ft] ep8 b20 loss=0.467
[ft] ep8 b30 loss=0.755
[ft] ep8 b40 loss=1.193
[ft] ep8 b50 loss=0.815
[ft] ep8 b60 loss=0.238
[ft] ep8 b70 loss=0.648
[ft] ep8 b80 loss=0.161
[ft] ep8 b90 loss=0.066
[ft] ep8 b100 loss=0.292
[ft] ep8 b110 loss=0.909
[ft] ep8 b120 loss=0.401
[ft] ep8 b130 loss=0.395
[ft] ep8 b140 loss=0.675
[ft] ep8 b150 loss=1.054
[ft] ep8 train_loss=0.478 dev_loss=1.276
[ft] saved adapter -> /home/clutch/Desktop/Vachak/ml/finetune/it2_goldnum_lora
