/home/clutch/Desktop/Vachak/IndicTrans2/.venv/lib/python3.10/site-packages/transformers/utils/generic.py:441: FutureWarning: `torch.utils._pytree._register_pytree_node` is deprecated. Please use `torch.utils._pytree.register_pytree_node` instead.
  _torch_pytree._register_pytree_node(
/home/clutch/Desktop/Vachak/IndicTrans2/.venv/lib/python3.10/site-packages/transformers/utils/generic.py:309: FutureWarning: `torch.utils._pytree._register_pytree_node` is deprecated. Please use `torch.utils._pytree.register_pytree_node` instead.
  _torch_pytree._register_pytree_node(
[ft] 408 train / 45 dev
/home/clutch/Desktop/Vachak/IndicTrans2/.venv/lib/python3.10/site-packages/huggingface_hub/file_download.py:949: FutureWarning: `resume_download` is deprecated and will be removed in version 1.0.0. Downloads always resume when possible. If you want to force a new download, use `force_download=True`.
  warnings.warn(
/home/clutch/Desktop/Vachak/IndicTrans2/.venv/lib/python3.10/site-packages/transformers/tokenization_utils_base.py:3860: UserWarning: `as_target_tokenizer` is deprecated and will be removed in v5 of Transformers. You can tokenize your labels by using the argument `text_target` of the regular `__call__` method (either in the same call as your input texts if you use the same keyword arguments, or in a separate call.
  warnings.warn(
/home/clutch/Desktop/Vachak/ml/translation/scripts/finetune_simple.py:109: FutureWarning: `torch.cuda.amp.GradScaler(args...)` is deprecated. Please use `torch.amp.GradScaler('cuda', args...)` instead.
  scaler = torch.cuda.amp.GradScaler()
/home/clutch/Desktop/Vachak/ml/translation/scripts/finetune_simple.py:117: FutureWarning: `torch.cuda.amp.autocast(args...)` is deprecated. Please use `torch.amp.autocast('cuda', args...)` instead.
  with torch.cuda.amp.autocast(dtype=torch.float16):
trainable params: 3,538,944 || all params: 324,400,128 || trainable%: 1.0909194215854316
[ft] ep1 b0 loss=2.771
[ft] ep1 b10 loss=3.369
[ft] ep1 b20 loss=4.292
[ft] ep1 b30 loss=2.938
[ft] ep1 b40 loss=1.740
[ft] ep1 b50 loss=2.261
[ft] ep1 b60 loss=4.733
[ft] ep1 b70 loss=2.178
[ft] ep1 b80 loss=1.242
[ft] ep1 b90 loss=1.038
[ft] ep1 b100 loss=2.234
/home/clutch/Desktop/Vachak/ml/translation/scripts/finetune_simple.py:136: FutureWarning: `torch.cuda.amp.autocast(args...)` is deprecated. Please use `torch.amp.autocast('cuda', args...)` instead.
  with torch.cuda.amp.autocast(dtype=torch.float16):
[ft] ep1 train_loss=2.537 dev_loss=2.561
[ft] ep2 b0 loss=1.973
[ft] ep2 b10 loss=1.877
[ft] ep2 b20 loss=0.687
[ft] ep2 b30 loss=1.650
[ft] ep2 b40 loss=1.246
[ft] ep2 b50 loss=0.616
[ft] ep2 b60 loss=1.190
[ft] ep2 b70 loss=1.471
[ft] ep2 b80 loss=0.873
[ft] ep2 b90 loss=1.223
[ft] ep2 b100 loss=0.771
[ft] ep2 train_loss=1.419 dev_loss=1.993
[ft] ep3 b0 loss=1.030
[ft] ep3 b10 loss=0.960
[ft] ep3 b20 loss=0.446
[ft] ep3 b30 loss=1.415
[ft] ep3 b40 loss=1.358
[ft] ep3 b50 loss=1.785
[ft] ep3 b60 loss=0.482
[ft] ep3 b70 loss=0.423
[ft] ep3 b80 loss=0.653
[ft] ep3 b90 loss=1.341
[ft] ep3 b100 loss=1.408
[ft] ep3 train_loss=1.110 dev_loss=1.845
[ft] ep4 b0 loss=1.452
[ft] ep4 b10 loss=0.470
[ft] ep4 b20 loss=0.466
[ft] ep4 b30 loss=0.393
[ft] ep4 b40 loss=0.260
[ft] ep4 b50 loss=0.327
[ft] ep4 b60 loss=0.748
[ft] ep4 b70 loss=1.251
[ft] ep4 b80 loss=0.247
[ft] ep4 b90 loss=2.746
[ft] ep4 b100 loss=0.854
[ft] ep4 train_loss=1.000 dev_loss=1.754
[ft] ep5 b0 loss=1.125
[ft] ep5 b10 loss=0.422
[ft] ep5 b20 loss=2.332
[ft] ep5 b30 loss=0.638
[ft] ep5 b40 loss=1.387
[ft] ep5 b50 loss=1.476
[ft] ep5 b60 loss=0.275
[ft] ep5 b70 loss=0.622
[ft] ep5 b80 loss=0.240
[ft] ep5 b90 loss=0.641
[ft] ep5 b100 loss=0.263
[ft] ep5 train_loss=0.880 dev_loss=1.546
[ft] ep6 b0 loss=1.071
[ft] ep6 b10 loss=0.532
[ft] ep6 b20 loss=0.299
[ft] ep6 b30 loss=0.441
[ft] ep6 b40 loss=0.742
[ft] ep6 b50 loss=0.596
[ft] ep6 b60 loss=0.502
[ft] ep6 b70 loss=0.913
[ft] ep6 b80 loss=0.304
[ft] ep6 b90 loss=0.208
[ft] ep6 b100 loss=0.841
[ft] ep6 train_loss=0.783 dev_loss=1.519
[ft] ep7 b0 loss=0.952
[ft] ep7 b10 loss=0.158
[ft] ep7 b20 loss=0.375
[ft] ep7 b30 loss=0.536
[ft] ep7 b40 loss=0.232
[ft] ep7 b50 loss=1.337
[ft] ep7 b60 loss=0.401
[ft] ep7 b70 loss=0.210
[ft] ep7 b80 loss=1.228
[ft] ep7 b90 loss=1.444
[ft] ep7 b100 loss=0.616
[ft] ep7 train_loss=0.694 dev_loss=1.506
[ft] ep8 b0 loss=0.357
[ft] ep8 b10 loss=0.335
[ft] ep8 b20 loss=0.344
[ft] ep8 b30 loss=0.712
[ft] ep8 b40 loss=0.543
[ft] ep8 b50 loss=0.770
[ft] ep8 b60 loss=1.413
[ft] ep8 b70 loss=0.290
[ft] ep8 b80 loss=0.896
[ft] ep8 b90 loss=0.851
[ft] ep8 b100 loss=0.181
[ft] ep8 train_loss=0.645 dev_loss=1.457
[ft] saved adapter -> /home/clutch/Desktop/Vachak/ml/finetune/it2_goldverified_lora
