[ft-mun] 33907 train / 3767 dev -> unr_Deva
/home/clutch/.local/lib/python3.14/site-packages/transformers/tokenization_utils_base.py:3953: UserWarning: `as_target_tokenizer` is deprecated and will be removed in v5 of Transformers. You can tokenize your labels by using the argument `text_target` of the regular `__call__` method (either in the same call as your input texts if you use the same keyword arguments, or in a separate call.
  warnings.warn(
/home/clutch/Desktop/Vachak/ml/translation/scripts/finetune_mundari.py:120: FutureWarning: `torch.cuda.amp.GradScaler(args...)` is deprecated. Please use `torch.amp.GradScaler('cuda', args...)` instead.
  scaler = torch.cuda.amp.GradScaler()
/home/clutch/Desktop/Vachak/ml/translation/scripts/finetune_mundari.py:128: FutureWarning: `torch.cuda.amp.autocast(args...)` is deprecated. Please use `torch.amp.autocast('cuda', args...)` instead.
  with torch.cuda.amp.autocast(dtype=torch.float16):
trainable params: 3,538,944 || all params: 199,050,240 || trainable%: 1.7779
[ft-mun] ep1 b0 loss=12.558
[ft-mun] ep1 b20 loss=11.529
[ft-mun] ep1 b40 loss=10.567
[ft-mun] ep1 b60 loss=9.659
[ft-mun] ep1 b80 loss=9.272
[ft-mun] ep1 b100 loss=8.772
[ft-mun] ep1 b120 loss=8.393
[ft-mun] ep1 b140 loss=8.218
[ft-mun] ep1 b160 loss=7.973
[ft-mun] ep1 b180 loss=8.082
[ft-mun] ep1 b200 loss=8.288
[ft-mun] ep1 b220 loss=7.706
[ft-mun] ep1 b240 loss=7.656
[ft-mun] ep1 b260 loss=7.691
[ft-mun] ep1 b280 loss=7.109
[ft-mun] ep1 b300 loss=6.342
[ft-mun] ep1 b320 loss=6.410
[ft-mun] ep1 b340 loss=6.951
[ft-mun] ep1 b360 loss=7.087
[ft-mun] ep1 b380 loss=7.274
[ft-mun] ep1 b400 loss=6.373
[ft-mun] ep1 b420 loss=7.246
[ft-mun] ep1 b440 loss=6.943
[ft-mun] ep1 b460 loss=5.580
[ft-mun] ep1 b480 loss=6.452
[ft-mun] ep1 b500 loss=6.931
[ft-mun] ep1 b520 loss=5.915
[ft-mun] ep1 b540 loss=6.678
[ft-mun] ep1 b560 loss=6.773
[ft-mun] ep1 b580 loss=6.615
[ft-mun] ep1 b600 loss=5.838
[ft-mun] ep1 b620 loss=5.781
[ft-mun] ep1 b640 loss=6.850
[ft-mun] ep1 b660 loss=5.571
[ft-mun] ep1 b680 loss=5.192
[ft-mun] ep1 b700 loss=5.745
[ft-mun] ep1 b720 loss=4.997
[ft-mun] ep1 b740 loss=5.741
[ft-mun] ep1 b760 loss=5.146
[ft-mun] ep1 b780 loss=5.578
[ft-mun] ep1 b800 loss=6.040
[ft-mun] ep1 b820 loss=6.377
[ft-mun] ep1 b840 loss=6.138
[ft-mun] ep1 b860 loss=6.468
[ft-mun] ep1 b880 loss=6.379
[ft-mun] ep1 b900 loss=6.155
[ft-mun] ep1 b920 loss=5.932
[ft-mun] ep1 b940 loss=6.578
[ft-mun] ep1 b960 loss=5.135
[ft-mun] ep1 b980 loss=5.972
[ft-mun] ep1 b1000 loss=5.989
[ft-mun] ep1 b1020 loss=5.055
[ft-mun] ep1 b1040 loss=6.685
[ft-mun] ep1 b1060 loss=5.885
[ft-mun] ep1 b1080 loss=5.488
[ft-mun] ep1 b1100 loss=5.661
[ft-mun] ep1 b1120 loss=5.272
[ft-mun] ep1 b1140 loss=5.501
[ft-mun] ep1 b1160 loss=5.373
[ft-mun] ep1 b1180 loss=5.940
[ft-mun] ep1 b1200 loss=5.226
[ft-mun] ep1 b1220 loss=5.318
[ft-mun] ep1 b1240 loss=6.004
[ft-mun] ep1 b1260 loss=5.826
[ft-mun] ep1 b1280 loss=5.665
[ft-mun] ep1 b1300 loss=5.363
[ft-mun] ep1 b1320 loss=6.478
[ft-mun] ep1 b1340 loss=5.427
[ft-mun] ep1 b1360 loss=5.495
[ft-mun] ep1 b1380 loss=4.793
[ft-mun] ep1 b1400 loss=5.606
[ft-mun] ep1 b1420 loss=6.047
[ft-mun] ep1 b1440 loss=5.711
[ft-mun] ep1 b1460 loss=5.975
[ft-mun] ep1 b1480 loss=6.093
[ft-mun] ep1 b1500 loss=5.749
[ft-mun] ep1 b1520 loss=5.713
[ft-mun] ep1 b1540 loss=5.820
[ft-mun] ep1 b1560 loss=6.278
[ft-mun] ep1 b1580 loss=5.845
[ft-mun] ep1 b1600 loss=4.985
[ft-mun] ep1 b1620 loss=5.432
[ft-mun] ep1 b1640 loss=5.243
[ft-mun] ep1 b1660 loss=5.583
[ft-mun] ep1 b1680 loss=6.101
[ft-mun] ep1 b1700 loss=5.974
[ft-mun] ep1 b1720 loss=5.769
[ft-mun] ep1 b1740 loss=5.116
[ft-mun] ep1 b1760 loss=5.651
[ft-mun] ep1 b1780 loss=5.440
[ft-mun] ep1 b1800 loss=6.065
[ft-mun] ep1 b1820 loss=5.476
[ft-mun] ep1 b1840 loss=5.140
[ft-mun] ep1 b1860 loss=5.925
[ft-mun] ep1 b1880 loss=5.973
[ft-mun] ep1 b1900 loss=5.530
[ft-mun] ep1 b1920 loss=5.128
[ft-mun] ep1 b1940 loss=5.158
[ft-mun] ep1 b1960 loss=5.029
[ft-mun] ep1 b1980 loss=6.253
[ft-mun] ep1 b2000 loss=5.605
[ft-mun] ep1 b2020 loss=5.373
[ft-mun] ep1 b2040 loss=5.534
[ft-mun] ep1 b2060 loss=5.199
[ft-mun] ep1 b2080 loss=5.629
[ft-mun] ep1 b2100 loss=5.276
[ft-mun] ep1 b2120 loss=5.289
[ft-mun] ep1 b2140 loss=5.615
[ft-mun] ep1 b2160 loss=5.833
[ft-mun] ep1 b2180 loss=5.918
[ft-mun] ep1 b2200 loss=6.577
[ft-mun] ep1 b2220 loss=5.135
[ft-mun] ep1 b2240 loss=6.835
[ft-mun] ep1 b2260 loss=5.351
[ft-mun] ep1 b2280 loss=5.565
[ft-mun] ep1 b2300 loss=4.913
[ft-mun] ep1 b2320 loss=4.607
[ft-mun] ep1 b2340 loss=5.454
[ft-mun] ep1 b2360 loss=5.684
[ft-mun] ep1 b2380 loss=5.257
[ft-mun] ep1 b2400 loss=5.860
[ft-mun] ep1 b2420 loss=7.172
[ft-mun] ep1 b2440 loss=5.304
[ft-mun] ep1 b2460 loss=5.642
[ft-mun] ep1 b2480 loss=5.171
[ft-mun] ep1 b2500 loss=6.062
[ft-mun] ep1 b2520 loss=7.625
[ft-mun] ep1 b2540 loss=4.747
[ft-mun] ep1 b2560 loss=5.174
[ft-mun] ep1 b2580 loss=5.821
[ft-mun] ep1 b2600 loss=5.067
[ft-mun] ep1 b2620 loss=4.279
[ft-mun] ep1 b2640 loss=5.426
[ft-mun] ep1 b2660 loss=6.160
[ft-mun] ep1 b2680 loss=6.075
[ft-mun] ep1 b2700 loss=5.727
[ft-mun] ep1 b2720 loss=6.685
[ft-mun] ep1 b2740 loss=5.875
[ft-mun] ep1 b2760 loss=4.894
[ft-mun] ep1 b2780 loss=4.343
[ft-mun] ep1 b2800 loss=5.499
[ft-mun] ep1 b2820 loss=5.269
[ft-mun] ep1 b2840 loss=4.941
[ft-mun] ep1 b2860 loss=5.604
[ft-mun] ep1 b2880 loss=6.359
[ft-mun] ep1 b2900 loss=5.100
[ft-mun] ep1 b2920 loss=4.959
[ft-mun] ep1 b2940 loss=6.533
[ft-mun] ep1 b2960 loss=5.022
[ft-mun] ep1 b2980 loss=5.197
[ft-mun] ep1 b3000 loss=5.348
[ft-mun] ep1 b3020 loss=4.816
[ft-mun] ep1 b3040 loss=5.437
[ft-mun] ep1 b3060 loss=5.987
[ft-mun] ep1 b3080 loss=4.796
[ft-mun] ep1 b3100 loss=6.348
[ft-mun] ep1 b3120 loss=5.193
[ft-mun] ep1 b3140 loss=5.418
[ft-mun] ep1 b3160 loss=5.511
[ft-mun] ep1 b3180 loss=5.086
[ft-mun] ep1 b3200 loss=5.346
[ft-mun] ep1 b3220 loss=5.397
[ft-mun] ep1 b3240 loss=5.708
[ft-mun] ep1 b3260 loss=5.473
[ft-mun] ep1 b3280 loss=5.920
[ft-mun] ep1 b3300 loss=5.355
[ft-mun] ep1 b3320 loss=4.647
[ft-mun] ep1 b3340 loss=5.981
[ft-mun] ep1 b3360 loss=4.518
[ft-mun] ep1 b3380 loss=4.216
[ft-mun] ep1 b3400 loss=5.250
[ft-mun] ep1 b3420 loss=4.642
[ft-mun] ep1 b3440 loss=4.884
[ft-mun] ep1 b3460 loss=6.422
[ft-mun] ep1 b3480 loss=4.536
[ft-mun] ep1 b3500 loss=5.574
[ft-mun] ep1 b3520 loss=5.280
[ft-mun] ep1 b3540 loss=4.812
[ft-mun] ep1 b3560 loss=6.118
[ft-mun] ep1 b3580 loss=5.728
[ft-mun] ep1 b3600 loss=5.451
[ft-mun] ep1 b3620 loss=4.410
[ft-mun] ep1 b3640 loss=5.793
[ft-mun] ep1 b3660 loss=4.575
[ft-mun] ep1 b3680 loss=6.339
[ft-mun] ep1 b3700 loss=5.138
[ft-mun] ep1 b3720 loss=4.951
[ft-mun] ep1 b3740 loss=6.143
[ft-mun] ep1 b3760 loss=5.691
[ft-mun] ep1 b3780 loss=4.634
[ft-mun] ep1 b3800 loss=5.897
[ft-mun] ep1 b3820 loss=5.693
[ft-mun] ep1 b3840 loss=5.194
[ft-mun] ep1 b3860 loss=5.046
[ft-mun] ep1 b3880 loss=7.160
[ft-mun] ep1 b3900 loss=6.051
[ft-mun] ep1 b3920 loss=4.697
[ft-mun] ep1 b3940 loss=5.826
[ft-mun] ep1 b3960 loss=5.588
[ft-mun] ep1 b3980 loss=5.801
[ft-mun] ep1 b4000 loss=4.755
[ft-mun] ep1 b4020 loss=5.626
[ft-mun] ep1 b4040 loss=4.747
[ft-mun] ep1 b4060 loss=5.945
[ft-mun] ep1 b4080 loss=4.989
[ft-mun] ep1 b4100 loss=4.346
[ft-mun] ep1 b4120 loss=4.536
[ft-mun] ep1 b4140 loss=4.634
[ft-mun] ep1 b4160 loss=5.184
[ft-mun] ep1 b4180 loss=5.805
[ft-mun] ep1 b4200 loss=5.472
[ft-mun] ep1 b4220 loss=5.631
[ft-mun] ep1 b4240 loss=4.651
[ft-mun] ep1 b4260 loss=5.154
[ft-mun] ep1 b4280 loss=5.748
[ft-mun] ep1 b4300 loss=6.294
[ft-mun] ep1 b4320 loss=4.863
[ft-mun] ep1 b4340 loss=5.944
[ft-mun] ep1 b4360 loss=5.699
[ft-mun] ep1 b4380 loss=5.288
[ft-mun] ep1 b4400 loss=4.766
[ft-mun] ep1 b4420 loss=5.801
[ft-mun] ep1 b4440 loss=5.563
[ft-mun] ep1 b4460 loss=5.038
[ft-mun] ep1 b4480 loss=5.300
[ft-mun] ep1 b4500 loss=5.145
[ft-mun] ep1 b4520 loss=5.946
[ft-mun] ep1 b4540 loss=5.212
[ft-mun] ep1 b4560 loss=4.924
[ft-mun] ep1 b4580 loss=4.436
[ft-mun] ep1 b4600 loss=4.951
[ft-mun] ep1 b4620 loss=4.516
[ft-mun] ep1 b4640 loss=5.800
[ft-mun] ep1 b4660 loss=5.408
[ft-mun] ep1 b4680 loss=4.666
[ft-mun] ep1 b4700 loss=5.882
[ft-mun] ep1 b4720 loss=5.059
[ft-mun] ep1 b4740 loss=5.298
[ft-mun] ep1 b4760 loss=5.533
[ft-mun] ep1 b4780 loss=5.069
[ft-mun] ep1 b4800 loss=5.583
[ft-mun] ep1 b4820 loss=5.239
[ft-mun] ep1 b4840 loss=5.452
[ft-mun] ep1 b4860 loss=6.218
[ft-mun] ep1 b4880 loss=4.935
[ft-mun] ep1 b4900 loss=5.044
[ft-mun] ep1 b4920 loss=5.234
[ft-mun] ep1 b4940 loss=5.744
[ft-mun] ep1 b4960 loss=5.477
[ft-mun] ep1 b4980 loss=5.156
[ft-mun] ep1 b5000 loss=4.259
[ft-mun] ep1 b5020 loss=5.427
[ft-mun] ep1 b5040 loss=4.881
[ft-mun] ep1 b5060 loss=5.022
[ft-mun] ep1 b5080 loss=5.129
[ft-mun] ep1 b5100 loss=4.742
[ft-mun] ep1 b5120 loss=4.883
[ft-mun] ep1 b5140 loss=5.180
[ft-mun] ep1 b5160 loss=5.030
[ft-mun] ep1 b5180 loss=5.681
[ft-mun] ep1 b5200 loss=4.888
[ft-mun] ep1 b5220 loss=4.635
[ft-mun] ep1 b5240 loss=6.270
[ft-mun] ep1 b5260 loss=5.135
[ft-mun] ep1 b5280 loss=6.308
[ft-mun] ep1 b5300 loss=5.779
[ft-mun] ep1 b5320 loss=5.123
[ft-mun] ep1 b5340 loss=4.252
[ft-mun] ep1 b5360 loss=4.722
[ft-mun] ep1 b5380 loss=4.584
[ft-mun] ep1 b5400 loss=5.814
[ft-mun] ep1 b5420 loss=5.811
[ft-mun] ep1 b5440 loss=4.744
[ft-mun] ep1 b5460 loss=4.396
[ft-mun] ep1 b5480 loss=5.414
[ft-mun] ep1 b5500 loss=4.700
[ft-mun] ep1 b5520 loss=5.095
[ft-mun] ep1 b5540 loss=4.915
[ft-mun] ep1 b5560 loss=4.691
[ft-mun] ep1 b5580 loss=5.211
[ft-mun] ep1 b5600 loss=5.636
[ft-mun] ep1 b5620 loss=4.539
[ft-mun] ep1 b5640 loss=4.892
[ft-mun] ep1 b5660 loss=5.347
[ft-mun] ep1 b5680 loss=5.074
[ft-mun] ep1 b5700 loss=5.306
[ft-mun] ep1 b5720 loss=5.530
[ft-mun] ep1 b5740 loss=5.196
[ft-mun] ep1 b5760 loss=4.705
[ft-mun] ep1 b5780 loss=5.151
[ft-mun] ep1 b5800 loss=5.209
[ft-mun] ep1 b5820 loss=5.480
[ft-mun] ep1 b5840 loss=5.709
[ft-mun] ep1 b5860 loss=4.891
[ft-mun] ep1 b5880 loss=4.913
[ft-mun] ep1 b5900 loss=4.409
[ft-mun] ep1 b5920 loss=4.734
[ft-mun] ep1 b5940 loss=5.964
[ft-mun] ep1 b5960 loss=5.014
[ft-mun] ep1 b5980 loss=6.428
[ft-mun] ep1 b6000 loss=4.847
[ft-mun] ep1 b6020 loss=5.002
[ft-mun] ep1 b6040 loss=4.877
[ft-mun] ep1 b6060 loss=5.053
[ft-mun] ep1 b6080 loss=6.249
[ft-mun] ep1 b6100 loss=5.284
[ft-mun] ep1 b6120 loss=5.071
[ft-mun] ep1 b6140 loss=5.003
[ft-mun] ep1 b6160 loss=4.472
[ft-mun] ep1 b6180 loss=4.980
[ft-mun] ep1 b6200 loss=6.049
[ft-mun] ep1 b6220 loss=4.859
[ft-mun] ep1 b6240 loss=6.487
[ft-mun] ep1 b6260 loss=5.041
[ft-mun] ep1 b6280 loss=5.089
[ft-mun] ep1 b6300 loss=4.501
[ft-mun] ep1 b6320 loss=5.291
[ft-mun] ep1 b6340 loss=4.995
[ft-mun] ep1 b6360 loss=5.099
[ft-mun] ep1 b6380 loss=4.472
[ft-mun] ep1 b6400 loss=5.539
[ft-mun] ep1 b6420 loss=4.653
[ft-mun] ep1 b6440 loss=5.367
[ft-mun] ep1 b6460 loss=4.852
[ft-mun] ep1 b6480 loss=4.743
[ft-mun] ep1 b6500 loss=5.480
[ft-mun] ep1 b6520 loss=5.749
[ft-mun] ep1 b6540 loss=5.817
[ft-mun] ep1 b6560 loss=5.035
[ft-mun] ep1 b6580 loss=6.283
[ft-mun] ep1 b6600 loss=5.023
[ft-mun] ep1 b6620 loss=4.499
[ft-mun] ep1 b6640 loss=6.400
[ft-mun] ep1 b6660 loss=5.296
[ft-mun] ep1 b6680 loss=4.812
[ft-mun] ep1 b6700 loss=4.607
[ft-mun] ep1 b6720 loss=5.436
[ft-mun] ep1 b6740 loss=5.340
[ft-mun] ep1 b6760 loss=5.653
[ft-mun] ep1 b6780 loss=4.500
[ft-mun] ep1 b6800 loss=4.776
[ft-mun] ep1 b6820 loss=5.503
[ft-mun] ep1 b6840 loss=4.524
[ft-mun] ep1 b6860 loss=5.596
[ft-mun] ep1 b6880 loss=5.408
[ft-mun] ep1 b6900 loss=5.630
[ft-mun] ep1 b6920 loss=5.525
[ft-mun] ep1 b6940 loss=5.090
[ft-mun] ep1 b6960 loss=5.840
[ft-mun] ep1 b6980 loss=5.094
[ft-mun] ep1 b7000 loss=5.647
[ft-mun] ep1 b7020 loss=5.001
[ft-mun] ep1 b7040 loss=5.234
[ft-mun] ep1 b7060 loss=4.940
[ft-mun] ep1 b7080 loss=4.504
[ft-mun] ep1 b7100 loss=4.766
[ft-mun] ep1 b7120 loss=5.501
[ft-mun] ep1 b7140 loss=5.476
[ft-mun] ep1 b7160 loss=4.605
[ft-mun] ep1 b7180 loss=5.261
[ft-mun] ep1 b7200 loss=5.131
[ft-mun] ep1 b7220 loss=6.167
[ft-mun] ep1 b7240 loss=4.771
[ft-mun] ep1 b7260 loss=4.811
[ft-mun] ep1 b7280 loss=4.779
[ft-mun] ep1 b7300 loss=5.105
[ft-mun] ep1 b7320 loss=4.934
[ft-mun] ep1 b7340 loss=5.611
[ft-mun] ep1 b7360 loss=5.194
[ft-mun] ep1 b7380 loss=5.182
[ft-mun] ep1 b7400 loss=5.985
[ft-mun] ep1 b7420 loss=5.821
[ft-mun] ep1 b7440 loss=5.014
[ft-mun] ep1 b7460 loss=6.132
[ft-mun] ep1 b7480 loss=5.090
[ft-mun] ep1 b7500 loss=4.577
[ft-mun] ep1 b7520 loss=5.236
[ft-mun] ep1 b7540 loss=4.790
[ft-mun] ep1 b7560 loss=5.280
[ft-mun] ep1 b7580 loss=4.356
[ft-mun] ep1 b7600 loss=5.704
[ft-mun] ep1 b7620 loss=5.806
[ft-mun] ep1 b7640 loss=5.354
[ft-mun] ep1 b7660 loss=5.132
[ft-mun] ep1 b7680 loss=5.842
[ft-mun] ep1 b7700 loss=5.615
[ft-mun] ep1 b7720 loss=5.554
[ft-mun] ep1 b7740 loss=4.920
[ft-mun] ep1 b7760 loss=4.505
[ft-mun] ep1 b7780 loss=6.275
[ft-mun] ep1 b7800 loss=4.644
[ft-mun] ep1 b7820 loss=4.305
[ft-mun] ep1 b7840 loss=5.565
[ft-mun] ep1 b7860 loss=5.684
[ft-mun] ep1 b7880 loss=4.199
[ft-mun] ep1 b7900 loss=5.084
[ft-mun] ep1 b7920 loss=5.255
[ft-mun] ep1 b7940 loss=4.808
[ft-mun] ep1 b7960 loss=5.124
[ft-mun] ep1 b7980 loss=5.414
[ft-mun] ep1 b8000 loss=4.275
[ft-mun] ep1 b8020 loss=5.323
[ft-mun] ep1 b8040 loss=4.925
[ft-mun] ep1 b8060 loss=4.918
[ft-mun] ep1 b8080 loss=5.199
[ft-mun] ep1 b8100 loss=4.506
[ft-mun] ep1 b8120 loss=3.775
[ft-mun] ep1 b8140 loss=4.877
[ft-mun] ep1 b8160 loss=4.714
[ft-mun] ep1 b8180 loss=5.588
[ft-mun] ep1 b8200 loss=4.681
[ft-mun] ep1 b8220 loss=4.723
[ft-mun] ep1 b8240 loss=4.263
[ft-mun] ep1 b8260 loss=5.183
[ft-mun] ep1 b8280 loss=4.685
[ft-mun] ep1 b8300 loss=5.617
[ft-mun] ep1 b8320 loss=5.619
[ft-mun] ep1 b8340 loss=5.103
[ft-mun] ep1 b8360 loss=4.741
[ft-mun] ep1 b8380 loss=5.099
[ft-mun] ep1 b8400 loss=5.409
[ft-mun] ep1 b8420 loss=5.136
[ft-mun] ep1 b8440 loss=5.004
[ft-mun] ep1 b8460 loss=5.372
[ft-mun] ep1 b8480 loss=4.533
[ft-mun] ep1 b8500 loss=5.428
[ft-mun] ep1 b8520 loss=5.233
[ft-mun] ep1 b8540 loss=4.678
[ft-mun] ep1 b8560 loss=6.102
[ft-mun] ep1 b8580 loss=5.262
[ft-mun] ep1 b8600 loss=5.005
[ft-mun] ep1 b8620 loss=5.477
[ft-mun] ep1 b8640 loss=4.536
[ft-mun] ep1 b8660 loss=5.091
[ft-mun] ep1 b8680 loss=4.403
[ft-mun] ep1 b8700 loss=5.215
[ft-mun] ep1 b8720 loss=4.874
[ft-mun] ep1 b8740 loss=5.028
[ft-mun] ep1 b8760 loss=4.114
[ft-mun] ep1 b8780 loss=5.124
[ft-mun] ep1 b8800 loss=4.512
[ft-mun] ep1 b8820 loss=4.658
[ft-mun] ep1 b8840 loss=4.353
[ft-mun] ep1 b8860 loss=4.798
[ft-mun] ep1 b8880 loss=4.335
[ft-mun] ep1 b8900 loss=5.924
[ft-mun] ep1 b8920 loss=4.918
[ft-mun] ep1 b8940 loss=5.118
[ft-mun] ep1 b8960 loss=5.603
[ft-mun] ep1 b8980 loss=5.117
[ft-mun] ep1 b9000 loss=4.927
[ft-mun] ep1 b9020 loss=4.592
[ft-mun] ep1 b9040 loss=4.747
[ft-mun] ep1 b9060 loss=4.701
[ft-mun] ep1 b9080 loss=5.445
[ft-mun] ep1 b9100 loss=5.664
[ft-mun] ep1 b9120 loss=5.288
[ft-mun] ep1 b9140 loss=4.797
[ft-mun] ep1 b9160 loss=4.886
[ft-mun] ep1 b9180 loss=5.359
[ft-mun] ep1 b9200 loss=5.643
[ft-mun] ep1 b9220 loss=5.594
[ft-mun] ep1 b9240 loss=6.525
[ft-mun] ep1 b9260 loss=4.824
[ft-mun] ep1 b9280 loss=5.183
[ft-mun] ep1 b9300 loss=4.791
[ft-mun] ep1 b9320 loss=4.428
[ft-mun] ep1 b9340 loss=5.366
[ft-mun] ep1 b9360 loss=5.174
[ft-mun] ep1 b9380 loss=5.957
[ft-mun] ep1 b9400 loss=5.750
[ft-mun] ep1 b9420 loss=4.661
[ft-mun] ep1 b9440 loss=5.706
[ft-mun] ep1 b9460 loss=5.813
[ft-mun] ep1 b9480 loss=4.105
[ft-mun] ep1 b9500 loss=5.456
[ft-mun] ep1 b9520 loss=5.234
[ft-mun] ep1 b9540 loss=5.187
[ft-mun] ep1 b9560 loss=5.058
[ft-mun] ep1 b9580 loss=5.434
[ft-mun] ep1 b9600 loss=5.624
[ft-mun] ep1 b9620 loss=5.375
[ft-mun] ep1 b9640 loss=4.434
[ft-mun] ep1 b9660 loss=5.092
[ft-mun] ep1 b9680 loss=5.574
[ft-mun] ep1 b9700 loss=4.896
[ft-mun] ep1 b9720 loss=4.958
[ft-mun] ep1 b9740 loss=5.213
[ft-mun] ep1 b9760 loss=4.516
[ft-mun] ep1 b9780 loss=5.547
[ft-mun] ep1 b9800 loss=4.487
[ft-mun] ep1 b9820 loss=5.219
[ft-mun] ep1 b9840 loss=4.601
[ft-mun] ep1 b9860 loss=5.062
[ft-mun] ep1 b9880 loss=4.447
[ft-mun] ep1 b9900 loss=5.344
[ft-mun] ep1 b9920 loss=5.152
[ft-mun] ep1 b9940 loss=4.480
[ft-mun] ep1 b9960 loss=5.176
[ft-mun] ep1 b9980 loss=5.164
[ft-mun] ep1 b10000 loss=4.887
[ft-mun] ep1 b10020 loss=5.016
[ft-mun] ep1 b10040 loss=4.720
[ft-mun] ep1 b10060 loss=5.618
[ft-mun] ep1 b10080 loss=4.306
[ft-mun] ep1 b10100 loss=4.846
[ft-mun] ep1 b10120 loss=5.320
[ft-mun] ep1 b10140 loss=4.987
[ft-mun] ep1 b10160 loss=4.396
[ft-mun] ep1 b10180 loss=4.886
[ft-mun] ep1 b10200 loss=5.525
[ft-mun] ep1 b10220 loss=4.698
[ft-mun] ep1 b10240 loss=4.738
[ft-mun] ep1 b10260 loss=4.589
[ft-mun] ep1 b10280 loss=4.103
[ft-mun] ep1 b10300 loss=4.168
[ft-mun] ep1 b10320 loss=5.296
[ft-mun] ep1 b10340 loss=4.906
[ft-mun] ep1 b10360 loss=5.319
[ft-mun] ep1 b10380 loss=5.226
[ft-mun] ep1 b10400 loss=5.908
[ft-mun] ep1 b10420 loss=4.691
[ft-mun] ep1 b10440 loss=4.615
[ft-mun] ep1 b10460 loss=5.057
[ft-mun] ep1 b10480 loss=4.746
[ft-mun] ep1 b10500 loss=4.525
[ft-mun] ep1 b10520 loss=5.111
[ft-mun] ep1 b10540 loss=3.952
[ft-mun] ep1 b10560 loss=5.711
[ft-mun] ep1 b10580 loss=5.829
[ft-mun] ep1 b10600 loss=5.054
[ft-mun] ep1 b10620 loss=4.295
[ft-mun] ep1 b10640 loss=5.314
[ft-mun] ep1 b10660 loss=4.595
[ft-mun] ep1 b10680 loss=4.702
[ft-mun] ep1 b10700 loss=5.733
[ft-mun] ep1 b10720 loss=5.231
[ft-mun] ep1 b10740 loss=4.946
[ft-mun] ep1 b10760 loss=4.972
[ft-mun] ep1 b10780 loss=4.761
[ft-mun] ep1 b10800 loss=5.686
[ft-mun] ep1 b10820 loss=4.770
[ft-mun] ep1 b10840 loss=5.388
[ft-mun] ep1 b10860 loss=4.851
[ft-mun] ep1 b10880 loss=4.595
[ft-mun] ep1 b10900 loss=5.129
[ft-mun] ep1 b10920 loss=4.270
[ft-mun] ep1 b10940 loss=5.311
[ft-mun] ep1 b10960 loss=4.638
[ft-mun] ep1 b10980 loss=5.468
[ft-mun] ep1 b11000 loss=5.293
[ft-mun] ep1 b11020 loss=4.375
[ft-mun] ep1 b11040 loss=4.561
[ft-mun] ep1 b11060 loss=5.218
[ft-mun] ep1 b11080 loss=4.450
[ft-mun] ep1 b11100 loss=4.517
[ft-mun] ep1 b11120 loss=5.501
[ft-mun] ep1 b11140 loss=5.293
[ft-mun] ep1 b11160 loss=4.711
[ft-mun] ep1 b11180 loss=4.964
[ft-mun] ep1 b11200 loss=4.776
[ft-mun] ep1 b11220 loss=4.359
[ft-mun] ep1 b11240 loss=4.392
[ft-mun] ep1 b11260 loss=6.041
[ft-mun] ep1 b11280 loss=5.347
[ft-mun] ep1 b11300 loss=5.246
[ft-mun] ep1 b11320 loss=5.698
[ft-mun] ep1 b11340 loss=4.968
[ft-mun] ep1 b11360 loss=5.015
[ft-mun] ep1 b11380 loss=4.603
[ft-mun] ep1 b11400 loss=5.106
[ft-mun] ep1 b11420 loss=4.215
[ft-mun] ep1 b11440 loss=3.893
[ft-mun] ep1 b11460 loss=6.063
[ft-mun] ep1 b11480 loss=4.474
[ft-mun] ep1 b11500 loss=4.786
[ft-mun] ep1 b11520 loss=5.661
[ft-mun] ep1 b11540 loss=5.180
[ft-mun] ep1 b11560 loss=5.940
[ft-mun] ep1 b11580 loss=4.978
[ft-mun] ep1 b11600 loss=4.529
[ft-mun] ep1 b11620 loss=4.909
[ft-mun] ep1 b11640 loss=5.274
[ft-mun] ep1 b11660 loss=4.733
[ft-mun] ep1 b11680 loss=4.841
[ft-mun] ep1 b11700 loss=4.816
[ft-mun] ep1 b11720 loss=3.873
[ft-mun] ep1 b11740 loss=5.190
[ft-mun] ep1 b11760 loss=5.121
[ft-mun] ep1 b11780 loss=5.482
[ft-mun] ep1 b11800 loss=5.391
[ft-mun] ep1 b11820 loss=4.581
[ft-mun] ep1 b11840 loss=5.900
[ft-mun] ep1 b11860 loss=5.039
[ft-mun] ep1 b11880 loss=4.858
[ft-mun] ep1 b11900 loss=5.056
[ft-mun] ep1 b11920 loss=4.902
[ft-mun] ep1 b11940 loss=4.528
[ft-mun] ep1 b11960 loss=5.142
[ft-mun] ep1 b11980 loss=4.504
[ft-mun] ep1 b12000 loss=4.796
[ft-mun] ep1 b12020 loss=4.107
[ft-mun] ep1 b12040 loss=4.889
[ft-mun] ep1 b12060 loss=5.753
[ft-mun] ep1 b12080 loss=5.340
[ft-mun] ep1 b12100 loss=4.471
[ft-mun] ep1 b12120 loss=5.059
[ft-mun] ep1 b12140 loss=4.903
[ft-mun] ep1 b12160 loss=4.237
[ft-mun] ep1 b12180 loss=6.730
[ft-mun] ep1 b12200 loss=4.500
[ft-mun] ep1 b12220 loss=4.475
[ft-mun] ep1 b12240 loss=5.606
[ft-mun] ep1 b12260 loss=5.654
[ft-mun] ep1 b12280 loss=4.175
[ft-mun] ep1 b12300 loss=4.481
[ft-mun] ep1 b12320 loss=5.476
[ft-mun] ep1 b12340 loss=4.794
[ft-mun] ep1 b12360 loss=5.893
[ft-mun] ep1 b12380 loss=3.893
[ft-mun] ep1 b12400 loss=4.840
[ft-mun] ep1 b12420 loss=4.173
[ft-mun] ep1 b12440 loss=6.163
[ft-mun] ep1 b12460 loss=4.380
[ft-mun] ep1 b12480 loss=3.865
[ft-mun] ep1 b12500 loss=5.394
[ft-mun] ep1 b12520 loss=4.470
[ft-mun] ep1 b12540 loss=5.060
[ft-mun] ep1 b12560 loss=5.595
[ft-mun] ep1 b12580 loss=5.034
[ft-mun] ep1 b12600 loss=4.045
[ft-mun] ep1 b12620 loss=5.131
[ft-mun] ep1 b12640 loss=5.689
[ft-mun] ep1 b12660 loss=4.782
[ft-mun] ep1 b12680 loss=5.192
[ft-mun] ep1 b12700 loss=5.329
[ft-mun] ep1 b12720 loss=5.064
[ft-mun] ep1 b12740 loss=4.456
[ft-mun] ep1 b12760 loss=5.220
[ft-mun] ep1 b12780 loss=5.902
[ft-mun] ep1 b12800 loss=5.768
[ft-mun] ep1 b12820 loss=4.903
[ft-mun] ep1 b12840 loss=4.319
[ft-mun] ep1 b12860 loss=4.784
[ft-mun] ep1 b12880 loss=5.707
[ft-mun] ep1 b12900 loss=5.619
[ft-mun] ep1 b12920 loss=4.780
[ft-mun] ep1 b12940 loss=5.883
[ft-mun] ep1 b12960 loss=5.994
[ft-mun] ep1 b12980 loss=5.094
[ft-mun] ep1 b13000 loss=4.824
[ft-mun] ep1 b13020 loss=5.179
[ft-mun] ep1 b13040 loss=5.406
[ft-mun] ep1 b13060 loss=5.447
[ft-mun] ep1 b13080 loss=5.272
[ft-mun] ep1 b13100 loss=5.297
[ft-mun] ep1 b13120 loss=4.209
[ft-mun] ep1 b13140 loss=5.669
[ft-mun] ep1 b13160 loss=5.840
[ft-mun] ep1 b13180 loss=5.363
[ft-mun] ep1 b13200 loss=5.088
[ft-mun] ep1 b13220 loss=4.906
[ft-mun] ep1 b13240 loss=5.330
[ft-mun] ep1 b13260 loss=4.626
[ft-mun] ep1 b13280 loss=5.085
[ft-mun] ep1 b13300 loss=6.044
[ft-mun] ep1 b13320 loss=4.830
[ft-mun] ep1 b13340 loss=5.585
[ft-mun] ep1 b13360 loss=4.485
[ft-mun] ep1 b13380 loss=5.109
[ft-mun] ep1 b13400 loss=4.775
[ft-mun] ep1 b13420 loss=5.589
[ft-mun] ep1 b13440 loss=5.329
[ft-mun] ep1 b13460 loss=4.966
[ft-mun] ep1 b13480 loss=5.921
[ft-mun] ep1 b13500 loss=4.905
[ft-mun] ep1 b13520 loss=5.278
[ft-mun] ep1 b13540 loss=4.901
[ft-mun] ep1 b13560 loss=5.031
[ft-mun] ep1 b13580 loss=4.494
[ft-mun] ep1 b13600 loss=4.745
[ft-mun] ep1 b13620 loss=4.589
[ft-mun] ep1 b13640 loss=5.036
[ft-mun] ep1 b13660 loss=5.098
[ft-mun] ep1 b13680 loss=4.909
[ft-mun] ep1 b13700 loss=4.271
[ft-mun] ep1 b13720 loss=4.846
[ft-mun] ep1 b13740 loss=4.811
[ft-mun] ep1 b13760 loss=4.197
[ft-mun] ep1 b13780 loss=5.771
[ft-mun] ep1 b13800 loss=5.097
[ft-mun] ep1 b13820 loss=5.169
[ft-mun] ep1 b13840 loss=5.415
[ft-mun] ep1 b13860 loss=4.018
[ft-mun] ep1 b13880 loss=5.085
[ft-mun] ep1 b13900 loss=4.622
[ft-mun] ep1 b13920 loss=4.582
[ft-mun] ep1 b13940 loss=4.242
[ft-mun] ep1 b13960 loss=5.109
[ft-mun] ep1 b13980 loss=5.335
[ft-mun] ep1 b14000 loss=5.055
[ft-mun] ep1 b14020 loss=5.274
[ft-mun] ep1 b14040 loss=4.673
[ft-mun] ep1 b14060 loss=5.829
[ft-mun] ep1 b14080 loss=4.774
[ft-mun] ep1 b14100 loss=4.867
[ft-mun] ep1 b14120 loss=4.855
[ft-mun] ep1 b14140 loss=4.747
[ft-mun] ep1 b14160 loss=5.217
[ft-mun] ep1 b14180 loss=4.771
[ft-mun] ep1 b14200 loss=4.028
[ft-mun] ep1 b14220 loss=5.963
[ft-mun] ep1 b14240 loss=5.044
[ft-mun] ep1 b14260 loss=4.264
[ft-mun] ep1 b14280 loss=5.337
[ft-mun] ep1 b14300 loss=5.308
[ft-mun] ep1 b14320 loss=5.608
[ft-mun] ep1 b14340 loss=6.085
[ft-mun] ep1 b14360 loss=5.447
[ft-mun] ep1 b14380 loss=4.346
[ft-mun] ep1 b14400 loss=4.598
[ft-mun] ep1 b14420 loss=5.306
[ft-mun] ep1 b14440 loss=4.884
[ft-mun] ep1 b14460 loss=4.413
[ft-mun] ep1 b14480 loss=6.530
[ft-mun] ep1 b14500 loss=5.118
[ft-mun] ep1 b14520 loss=4.158
[ft-mun] ep1 b14540 loss=5.666
[ft-mun] ep1 b14560 loss=4.267
[ft-mun] ep1 b14580 loss=5.288
[ft-mun] ep1 b14600 loss=5.040
[ft-mun] ep1 b14620 loss=4.746
[ft-mun] ep1 b14640 loss=4.480
[ft-mun] ep1 b14660 loss=5.304
[ft-mun] ep1 b14680 loss=4.534
[ft-mun] ep1 b14700 loss=4.759
[ft-mun] ep1 b14720 loss=5.773
[ft-mun] ep1 b14740 loss=5.033
[ft-mun] ep1 b14760 loss=4.509
[ft-mun] ep1 b14780 loss=4.426
[ft-mun] ep1 b14800 loss=4.918
[ft-mun] ep1 b14820 loss=6.168
[ft-mun] ep1 b14840 loss=4.742
[ft-mun] ep1 b14860 loss=4.855
[ft-mun] ep1 b14880 loss=5.713
[ft-mun] ep1 b14900 loss=4.330
[ft-mun] ep1 b14920 loss=5.100
[ft-mun] ep1 b14940 loss=4.697
[ft-mun] ep1 b14960 loss=4.842
[ft-mun] ep1 b14980 loss=5.598
[ft-mun] ep1 b15000 loss=4.459
[ft-mun] ep1 b15020 loss=4.888
[ft-mun] ep1 b15040 loss=5.010
[ft-mun] ep1 b15060 loss=4.519
[ft-mun] ep1 b15080 loss=4.210
[ft-mun] ep1 b15100 loss=4.873
[ft-mun] ep1 b15120 loss=4.213
[ft-mun] ep1 b15140 loss=4.434
[ft-mun] ep1 b15160 loss=5.491
[ft-mun] ep1 b15180 loss=5.520
[ft-mun] ep1 b15200 loss=5.355
[ft-mun] ep1 b15220 loss=4.748
[ft-mun] ep1 b15240 loss=5.444
[ft-mun] ep1 b15260 loss=4.941
[ft-mun] ep1 b15280 loss=3.803
[ft-mun] ep1 b15300 loss=5.248
[ft-mun] ep1 b15320 loss=4.871
[ft-mun] ep1 b15340 loss=4.875
[ft-mun] ep1 b15360 loss=5.031
[ft-mun] ep1 b15380 loss=5.787
[ft-mun] ep1 b15400 loss=5.500
[ft-mun] ep1 b15420 loss=4.996
[ft-mun] ep1 b15440 loss=4.371
[ft-mun] ep1 b15460 loss=6.027
[ft-mun] ep1 b15480 loss=5.023
[ft-mun] ep1 b15500 loss=4.750
[ft-mun] ep1 b15520 loss=4.605
[ft-mun] ep1 b15540 loss=4.680
[ft-mun] ep1 b15560 loss=5.394
[ft-mun] ep1 b15580 loss=5.420
[ft-mun] ep1 b15600 loss=4.351
[ft-mun] ep1 b15620 loss=5.578
[ft-mun] ep1 b15640 loss=4.761
[ft-mun] ep1 b15660 loss=4.718
[ft-mun] ep1 b15680 loss=4.816
[ft-mun] ep1 b15700 loss=4.183
[ft-mun] ep1 b15720 loss=4.212
[ft-mun] ep1 b15740 loss=4.724
[ft-mun] ep1 b15760 loss=5.417
[ft-mun] ep1 b15780 loss=3.786
[ft-mun] ep1 b15800 loss=4.900
[ft-mun] ep1 b15820 loss=5.175
[ft-mun] ep1 b15840 loss=5.655
[ft-mun] ep1 b15860 loss=5.257
[ft-mun] ep1 b15880 loss=5.036
[ft-mun] ep1 b15900 loss=4.875
[ft-mun] ep1 b15920 loss=4.870
[ft-mun] ep1 b15940 loss=4.636
[ft-mun] ep1 b15960 loss=5.239
[ft-mun] ep1 b15980 loss=5.763
[ft-mun] ep1 b16000 loss=5.142
[ft-mun] ep1 b16020 loss=4.588
[ft-mun] ep1 b16040 loss=4.427
[ft-mun] ep1 b16060 loss=5.328
[ft-mun] ep1 b16080 loss=4.723
[ft-mun] ep1 b16100 loss=5.999
[ft-mun] ep1 b16120 loss=4.311
[ft-mun] ep1 b16140 loss=5.533
[ft-mun] ep1 b16160 loss=4.493
[ft-mun] ep1 b16180 loss=5.103
[ft-mun] ep1 b16200 loss=4.731
[ft-mun] ep1 b16220 loss=5.239
[ft-mun] ep1 b16240 loss=5.108
[ft-mun] ep1 b16260 loss=4.689
[ft-mun] ep1 b16280 loss=4.910
[ft-mun] ep1 b16300 loss=4.391
[ft-mun] ep1 b16320 loss=5.200
[ft-mun] ep1 b16340 loss=5.409
[ft-mun] ep1 b16360 loss=4.194
[ft-mun] ep1 b16380 loss=4.735
[ft-mun] ep1 b16400 loss=3.978
[ft-mun] ep1 b16420 loss=4.749
[ft-mun] ep1 b16440 loss=4.645
[ft-mun] ep1 b16460 loss=5.490
[ft-mun] ep1 b16480 loss=5.138
[ft-mun] ep1 b16500 loss=4.253
[ft-mun] ep1 b16520 loss=4.961
[ft-mun] ep1 b16540 loss=4.661
[ft-mun] ep1 b16560 loss=5.181
[ft-mun] ep1 b16580 loss=4.372
[ft-mun] ep1 b16600 loss=4.877
[ft-mun] ep1 b16620 loss=5.238
[ft-mun] ep1 b16640 loss=4.659
[ft-mun] ep1 b16660 loss=4.851
[ft-mun] ep1 b16680 loss=5.455
[ft-mun] ep1 b16700 loss=5.152
[ft-mun] ep1 b16720 loss=5.282
[ft-mun] ep1 b16740 loss=4.491
[ft-mun] ep1 b16760 loss=5.435
[ft-mun] ep1 b16780 loss=4.969
[ft-mun] ep1 b16800 loss=5.004
[ft-mun] ep1 b16820 loss=5.698
[ft-mun] ep1 b16840 loss=5.093
[ft-mun] ep1 b16860 loss=4.429
[ft-mun] ep1 b16880 loss=5.498
[ft-mun] ep1 b16900 loss=5.818
[ft-mun] ep1 b16920 loss=5.097
[ft-mun] ep1 b16940 loss=5.130
/home/clutch/Desktop/Vachak/ml/translation/scripts/finetune_mundari.py:146: FutureWarning: `torch.cuda.amp.autocast(args...)` is deprecated. Please use `torch.amp.autocast('cuda', args...)` instead.
  with torch.cuda.amp.autocast(dtype=torch.float16):
[ft-mun] ep1 train_loss=5.292 dev_loss=4.880
[ft-mun] ep2 b0 loss=4.666
[ft-mun] ep2 b20 loss=5.188
[ft-mun] ep2 b40 loss=5.039
[ft-mun] ep2 b60 loss=4.683
[ft-mun] ep2 b80 loss=6.404
[ft-mun] ep2 b100 loss=4.105
[ft-mun] ep2 b120 loss=5.351
[ft-mun] ep2 b140 loss=4.515
[ft-mun] ep2 b160 loss=4.307
[ft-mun] ep2 b180 loss=5.354
[ft-mun] ep2 b200 loss=5.166
[ft-mun] ep2 b220 loss=4.740
[ft-mun] ep2 b240 loss=5.413
[ft-mun] ep2 b260 loss=5.108
[ft-mun] ep2 b280 loss=5.683
[ft-mun] ep2 b300 loss=5.602
[ft-mun] ep2 b320 loss=4.616
[ft-mun] ep2 b340 loss=4.713
[ft-mun] ep2 b360 loss=4.598
[ft-mun] ep2 b380 loss=5.571
[ft-mun] ep2 b400 loss=4.589
[ft-mun] ep2 b420 loss=5.859
[ft-mun] ep2 b440 loss=4.476
[ft-mun] ep2 b460 loss=4.472
[ft-mun] ep2 b480 loss=4.818
[ft-mun] ep2 b500 loss=4.933
[ft-mun] ep2 b520 loss=5.167
[ft-mun] ep2 b540 loss=4.201
[ft-mun] ep2 b560 loss=5.272
[ft-mun] ep2 b580 loss=4.960
[ft-mun] ep2 b600 loss=5.179
[ft-mun] ep2 b620 loss=3.802
[ft-mun] ep2 b640 loss=5.793
[ft-mun] ep2 b660 loss=6.101
[ft-mun] ep2 b680 loss=4.934
[ft-mun] ep2 b700 loss=4.982
[ft-mun] ep2 b720 loss=4.244
[ft-mun] ep2 b740 loss=5.179
[ft-mun] ep2 b760 loss=4.230
[ft-mun] ep2 b780 loss=5.276
[ft-mun] ep2 b800 loss=4.781
[ft-mun] ep2 b820 loss=4.263
[ft-mun] ep2 b840 loss=4.253
[ft-mun] ep2 b860 loss=5.337
[ft-mun] ep2 b880 loss=4.825
[ft-mun] ep2 b900 loss=4.953
[ft-mun] ep2 b920 loss=4.935
[ft-mun] ep2 b940 loss=5.101
[ft-mun] ep2 b960 loss=6.003
[ft-mun] ep2 b980 loss=4.724
[ft-mun] ep2 b1000 loss=4.678
[ft-mun] ep2 b1020 loss=4.411
[ft-mun] ep2 b1040 loss=4.715
[ft-mun] ep2 b1060 loss=5.148
[ft-mun] ep2 b1080 loss=4.796
[ft-mun] ep2 b1100 loss=4.783
[ft-mun] ep2 b1120 loss=4.651
[ft-mun] ep2 b1140 loss=5.449
[ft-mun] ep2 b1160 loss=4.079
[ft-mun] ep2 b1180 loss=4.443
[ft-mun] ep2 b1200 loss=4.512
[ft-mun] ep2 b1220 loss=5.728
[ft-mun] ep2 b1240 loss=4.756
[ft-mun] ep2 b1260 loss=5.335
[ft-mun] ep2 b1280 loss=4.618
[ft-mun] ep2 b1300 loss=4.351
[ft-mun] ep2 b1320 loss=6.197
[ft-mun] ep2 b1340 loss=4.774
[ft-mun] ep2 b1360 loss=4.701
[ft-mun] ep2 b1380 loss=4.569
[ft-mun] ep2 b1400 loss=5.667
[ft-mun] ep2 b1420 loss=5.310
[ft-mun] ep2 b1440 loss=5.044
[ft-mun] ep2 b1460 loss=5.308
[ft-mun] ep2 b1480 loss=4.335
[ft-mun] ep2 b1500 loss=4.984
[ft-mun] ep2 b1520 loss=3.894
[ft-mun] ep2 b1540 loss=4.597
[ft-mun] ep2 b1560 loss=4.547
[ft-mun] ep2 b1580 loss=5.614
[ft-mun] ep2 b1600 loss=5.393
[ft-mun] ep2 b1620 loss=4.325
[ft-mun] ep2 b1640 loss=5.208
[ft-mun] ep2 b1660 loss=4.763
[ft-mun] ep2 b1680 loss=4.807
[ft-mun] ep2 b1700 loss=5.602
[ft-mun] ep2 b1720 loss=4.829
[ft-mun] ep2 b1740 loss=4.692
[ft-mun] ep2 b1760 loss=4.764
[ft-mun] ep2 b1780 loss=4.830
[ft-mun] ep2 b1800 loss=5.869
[ft-mun] ep2 b1820 loss=5.100
[ft-mun] ep2 b1840 loss=5.945
[ft-mun] ep2 b1860 loss=4.514
[ft-mun] ep2 b1880 loss=5.006
[ft-mun] ep2 b1900 loss=4.888
[ft-mun] ep2 b1920 loss=5.142
[ft-mun] ep2 b1940 loss=4.352
[ft-mun] ep2 b1960 loss=4.458
[ft-mun] ep2 b1980 loss=4.525
[ft-mun] ep2 b2000 loss=4.578
[ft-mun] ep2 b2020 loss=5.208
[ft-mun] ep2 b2040 loss=4.856
[ft-mun] ep2 b2060 loss=4.350
[ft-mun] ep2 b2080 loss=5.260
[ft-mun] ep2 b2100 loss=5.998
[ft-mun] ep2 b2120 loss=4.951
[ft-mun] ep2 b2140 loss=4.185
[ft-mun] ep2 b2160 loss=4.773
[ft-mun] ep2 b2180 loss=4.740
[ft-mun] ep2 b2200 loss=4.882
[ft-mun] ep2 b2220 loss=5.302
[ft-mun] ep2 b2240 loss=5.386
[ft-mun] ep2 b2260 loss=5.291
[ft-mun] ep2 b2280 loss=5.404
[ft-mun] ep2 b2300 loss=4.216
[ft-mun] ep2 b2320 loss=4.959
[ft-mun] ep2 b2340 loss=4.877
[ft-mun] ep2 b2360 loss=4.416
[ft-mun] ep2 b2380 loss=4.146
[ft-mun] ep2 b2400 loss=4.714
[ft-mun] ep2 b2420 loss=5.095
[ft-mun] ep2 b2440 loss=4.375
[ft-mun] ep2 b2460 loss=6.085
[ft-mun] ep2 b2480 loss=5.394
[ft-mun] ep2 b2500 loss=5.069
[ft-mun] ep2 b2520 loss=5.462
[ft-mun] ep2 b2540 loss=4.670
[ft-mun] ep2 b2560 loss=4.437
[ft-mun] ep2 b2580 loss=4.936
[ft-mun] ep2 b2600 loss=4.418
[ft-mun] ep2 b2620 loss=4.946
[ft-mun] ep2 b2640 loss=4.622
[ft-mun] ep2 b2660 loss=5.067
[ft-mun] ep2 b2680 loss=5.199
[ft-mun] ep2 b2700 loss=4.787
[ft-mun] ep2 b2720 loss=5.934
[ft-mun] ep2 b2740 loss=5.086
[ft-mun] ep2 b2760 loss=5.150
[ft-mun] ep2 b2780 loss=4.647
[ft-mun] ep2 b2800 loss=5.037
[ft-mun] ep2 b2820 loss=4.261
[ft-mun] ep2 b2840 loss=4.020
[ft-mun] ep2 b2860 loss=5.362
[ft-mun] ep2 b2880 loss=4.721
[ft-mun] ep2 b2900 loss=5.733
[ft-mun] ep2 b2920 loss=4.266
[ft-mun] ep2 b2940 loss=4.807
[ft-mun] ep2 b2960 loss=4.827
[ft-mun] ep2 b2980 loss=4.121
[ft-mun] ep2 b3000 loss=4.360
[ft-mun] ep2 b3020 loss=4.440
[ft-mun] ep2 b3040 loss=4.324
[ft-mun] ep2 b3060 loss=4.999
[ft-mun] ep2 b3080 loss=4.879
[ft-mun] ep2 b3100 loss=5.256
[ft-mun] ep2 b3120 loss=5.783
[ft-mun] ep2 b3140 loss=4.698
[ft-mun] ep2 b3160 loss=6.141
[ft-mun] ep2 b3180 loss=5.861
[ft-mun] ep2 b3200 loss=5.694
[ft-mun] ep2 b3220 loss=5.074
[ft-mun] ep2 b3240 loss=4.337
[ft-mun] ep2 b3260 loss=5.258
[ft-mun] ep2 b3280 loss=4.692
[ft-mun] ep2 b3300 loss=5.033
[ft-mun] ep2 b3320 loss=5.341
[ft-mun] ep2 b3340 loss=5.159
[ft-mun] ep2 b3360 loss=6.025
[ft-mun] ep2 b3380 loss=4.366
[ft-mun] ep2 b3400 loss=4.506
[ft-mun] ep2 b3420 loss=5.137
[ft-mun] ep2 b3440 loss=5.021
[ft-mun] ep2 b3460 loss=3.841
[ft-mun] ep2 b3480 loss=4.135
[ft-mun] ep2 b3500 loss=4.448
[ft-mun] ep2 b3520 loss=3.801
[ft-mun] ep2 b3540 loss=5.184
[ft-mun] ep2 b3560 loss=5.024
[ft-mun] ep2 b3580 loss=4.763
[ft-mun] ep2 b3600 loss=5.325
[ft-mun] ep2 b3620 loss=5.097
[ft-mun] ep2 b3640 loss=4.878
[ft-mun] ep2 b3660 loss=4.860
[ft-mun] ep2 b3680 loss=5.160
[ft-mun] ep2 b3700 loss=4.211
[ft-mun] ep2 b3720 loss=5.814
[ft-mun] ep2 b3740 loss=4.554
[ft-mun] ep2 b3760 loss=4.536
[ft-mun] ep2 b3780 loss=5.270
[ft-mun] ep2 b3800 loss=5.679
[ft-mun] ep2 b3820 loss=6.615
[ft-mun] ep2 b3840 loss=4.989
[ft-mun] ep2 b3860 loss=5.304
[ft-mun] ep2 b3880 loss=4.409
[ft-mun] ep2 b3900 loss=5.170
[ft-mun] ep2 b3920 loss=4.939
[ft-mun] ep2 b3940 loss=4.356
[ft-mun] ep2 b3960 loss=3.730
[ft-mun] ep2 b3980 loss=4.310
[ft-mun] ep2 b4000 loss=4.193
[ft-mun] ep2 b4020 loss=4.394
[ft-mun] ep2 b4040 loss=4.113
[ft-mun] ep2 b4060 loss=5.604
[ft-mun] ep2 b4080 loss=4.655
[ft-mun] ep2 b4100 loss=5.320
[ft-mun] ep2 b4120 loss=4.318
[ft-mun] ep2 b4140 loss=4.623
[ft-mun] ep2 b4160 loss=4.594
[ft-mun] ep2 b4180 loss=4.530
[ft-mun] ep2 b4200 loss=4.414
[ft-mun] ep2 b4220 loss=4.000
[ft-mun] ep2 b4240 loss=4.987
[ft-mun] ep2 b4260 loss=4.410
[ft-mun] ep2 b4280 loss=5.224
[ft-mun] ep2 b4300 loss=4.705
[ft-mun] ep2 b4320 loss=3.891
[ft-mun] ep2 b4340 loss=4.864
[ft-mun] ep2 b4360 loss=4.762
[ft-mun] ep2 b4380 loss=5.639
[ft-mun] ep2 b4400 loss=4.438
[ft-mun] ep2 b4420 loss=5.345
[ft-mun] ep2 b4440 loss=4.570
[ft-mun] ep2 b4460 loss=4.752
[ft-mun] ep2 b4480 loss=5.367
[ft-mun] ep2 b4500 loss=5.211
[ft-mun] ep2 b4520 loss=3.959
[ft-mun] ep2 b4540 loss=5.552
[ft-mun] ep2 b4560 loss=5.139
[ft-mun] ep2 b4580 loss=5.200
[ft-mun] ep2 b4600 loss=5.000
[ft-mun] ep2 b4620 loss=5.448
[ft-mun] ep2 b4640 loss=4.827
[ft-mun] ep2 b4660 loss=4.810
[ft-mun] ep2 b4680 loss=4.568
[ft-mun] ep2 b4700 loss=3.823
[ft-mun] ep2 b4720 loss=4.105
[ft-mun] ep2 b4740 loss=5.195
[ft-mun] ep2 b4760 loss=5.169
[ft-mun] ep2 b4780 loss=5.127
[ft-mun] ep2 b4800 loss=3.921
[ft-mun] ep2 b4820 loss=5.345
[ft-mun] ep2 b4840 loss=5.217
[ft-mun] ep2 b4860 loss=3.981
[ft-mun] ep2 b4880 loss=5.457
[ft-mun] ep2 b4900 loss=4.941
[ft-mun] ep2 b4920 loss=4.725
[ft-mun] ep2 b4940 loss=4.726
[ft-mun] ep2 b4960 loss=5.676
[ft-mun] ep2 b4980 loss=4.199
[ft-mun] ep2 b5000 loss=5.456
[ft-mun] ep2 b5020 loss=4.599
[ft-mun] ep2 b5040 loss=5.278
[ft-mun] ep2 b5060 loss=4.624
[ft-mun] ep2 b5080 loss=4.696
[ft-mun] ep2 b5100 loss=6.253
[ft-mun] ep2 b5120 loss=4.139
[ft-mun] ep2 b5140 loss=4.963
[ft-mun] ep2 b5160 loss=4.656
[ft-mun] ep2 b5180 loss=5.431
[ft-mun] ep2 b5200 loss=4.723
[ft-mun] ep2 b5220 loss=4.248
[ft-mun] ep2 b5240 loss=4.844
[ft-mun] ep2 b5260 loss=4.934
[ft-mun] ep2 b5280 loss=4.094
[ft-mun] ep2 b5300 loss=5.143
[ft-mun] ep2 b5320 loss=3.949
[ft-mun] ep2 b5340 loss=5.041
[ft-mun] ep2 b5360 loss=4.380
[ft-mun] ep2 b5380 loss=5.057
[ft-mun] ep2 b5400 loss=5.019
[ft-mun] ep2 b5420 loss=5.068
[ft-mun] ep2 b5440 loss=5.146
[ft-mun] ep2 b5460 loss=4.794
[ft-mun] ep2 b5480 loss=5.027
[ft-mun] ep2 b5500 loss=4.787
[ft-mun] ep2 b5520 loss=4.936
[ft-mun] ep2 b5540 loss=4.517
[ft-mun] ep2 b5560 loss=4.799
[ft-mun] ep2 b5580 loss=4.920
[ft-mun] ep2 b5600 loss=4.570
[ft-mun] ep2 b5620 loss=5.633
[ft-mun] ep2 b5640 loss=4.423
[ft-mun] ep2 b5660 loss=4.146
[ft-mun] ep2 b5680 loss=3.858
[ft-mun] ep2 b5700 loss=5.364
[ft-mun] ep2 b5720 loss=4.783
[ft-mun] ep2 b5740 loss=4.617
[ft-mun] ep2 b5760 loss=4.807
[ft-mun] ep2 b5780 loss=5.442
[ft-mun] ep2 b5800 loss=4.863
[ft-mun] ep2 b5820 loss=5.220
[ft-mun] ep2 b5840 loss=4.965
[ft-mun] ep2 b5860 loss=6.095
[ft-mun] ep2 b5880 loss=4.948
[ft-mun] ep2 b5900 loss=4.561
[ft-mun] ep2 b5920 loss=4.913
[ft-mun] ep2 b5940 loss=4.381
[ft-mun] ep2 b5960 loss=4.265
[ft-mun] ep2 b5980 loss=4.645
[ft-mun] ep2 b6000 loss=4.533
[ft-mun] ep2 b6020 loss=4.543
[ft-mun] ep2 b6040 loss=5.180
[ft-mun] ep2 b6060 loss=4.983
[ft-mun] ep2 b6080 loss=4.307
[ft-mun] ep2 b6100 loss=4.892
[ft-mun] ep2 b6120 loss=4.683
[ft-mun] ep2 b6140 loss=4.638
[ft-mun] ep2 b6160 loss=5.369
[ft-mun] ep2 b6180 loss=3.603
[ft-mun] ep2 b6200 loss=3.870
[ft-mun] ep2 b6220 loss=4.785
[ft-mun] ep2 b6240 loss=4.943
[ft-mun] ep2 b6260 loss=6.228
[ft-mun] ep2 b6280 loss=4.855
[ft-mun] ep2 b6300 loss=4.760
[ft-mun] ep2 b6320 loss=6.974
[ft-mun] ep2 b6340 loss=5.537
[ft-mun] ep2 b6360 loss=4.523
[ft-mun] ep2 b6380 loss=5.186
[ft-mun] ep2 b6400 loss=4.462
[ft-mun] ep2 b6420 loss=5.476
[ft-mun] ep2 b6440 loss=5.464
[ft-mun] ep2 b6460 loss=4.872
[ft-mun] ep2 b6480 loss=5.447
[ft-mun] ep2 b6500 loss=5.130
[ft-mun] ep2 b6520 loss=5.286
[ft-mun] ep2 b6540 loss=4.411
[ft-mun] ep2 b6560 loss=4.532
[ft-mun] ep2 b6580 loss=4.679
[ft-mun] ep2 b6600 loss=5.747
[ft-mun] ep2 b6620 loss=5.560
[ft-mun] ep2 b6640 loss=4.763
[ft-mun] ep2 b6660 loss=5.189
[ft-mun] ep2 b6680 loss=4.851
[ft-mun] ep2 b6700 loss=4.440
[ft-mun] ep2 b6720 loss=4.512
[ft-mun] ep2 b6740 loss=4.910
[ft-mun] ep2 b6760 loss=4.235
[ft-mun] ep2 b6780 loss=5.294
[ft-mun] ep2 b6800 loss=5.606
[ft-mun] ep2 b6820 loss=4.771
[ft-mun] ep2 b6840 loss=5.101
[ft-mun] ep2 b6860 loss=4.794
[ft-mun] ep2 b6880 loss=4.958
[ft-mun] ep2 b6900 loss=4.769
[ft-mun] ep2 b6920 loss=5.132
[ft-mun] ep2 b6940 loss=4.611
[ft-mun] ep2 b6960 loss=3.987
[ft-mun] ep2 b6980 loss=5.454
[ft-mun] ep2 b7000 loss=5.244
[ft-mun] ep2 b7020 loss=4.661
[ft-mun] ep2 b7040 loss=4.316
[ft-mun] ep2 b7060 loss=6.135
[ft-mun] ep2 b7080 loss=3.748
[ft-mun] ep2 b7100 loss=5.546
[ft-mun] ep2 b7120 loss=5.007
[ft-mun] ep2 b7140 loss=3.955
[ft-mun] ep2 b7160 loss=4.616
[ft-mun] ep2 b7180 loss=4.785
[ft-mun] ep2 b7200 loss=5.282
[ft-mun] ep2 b7220 loss=3.897
[ft-mun] ep2 b7240 loss=4.409
[ft-mun] ep2 b7260 loss=4.753
[ft-mun] ep2 b7280 loss=4.482
[ft-mun] ep2 b7300 loss=4.769
[ft-mun] ep2 b7320 loss=4.610
[ft-mun] ep2 b7340 loss=5.413
[ft-mun] ep2 b7360 loss=5.218
[ft-mun] ep2 b7380 loss=4.922
[ft-mun] ep2 b7400 loss=4.620
[ft-mun] ep2 b7420 loss=4.516
[ft-mun] ep2 b7440 loss=4.602
[ft-mun] ep2 b7460 loss=5.004
[ft-mun] ep2 b7480 loss=4.208
[ft-mun] ep2 b7500 loss=5.248
[ft-mun] ep2 b7520 loss=4.646
[ft-mun] ep2 b7540 loss=5.683
[ft-mun] ep2 b7560 loss=4.532
[ft-mun] ep2 b7580 loss=5.763
[ft-mun] ep2 b7600 loss=5.235
[ft-mun] ep2 b7620 loss=4.167
[ft-mun] ep2 b7640 loss=4.634
[ft-mun] ep2 b7660 loss=4.971
[ft-mun] ep2 b7680 loss=5.324
[ft-mun] ep2 b7700 loss=5.188
[ft-mun] ep2 b7720 loss=4.372
[ft-mun] ep2 b7740 loss=4.542
[ft-mun] ep2 b7760 loss=4.630
[ft-mun] ep2 b7780 loss=4.379
[ft-mun] ep2 b7800 loss=5.217
[ft-mun] ep2 b7820 loss=4.671
[ft-mun] ep2 b7840 loss=5.350
[ft-mun] ep2 b7860 loss=4.408
[ft-mun] ep2 b7880 loss=4.278
[ft-mun] ep2 b7900 loss=4.773
[ft-mun] ep2 b7920 loss=4.351
[ft-mun] ep2 b7940 loss=5.911
[ft-mun] ep2 b7960 loss=4.369
[ft-mun] ep2 b7980 loss=4.285
[ft-mun] ep2 b8000 loss=4.001
[ft-mun] ep2 b8020 loss=4.631
[ft-mun] ep2 b8040 loss=4.504
[ft-mun] ep2 b8060 loss=4.528
[ft-mun] ep2 b8080 loss=5.311
[ft-mun] ep2 b8100 loss=4.732
[ft-mun] ep2 b8120 loss=4.676
[ft-mun] ep2 b8140 loss=4.971
[ft-mun] ep2 b8160 loss=5.695
[ft-mun] ep2 b8180 loss=4.778
[ft-mun] ep2 b8200 loss=7.275
[ft-mun] ep2 b8220 loss=4.300
[ft-mun] ep2 b8240 loss=4.822
[ft-mun] ep2 b8260 loss=4.312
[ft-mun] ep2 b8280 loss=6.485
[ft-mun] ep2 b8300 loss=5.043
[ft-mun] ep2 b8320 loss=4.314
[ft-mun] ep2 b8340 loss=4.387
[ft-mun] ep2 b8360 loss=5.109
[ft-mun] ep2 b8380 loss=5.140
[ft-mun] ep2 b8400 loss=4.502
[ft-mun] ep2 b8420 loss=3.786
[ft-mun] ep2 b8440 loss=4.268
[ft-mun] ep2 b8460 loss=4.067
[ft-mun] ep2 b8480 loss=4.537
[ft-mun] ep2 b8500 loss=4.647
[ft-mun] ep2 b8520 loss=5.021
[ft-mun] ep2 b8540 loss=4.659
[ft-mun] ep2 b8560 loss=5.699
[ft-mun] ep2 b8580 loss=4.363
[ft-mun] ep2 b8600 loss=5.624
[ft-mun] ep2 b8620 loss=4.959
[ft-mun] ep2 b8640 loss=4.613
[ft-mun] ep2 b8660 loss=4.787
[ft-mun] ep2 b8680 loss=5.857
[ft-mun] ep2 b8700 loss=6.078
[ft-mun] ep2 b8720 loss=5.154
[ft-mun] ep2 b8740 loss=4.684
[ft-mun] ep2 b8760 loss=4.944
[ft-mun] ep2 b8780 loss=4.622
[ft-mun] ep2 b8800 loss=4.624
[ft-mun] ep2 b8820 loss=4.863
[ft-mun] ep2 b8840 loss=4.785
[ft-mun] ep2 b8860 loss=4.944
[ft-mun] ep2 b8880 loss=4.428
[ft-mun] ep2 b8900 loss=3.854
[ft-mun] ep2 b8920 loss=4.424
[ft-mun] ep2 b8940 loss=4.565
[ft-mun] ep2 b8960 loss=5.803
[ft-mun] ep2 b8980 loss=4.293
[ft-mun] ep2 b9000 loss=4.347
[ft-mun] ep2 b9020 loss=4.148
[ft-mun] ep2 b9040 loss=5.013
[ft-mun] ep2 b9060 loss=5.846
[ft-mun] ep2 b9080 loss=4.575
[ft-mun] ep2 b9100 loss=5.584
[ft-mun] ep2 b9120 loss=4.898
[ft-mun] ep2 b9140 loss=6.154
[ft-mun] ep2 b9160 loss=5.042
[ft-mun] ep2 b9180 loss=4.833
[ft-mun] ep2 b9200 loss=4.025
[ft-mun] ep2 b9220 loss=5.589
[ft-mun] ep2 b9240 loss=4.700
[ft-mun] ep2 b9260 loss=5.438
[ft-mun] ep2 b9280 loss=4.607
[ft-mun] ep2 b9300 loss=4.961
[ft-mun] ep2 b9320 loss=4.729
[ft-mun] ep2 b9340 loss=3.924
[ft-mun] ep2 b9360 loss=5.713
[ft-mun] ep2 b9380 loss=4.756
[ft-mun] ep2 b9400 loss=5.503
[ft-mun] ep2 b9420 loss=5.506
[ft-mun] ep2 b9440 loss=4.653
[ft-mun] ep2 b9460 loss=5.019
[ft-mun] ep2 b9480 loss=5.293
[ft-mun] ep2 b9500 loss=4.403
[ft-mun] ep2 b9520 loss=5.016
[ft-mun] ep2 b9540 loss=5.721
[ft-mun] ep2 b9560 loss=5.361
[ft-mun] ep2 b9580 loss=4.991
[ft-mun] ep2 b9600 loss=3.979
[ft-mun] ep2 b9620 loss=4.872
[ft-mun] ep2 b9640 loss=4.253
[ft-mun] ep2 b9660 loss=4.113
[ft-mun] ep2 b9680 loss=4.221
[ft-mun] ep2 b9700 loss=4.150
[ft-mun] ep2 b9720 loss=5.096
[ft-mun] ep2 b9740 loss=4.562
[ft-mun] ep2 b9760 loss=5.775
[ft-mun] ep2 b9780 loss=4.806
[ft-mun] ep2 b9800 loss=5.076
[ft-mun] ep2 b9820 loss=4.383
[ft-mun] ep2 b9840 loss=5.920
[ft-mun] ep2 b9860 loss=4.362
[ft-mun] ep2 b9880 loss=4.777
[ft-mun] ep2 b9900 loss=4.108
[ft-mun] ep2 b9920 loss=5.249
[ft-mun] ep2 b9940 loss=5.421
[ft-mun] ep2 b9960 loss=4.577
[ft-mun] ep2 b9980 loss=5.243
[ft-mun] ep2 b10000 loss=5.077
[ft-mun] ep2 b10020 loss=6.085
[ft-mun] ep2 b10040 loss=4.210
[ft-mun] ep2 b10060 loss=4.794
[ft-mun] ep2 b10080 loss=4.920
[ft-mun] ep2 b10100 loss=3.979
[ft-mun] ep2 b10120 loss=4.416
[ft-mun] ep2 b10140 loss=5.306
[ft-mun] ep2 b10160 loss=4.958
[ft-mun] ep2 b10180 loss=5.283
[ft-mun] ep2 b10200 loss=4.483
[ft-mun] ep2 b10220 loss=5.802
[ft-mun] ep2 b10240 loss=4.896
[ft-mun] ep2 b10260 loss=4.814
[ft-mun] ep2 b10280 loss=4.603
[ft-mun] ep2 b10300 loss=4.272
[ft-mun] ep2 b10320 loss=5.323
[ft-mun] ep2 b10340 loss=4.660
[ft-mun] ep2 b10360 loss=4.874
[ft-mun] ep2 b10380 loss=5.004
[ft-mun] ep2 b10400 loss=3.670
[ft-mun] ep2 b10420 loss=4.669
[ft-mun] ep2 b10440 loss=4.692
[ft-mun] ep2 b10460 loss=5.320
[ft-mun] ep2 b10480 loss=4.618
[ft-mun] ep2 b10500 loss=5.147
[ft-mun] ep2 b10520 loss=4.457
[ft-mun] ep2 b10540 loss=5.181
[ft-mun] ep2 b10560 loss=5.529
[ft-mun] ep2 b10580 loss=5.240
[ft-mun] ep2 b10600 loss=5.286
[ft-mun] ep2 b10620 loss=4.048
[ft-mun] ep2 b10640 loss=5.087
[ft-mun] ep2 b10660 loss=4.750
[ft-mun] ep2 b10680 loss=4.249
[ft-mun] ep2 b10700 loss=4.791
[ft-mun] ep2 b10720 loss=3.971
[ft-mun] ep2 b10740 loss=5.517
[ft-mun] ep2 b10760 loss=6.321
[ft-mun] ep2 b10780 loss=4.530
[ft-mun] ep2 b10800 loss=5.530
[ft-mun] ep2 b10820 loss=4.666
[ft-mun] ep2 b10840 loss=4.514
[ft-mun] ep2 b10860 loss=4.729
[ft-mun] ep2 b10880 loss=4.580
[ft-mun] ep2 b10900 loss=4.559
[ft-mun] ep2 b10920 loss=4.301
[ft-mun] ep2 b10940 loss=3.965
[ft-mun] ep2 b10960 loss=5.230
[ft-mun] ep2 b10980 loss=4.241
[ft-mun] ep2 b11000 loss=5.117
[ft-mun] ep2 b11020 loss=5.090
[ft-mun] ep2 b11040 loss=5.201
[ft-mun] ep2 b11060 loss=4.842
[ft-mun] ep2 b11080 loss=5.379
[ft-mun] ep2 b11100 loss=4.933
[ft-mun] ep2 b11120 loss=4.755
[ft-mun] ep2 b11140 loss=5.175
[ft-mun] ep2 b11160 loss=5.189
[ft-mun] ep2 b11180 loss=4.819
[ft-mun] ep2 b11200 loss=4.495
[ft-mun] ep2 b11220 loss=4.487
[ft-mun] ep2 b11240 loss=4.814
[ft-mun] ep2 b11260 loss=3.769
[ft-mun] ep2 b11280 loss=4.486
[ft-mun] ep2 b11300 loss=4.731
[ft-mun] ep2 b11320 loss=4.775
[ft-mun] ep2 b11340 loss=5.656
[ft-mun] ep2 b11360 loss=4.240
[ft-mun] ep2 b11380 loss=6.524
[ft-mun] ep2 b11400 loss=4.292
[ft-mun] ep2 b11420 loss=5.649
[ft-mun] ep2 b11440 loss=4.071
[ft-mun] ep2 b11460 loss=4.439
[ft-mun] ep2 b11480 loss=3.925
[ft-mun] ep2 b11500 loss=4.791
[ft-mun] ep2 b11520 loss=4.992
[ft-mun] ep2 b11540 loss=5.015
[ft-mun] ep2 b11560 loss=4.797
[ft-mun] ep2 b11580 loss=3.725
[ft-mun] ep2 b11600 loss=5.125
[ft-mun] ep2 b11620 loss=6.009
[ft-mun] ep2 b11640 loss=4.903
[ft-mun] ep2 b11660 loss=5.628
[ft-mun] ep2 b11680 loss=3.826
[ft-mun] ep2 b11700 loss=4.434
[ft-mun] ep2 b11720 loss=5.240
[ft-mun] ep2 b11740 loss=4.299
[ft-mun] ep2 b11760 loss=5.046
[ft-mun] ep2 b11780 loss=5.116
[ft-mun] ep2 b11800 loss=4.499
[ft-mun] ep2 b11820 loss=4.905
[ft-mun] ep2 b11840 loss=4.609
[ft-mun] ep2 b11860 loss=5.468
[ft-mun] ep2 b11880 loss=5.255
[ft-mun] ep2 b11900 loss=4.059
[ft-mun] ep2 b11920 loss=4.579
[ft-mun] ep2 b11940 loss=5.485
[ft-mun] ep2 b11960 loss=5.253
[ft-mun] ep2 b11980 loss=4.751
[ft-mun] ep2 b12000 loss=4.136
[ft-mun] ep2 b12020 loss=5.810
[ft-mun] ep2 b12040 loss=4.734
[ft-mun] ep2 b12060 loss=5.030
[ft-mun] ep2 b12080 loss=4.946
[ft-mun] ep2 b12100 loss=4.501
[ft-mun] ep2 b12120 loss=4.531
[ft-mun] ep2 b12140 loss=4.513
[ft-mun] ep2 b12160 loss=4.837
[ft-mun] ep2 b12180 loss=5.348
[ft-mun] ep2 b12200 loss=5.523
[ft-mun] ep2 b12220 loss=4.694
[ft-mun] ep2 b12240 loss=4.320
[ft-mun] ep2 b12260 loss=3.920
[ft-mun] ep2 b12280 loss=4.912
[ft-mun] ep2 b12300 loss=4.430
[ft-mun] ep2 b12320 loss=4.339
[ft-mun] ep2 b12340 loss=6.556
[ft-mun] ep2 b12360 loss=4.954
[ft-mun] ep2 b12380 loss=5.948
[ft-mun] ep2 b12400 loss=4.867
[ft-mun] ep2 b12420 loss=3.649
[ft-mun] ep2 b12440 loss=4.569
[ft-mun] ep2 b12460 loss=5.045
[ft-mun] ep2 b12480 loss=4.654
[ft-mun] ep2 b12500 loss=4.985
[ft-mun] ep2 b12520 loss=4.415
[ft-mun] ep2 b12540 loss=4.715
[ft-mun] ep2 b12560 loss=5.390
[ft-mun] ep2 b12580 loss=5.132
[ft-mun] ep2 b12600 loss=4.088
[ft-mun] ep2 b12620 loss=4.398
[ft-mun] ep2 b12640 loss=4.176
[ft-mun] ep2 b12660 loss=5.150
[ft-mun] ep2 b12680 loss=4.895
[ft-mun] ep2 b12700 loss=4.501
[ft-mun] ep2 b12720 loss=4.541
[ft-mun] ep2 b12740 loss=4.363
[ft-mun] ep2 b12760 loss=5.264
[ft-mun] ep2 b12780 loss=5.877
[ft-mun] ep2 b12800 loss=6.329
[ft-mun] ep2 b12820 loss=5.025
[ft-mun] ep2 b12840 loss=5.929
[ft-mun] ep2 b12860 loss=5.609
[ft-mun] ep2 b12880 loss=5.072
[ft-mun] ep2 b12900 loss=4.111
[ft-mun] ep2 b12920 loss=4.071
[ft-mun] ep2 b12940 loss=5.939
[ft-mun] ep2 b12960 loss=5.004
[ft-mun] ep2 b12980 loss=5.482
[ft-mun] ep2 b13000 loss=4.732
[ft-mun] ep2 b13020 loss=4.353
[ft-mun] ep2 b13040 loss=4.833
[ft-mun] ep2 b13060 loss=4.373
[ft-mun] ep2 b13080 loss=4.619
[ft-mun] ep2 b13100 loss=5.081
[ft-mun] ep2 b13120 loss=5.200
[ft-mun] ep2 b13140 loss=4.876
[ft-mun] ep2 b13160 loss=4.878
[ft-mun] ep2 b13180 loss=4.733
[ft-mun] ep2 b13200 loss=5.333
[ft-mun] ep2 b13220 loss=4.239
[ft-mun] ep2 b13240 loss=4.374
[ft-mun] ep2 b13260 loss=5.422
[ft-mun] ep2 b13280 loss=4.276
[ft-mun] ep2 b13300 loss=5.487
[ft-mun] ep2 b13320 loss=4.346
[ft-mun] ep2 b13340 loss=4.242
[ft-mun] ep2 b13360 loss=6.278
[ft-mun] ep2 b13380 loss=4.635
[ft-mun] ep2 b13400 loss=4.678
[ft-mun] ep2 b13420 loss=5.442
[ft-mun] ep2 b13440 loss=3.949
[ft-mun] ep2 b13460 loss=4.618
[ft-mun] ep2 b13480 loss=4.698
[ft-mun] ep2 b13500 loss=6.199
[ft-mun] ep2 b13520 loss=4.582
[ft-mun] ep2 b13540 loss=5.154
[ft-mun] ep2 b13560 loss=4.303
[ft-mun] ep2 b13580 loss=4.497
[ft-mun] ep2 b13600 loss=6.200
[ft-mun] ep2 b13620 loss=4.893
[ft-mun] ep2 b13640 loss=4.409
[ft-mun] ep2 b13660 loss=4.422
[ft-mun] ep2 b13680 loss=4.756
[ft-mun] ep2 b13700 loss=4.806
[ft-mun] ep2 b13720 loss=4.382
[ft-mun] ep2 b13740 loss=4.657
[ft-mun] ep2 b13760 loss=4.852
[ft-mun] ep2 b13780 loss=6.503
[ft-mun] ep2 b13800 loss=4.051
[ft-mun] ep2 b13820 loss=5.001
[ft-mun] ep2 b13840 loss=4.744
[ft-mun] ep2 b13860 loss=4.604
[ft-mun] ep2 b13880 loss=5.136
[ft-mun] ep2 b13900 loss=4.178
[ft-mun] ep2 b13920 loss=4.945
[ft-mun] ep2 b13940 loss=5.656
[ft-mun] ep2 b13960 loss=4.549
[ft-mun] ep2 b13980 loss=5.235
[ft-mun] ep2 b14000 loss=5.136
[ft-mun] ep2 b14020 loss=3.947
[ft-mun] ep2 b14040 loss=5.654
[ft-mun] ep2 b14060 loss=4.752
[ft-mun] ep2 b14080 loss=5.771
[ft-mun] ep2 b14100 loss=4.699
[ft-mun] ep2 b14120 loss=5.377
[ft-mun] ep2 b14140 loss=4.153
[ft-mun] ep2 b14160 loss=4.224
[ft-mun] ep2 b14180 loss=4.555
[ft-mun] ep2 b14200 loss=3.852
[ft-mun] ep2 b14220 loss=5.567
[ft-mun] ep2 b14240 loss=4.384
[ft-mun] ep2 b14260 loss=4.586
[ft-mun] ep2 b14280 loss=4.367
[ft-mun] ep2 b14300 loss=4.003
[ft-mun] ep2 b14320 loss=4.214
[ft-mun] ep2 b14340 loss=5.285
[ft-mun] ep2 b14360 loss=4.644
[ft-mun] ep2 b14380 loss=4.464
[ft-mun] ep2 b14400 loss=5.002
[ft-mun] ep2 b14420 loss=4.180
[ft-mun] ep2 b14440 loss=3.660
[ft-mun] ep2 b14460 loss=5.075
[ft-mun] ep2 b14480 loss=4.908
[ft-mun] ep2 b14500 loss=5.348
[ft-mun] ep2 b14520 loss=4.514
[ft-mun] ep2 b14540 loss=3.927
[ft-mun] ep2 b14560 loss=4.716
[ft-mun] ep2 b14580 loss=4.475
[ft-mun] ep2 b14600 loss=4.467
[ft-mun] ep2 b14620 loss=4.346
[ft-mun] ep2 b14640 loss=4.502
[ft-mun] ep2 b14660 loss=4.361
[ft-mun] ep2 b14680 loss=4.965
[ft-mun] ep2 b14700 loss=4.856
[ft-mun] ep2 b14720 loss=5.182
[ft-mun] ep2 b14740 loss=5.029
[ft-mun] ep2 b14760 loss=4.382
[ft-mun] ep2 b14780 loss=3.902
[ft-mun] ep2 b14800 loss=5.906
[ft-mun] ep2 b14820 loss=4.390
[ft-mun] ep2 b14840 loss=5.341
[ft-mun] ep2 b14860 loss=4.510
[ft-mun] ep2 b14880 loss=4.511
[ft-mun] ep2 b14900 loss=5.363
[ft-mun] ep2 b14920 loss=4.491
[ft-mun] ep2 b14940 loss=4.806
[ft-mun] ep2 b14960 loss=5.094
[ft-mun] ep2 b14980 loss=3.980
[ft-mun] ep2 b15000 loss=5.417
[ft-mun] ep2 b15020 loss=5.004
[ft-mun] ep2 b15040 loss=5.539
[ft-mun] ep2 b15060 loss=4.946
[ft-mun] ep2 b15080 loss=5.694
[ft-mun] ep2 b15100 loss=4.332
[ft-mun] ep2 b15120 loss=4.299
[ft-mun] ep2 b15140 loss=5.224
[ft-mun] ep2 b15160 loss=4.667
[ft-mun] ep2 b15180 loss=4.851
[ft-mun] ep2 b15200 loss=4.140
[ft-mun] ep2 b15220 loss=5.277
[ft-mun] ep2 b15240 loss=5.095
[ft-mun] ep2 b15260 loss=4.609
[ft-mun] ep2 b15280 loss=4.811
[ft-mun] ep2 b15300 loss=4.452
[ft-mun] ep2 b15320 loss=3.954
[ft-mun] ep2 b15340 loss=5.092
[ft-mun] ep2 b15360 loss=4.158
[ft-mun] ep2 b15380 loss=4.447
[ft-mun] ep2 b15400 loss=4.420
[ft-mun] ep2 b15420 loss=5.257
[ft-mun] ep2 b15440 loss=5.346
[ft-mun] ep2 b15460 loss=4.991
[ft-mun] ep2 b15480 loss=4.638
[ft-mun] ep2 b15500 loss=5.963
[ft-mun] ep2 b15520 loss=3.577
[ft-mun] ep2 b15540 loss=5.019
[ft-mun] ep2 b15560 loss=5.214
[ft-mun] ep2 b15580 loss=4.292
[ft-mun] ep2 b15600 loss=4.773
[ft-mun] ep2 b15620 loss=5.555
[ft-mun] ep2 b15640 loss=4.595
[ft-mun] ep2 b15660 loss=3.932
[ft-mun] ep2 b15680 loss=4.969
[ft-mun] ep2 b15700 loss=5.159
[ft-mun] ep2 b15720 loss=5.580
[ft-mun] ep2 b15740 loss=5.310
[ft-mun] ep2 b15760 loss=5.304
[ft-mun] ep2 b15780 loss=5.560
[ft-mun] ep2 b15800 loss=4.863
[ft-mun] ep2 b15820 loss=4.801
[ft-mun] ep2 b15840 loss=4.769
[ft-mun] ep2 b15860 loss=5.353
[ft-mun] ep2 b15880 loss=3.954
[ft-mun] ep2 b15900 loss=5.104
[ft-mun] ep2 b15920 loss=4.934
[ft-mun] ep2 b15940 loss=4.993
[ft-mun] ep2 b15960 loss=4.117
[ft-mun] ep2 b15980 loss=4.973
[ft-mun] ep2 b16000 loss=4.662
[ft-mun] ep2 b16020 loss=4.629
[ft-mun] ep2 b16040 loss=4.524
[ft-mun] ep2 b16060 loss=6.245
[ft-mun] ep2 b16080 loss=5.470
[ft-mun] ep2 b16100 loss=4.939
[ft-mun] ep2 b16120 loss=4.148
[ft-mun] ep2 b16140 loss=4.083
[ft-mun] ep2 b16160 loss=5.014
[ft-mun] ep2 b16180 loss=4.711
[ft-mun] ep2 b16200 loss=5.547
[ft-mun] ep2 b16220 loss=4.598
[ft-mun] ep2 b16240 loss=4.044
[ft-mun] ep2 b16260 loss=4.296
[ft-mun] ep2 b16280 loss=4.419
[ft-mun] ep2 b16300 loss=4.460
[ft-mun] ep2 b16320 loss=4.796
[ft-mun] ep2 b16340 loss=3.898
[ft-mun] ep2 b16360 loss=4.672
[ft-mun] ep2 b16380 loss=4.907
[ft-mun] ep2 b16400 loss=4.920
[ft-mun] ep2 b16420 loss=3.790
[ft-mun] ep2 b16440 loss=5.479
[ft-mun] ep2 b16460 loss=4.391
[ft-mun] ep2 b16480 loss=5.013
[ft-mun] ep2 b16500 loss=4.452
[ft-mun] ep2 b16520 loss=4.337
[ft-mun] ep2 b16540 loss=4.801
[ft-mun] ep2 b16560 loss=5.283
[ft-mun] ep2 b16580 loss=4.560
[ft-mun] ep2 b16600 loss=4.262
[ft-mun] ep2 b16620 loss=4.507
[ft-mun] ep2 b16640 loss=4.438
[ft-mun] ep2 b16660 loss=5.121
[ft-mun] ep2 b16680 loss=4.294
[ft-mun] ep2 b16700 loss=4.471
[ft-mun] ep2 b16720 loss=4.761
[ft-mun] ep2 b16740 loss=4.320
[ft-mun] ep2 b16760 loss=4.987
[ft-mun] ep2 b16780 loss=5.310
[ft-mun] ep2 b16800 loss=5.848
[ft-mun] ep2 b16820 loss=4.519
[ft-mun] ep2 b16840 loss=5.039
[ft-mun] ep2 b16860 loss=5.764
[ft-mun] ep2 b16880 loss=6.156
[ft-mun] ep2 b16900 loss=4.328
[ft-mun] ep2 b16920 loss=4.501
[ft-mun] ep2 b16940 loss=3.829
[ft-mun] ep2 train_loss=4.847 dev_loss=4.698
[ft-mun] ep3 b0 loss=4.550
[ft-mun] ep3 b20 loss=4.454
[ft-mun] ep3 b40 loss=4.860
[ft-mun] ep3 b60 loss=4.824
[ft-mun] ep3 b80 loss=4.691
[ft-mun] ep3 b100 loss=5.492
[ft-mun] ep3 b120 loss=4.127
[ft-mun] ep3 b140 loss=4.033
[ft-mun] ep3 b160 loss=4.955
[ft-mun] ep3 b180 loss=4.128
[ft-mun] ep3 b200 loss=5.518
[ft-mun] ep3 b220 loss=5.086
[ft-mun] ep3 b240 loss=4.341
[ft-mun] ep3 b260 loss=5.775
[ft-mun] ep3 b280 loss=4.591
[ft-mun] ep3 b300 loss=4.694
[ft-mun] ep3 b320 loss=3.888
[ft-mun] ep3 b340 loss=4.898
[ft-mun] ep3 b360 loss=4.847
[ft-mun] ep3 b380 loss=4.396
[ft-mun] ep3 b400 loss=4.435
[ft-mun] ep3 b420 loss=4.507
[ft-mun] ep3 b440 loss=6.252
[ft-mun] ep3 b460 loss=4.686
[ft-mun] ep3 b480 loss=4.588
[ft-mun] ep3 b500 loss=4.923
[ft-mun] ep3 b520 loss=4.807
[ft-mun] ep3 b540 loss=4.060
[ft-mun] ep3 b560 loss=4.773
[ft-mun] ep3 b580 loss=4.788
[ft-mun] ep3 b600 loss=4.811
[ft-mun] ep3 b620 loss=4.829
[ft-mun] ep3 b640 loss=4.176
[ft-mun] ep3 b660 loss=3.929
[ft-mun] ep3 b680 loss=4.980
[ft-mun] ep3 b700 loss=4.377
[ft-mun] ep3 b720 loss=4.918
[ft-mun] ep3 b740 loss=4.592
[ft-mun] ep3 b760 loss=4.630
[ft-mun] ep3 b780 loss=4.998
[ft-mun] ep3 b800 loss=4.989
[ft-mun] ep3 b820 loss=4.504
[ft-mun] ep3 b840 loss=4.689
[ft-mun] ep3 b860 loss=3.960
[ft-mun] ep3 b880 loss=4.576
[ft-mun] ep3 b900 loss=4.759
[ft-mun] ep3 b920 loss=4.864
[ft-mun] ep3 b940 loss=4.842
[ft-mun] ep3 b960 loss=5.284
[ft-mun] ep3 b980 loss=5.247
[ft-mun] ep3 b1000 loss=3.974
[ft-mun] ep3 b1020 loss=4.904
[ft-mun] ep3 b1040 loss=4.222
[ft-mun] ep3 b1060 loss=4.741
[ft-mun] ep3 b1080 loss=5.411
[ft-mun] ep3 b1100 loss=5.136
[ft-mun] ep3 b1120 loss=4.587
[ft-mun] ep3 b1140 loss=4.606
[ft-mun] ep3 b1160 loss=4.816
[ft-mun] ep3 b1180 loss=5.729
[ft-mun] ep3 b1200 loss=4.603
[ft-mun] ep3 b1220 loss=4.622
[ft-mun] ep3 b1240 loss=5.310
[ft-mun] ep3 b1260 loss=4.909
[ft-mun] ep3 b1280 loss=3.932
[ft-mun] ep3 b1300 loss=4.685
[ft-mun] ep3 b1320 loss=4.986
[ft-mun] ep3 b1340 loss=4.526
[ft-mun] ep3 b1360 loss=5.607
[ft-mun] ep3 b1380 loss=4.248
[ft-mun] ep3 b1400 loss=5.081
[ft-mun] ep3 b1420 loss=4.625
[ft-mun] ep3 b1440 loss=4.101
[ft-mun] ep3 b1460 loss=5.395
[ft-mun] ep3 b1480 loss=4.745
[ft-mun] ep3 b1500 loss=4.727
[ft-mun] ep3 b1520 loss=4.799
[ft-mun] ep3 b1540 loss=4.497
[ft-mun] ep3 b1560 loss=4.731
[ft-mun] ep3 b1580 loss=5.007
[ft-mun] ep3 b1600 loss=4.358
[ft-mun] ep3 b1620 loss=5.179
[ft-mun] ep3 b1640 loss=5.397
[ft-mun] ep3 b1660 loss=5.358
[ft-mun] ep3 b1680 loss=5.237
[ft-mun] ep3 b1700 loss=4.552
[ft-mun] ep3 b1720 loss=4.615
[ft-mun] ep3 b1740 loss=4.690
[ft-mun] ep3 b1760 loss=4.438
[ft-mun] ep3 b1780 loss=4.672
[ft-mun] ep3 b1800 loss=5.313
[ft-mun] ep3 b1820 loss=5.773
[ft-mun] ep3 b1840 loss=4.832
[ft-mun] ep3 b1860 loss=4.316
[ft-mun] ep3 b1880 loss=4.374
[ft-mun] ep3 b1900 loss=5.407
[ft-mun] ep3 b1920 loss=5.464
[ft-mun] ep3 b1940 loss=4.539
[ft-mun] ep3 b1960 loss=4.435
[ft-mun] ep3 b1980 loss=4.143
[ft-mun] ep3 b2000 loss=4.466
[ft-mun] ep3 b2020 loss=4.760
[ft-mun] ep3 b2040 loss=4.785
[ft-mun] ep3 b2060 loss=4.349
[ft-mun] ep3 b2080 loss=4.112
[ft-mun] ep3 b2100 loss=4.648
[ft-mun] ep3 b2120 loss=4.505
[ft-mun] ep3 b2140 loss=4.300
[ft-mun] ep3 b2160 loss=5.481
[ft-mun] ep3 b2180 loss=4.350
[ft-mun] ep3 b2200 loss=5.697
[ft-mun] ep3 b2220 loss=4.875
[ft-mun] ep3 b2240 loss=4.101
[ft-mun] ep3 b2260 loss=4.984
[ft-mun] ep3 b2280 loss=4.401
[ft-mun] ep3 b2300 loss=3.681
[ft-mun] ep3 b2320 loss=5.414
[ft-mun] ep3 b2340 loss=4.941
[ft-mun] ep3 b2360 loss=4.935
[ft-mun] ep3 b2380 loss=4.599
[ft-mun] ep3 b2400 loss=5.357
[ft-mun] ep3 b2420 loss=4.434
[ft-mun] ep3 b2440 loss=4.967
[ft-mun] ep3 b2460 loss=4.536
[ft-mun] ep3 b2480 loss=3.661
[ft-mun] ep3 b2500 loss=5.805
[ft-mun] ep3 b2520 loss=5.355
[ft-mun] ep3 b2540 loss=5.700
[ft-mun] ep3 b2560 loss=6.457
[ft-mun] ep3 b2580 loss=3.935
[ft-mun] ep3 b2600 loss=4.314
[ft-mun] ep3 b2620 loss=5.827
[ft-mun] ep3 b2640 loss=4.997
[ft-mun] ep3 b2660 loss=4.699
[ft-mun] ep3 b2680 loss=5.108
[ft-mun] ep3 b2700 loss=4.570
[ft-mun] ep3 b2720 loss=4.721
[ft-mun] ep3 b2740 loss=3.987
[ft-mun] ep3 b2760 loss=4.868
[ft-mun] ep3 b2780 loss=4.350
[ft-mun] ep3 b2800 loss=4.790
[ft-mun] ep3 b2820 loss=4.754
[ft-mun] ep3 b2840 loss=4.993
[ft-mun] ep3 b2860 loss=4.629
[ft-mun] ep3 b2880 loss=4.515
[ft-mun] ep3 b2900 loss=5.231
[ft-mun] ep3 b2920 loss=4.160
[ft-mun] ep3 b2940 loss=5.451
[ft-mun] ep3 b2960 loss=4.350
[ft-mun] ep3 b2980 loss=4.637
[ft-mun] ep3 b3000 loss=4.818
[ft-mun] ep3 b3020 loss=5.109
[ft-mun] ep3 b3040 loss=4.409
[ft-mun] ep3 b3060 loss=3.903
[ft-mun] ep3 b3080 loss=4.855
[ft-mun] ep3 b3100 loss=5.115
[ft-mun] ep3 b3120 loss=4.926
[ft-mun] ep3 b3140 loss=4.398
[ft-mun] ep3 b3160 loss=5.707
[ft-mun] ep3 b3180 loss=4.930
[ft-mun] ep3 b3200 loss=4.384
[ft-mun] ep3 b3220 loss=5.240
[ft-mun] ep3 b3240 loss=4.858
[ft-mun] ep3 b3260 loss=4.562
[ft-mun] ep3 b3280 loss=4.860
[ft-mun] ep3 b3300 loss=4.312
[ft-mun] ep3 b3320 loss=4.333
[ft-mun] ep3 b3340 loss=4.189
[ft-mun] ep3 b3360 loss=5.777
[ft-mun] ep3 b3380 loss=4.280
[ft-mun] ep3 b3400 loss=5.241
[ft-mun] ep3 b3420 loss=3.976
[ft-mun] ep3 b3440 loss=4.456
[ft-mun] ep3 b3460 loss=4.954
[ft-mun] ep3 b3480 loss=4.573
[ft-mun] ep3 b3500 loss=3.890
[ft-mun] ep3 b3520 loss=5.695
[ft-mun] ep3 b3540 loss=4.374
[ft-mun] ep3 b3560 loss=4.969
[ft-mun] ep3 b3580 loss=4.493
[ft-mun] ep3 b3600 loss=4.946
[ft-mun] ep3 b3620 loss=4.470
[ft-mun] ep3 b3640 loss=4.889
[ft-mun] ep3 b3660 loss=5.133
[ft-mun] ep3 b3680 loss=4.614
[ft-mun] ep3 b3700 loss=4.943
[ft-mun] ep3 b3720 loss=4.387
[ft-mun] ep3 b3740 loss=5.312
[ft-mun] ep3 b3760 loss=5.265
[ft-mun] ep3 b3780 loss=4.768
[ft-mun] ep3 b3800 loss=4.220
[ft-mun] ep3 b3820 loss=4.078
[ft-mun] ep3 b3840 loss=4.385
[ft-mun] ep3 b3860 loss=4.324
[ft-mun] ep3 b3880 loss=5.485
[ft-mun] ep3 b3900 loss=3.731
[ft-mun] ep3 b3920 loss=4.201
[ft-mun] ep3 b3940 loss=4.094
[ft-mun] ep3 b3960 loss=4.408
[ft-mun] ep3 b3980 loss=4.498
[ft-mun] ep3 b4000 loss=4.463
[ft-mun] ep3 b4020 loss=4.973
[ft-mun] ep3 b4040 loss=4.734
[ft-mun] ep3 b4060 loss=5.769
[ft-mun] ep3 b4080 loss=4.757
[ft-mun] ep3 b4100 loss=4.390
[ft-mun] ep3 b4120 loss=5.283
[ft-mun] ep3 b4140 loss=5.304
[ft-mun] ep3 b4160 loss=4.790
[ft-mun] ep3 b4180 loss=4.499
[ft-mun] ep3 b4200 loss=4.317
[ft-mun] ep3 b4220 loss=6.094
[ft-mun] ep3 b4240 loss=5.200
[ft-mun] ep3 b4260 loss=5.054
[ft-mun] ep3 b4280 loss=4.770
[ft-mun] ep3 b4300 loss=4.444
[ft-mun] ep3 b4320 loss=4.553
[ft-mun] ep3 b4340 loss=4.862
[ft-mun] ep3 b4360 loss=5.348
[ft-mun] ep3 b4380 loss=5.381
[ft-mun] ep3 b4400 loss=4.784
[ft-mun] ep3 b4420 loss=5.538
[ft-mun] ep3 b4440 loss=4.020
[ft-mun] ep3 b4460 loss=4.511
[ft-mun] ep3 b4480 loss=4.865
[ft-mun] ep3 b4500 loss=4.951
[ft-mun] ep3 b4520 loss=5.674
[ft-mun] ep3 b4540 loss=4.248
[ft-mun] ep3 b4560 loss=4.180
[ft-mun] ep3 b4580 loss=4.967
[ft-mun] ep3 b4600 loss=4.444
[ft-mun] ep3 b4620 loss=5.193
[ft-mun] ep3 b4640 loss=4.037
[ft-mun] ep3 b4660 loss=5.243
[ft-mun] ep3 b4680 loss=4.084
[ft-mun] ep3 b4700 loss=5.109
[ft-mun] ep3 b4720 loss=4.518
[ft-mun] ep3 b4740 loss=4.973
[ft-mun] ep3 b4760 loss=4.244
[ft-mun] ep3 b4780 loss=4.756
[ft-mun] ep3 b4800 loss=4.015
[ft-mun] ep3 b4820 loss=5.498
[ft-mun] ep3 b4840 loss=5.599
[ft-mun] ep3 b4860 loss=4.584
[ft-mun] ep3 b4880 loss=4.530
[ft-mun] ep3 b4900 loss=4.825
[ft-mun] ep3 b4920 loss=4.560
[ft-mun] ep3 b4940 loss=5.218
[ft-mun] ep3 b4960 loss=3.725
[ft-mun] ep3 b4980 loss=4.299
[ft-mun] ep3 b5000 loss=5.388
[ft-mun] ep3 b5020 loss=4.727
[ft-mun] ep3 b5040 loss=3.923
[ft-mun] ep3 b5060 loss=4.543
[ft-mun] ep3 b5080 loss=5.168
[ft-mun] ep3 b5100 loss=3.919
[ft-mun] ep3 b5120 loss=4.539
[ft-mun] ep3 b5140 loss=5.072
[ft-mun] ep3 b5160 loss=5.447
[ft-mun] ep3 b5180 loss=4.392
[ft-mun] ep3 b5200 loss=4.775
[ft-mun] ep3 b5220 loss=5.341
[ft-mun] ep3 b5240 loss=4.831
[ft-mun] ep3 b5260 loss=5.472
[ft-mun] ep3 b5280 loss=4.815
[ft-mun] ep3 b5300 loss=4.713
[ft-mun] ep3 b5320 loss=4.587
[ft-mun] ep3 b5340 loss=4.656
[ft-mun] ep3 b5360 loss=5.472
[ft-mun] ep3 b5380 loss=4.926
[ft-mun] ep3 b5400 loss=3.860
[ft-mun] ep3 b5420 loss=4.940
[ft-mun] ep3 b5440 loss=5.143
[ft-mun] ep3 b5460 loss=4.259
[ft-mun] ep3 b5480 loss=4.502
[ft-mun] ep3 b5500 loss=3.963
[ft-mun] ep3 b5520 loss=4.497
[ft-mun] ep3 b5540 loss=4.883
[ft-mun] ep3 b5560 loss=5.948
[ft-mun] ep3 b5580 loss=4.774
[ft-mun] ep3 b5600 loss=4.439
[ft-mun] ep3 b5620 loss=5.153
[ft-mun] ep3 b5640 loss=4.515
[ft-mun] ep3 b5660 loss=5.118
[ft-mun] ep3 b5680 loss=4.148
[ft-mun] ep3 b5700 loss=5.354
[ft-mun] ep3 b5720 loss=4.471
[ft-mun] ep3 b5740 loss=4.275
[ft-mun] ep3 b5760 loss=4.629
[ft-mun] ep3 b5780 loss=4.405
[ft-mun] ep3 b5800 loss=5.411
[ft-mun] ep3 b5820 loss=4.925
[ft-mun] ep3 b5840 loss=3.853
[ft-mun] ep3 b5860 loss=3.979
[ft-mun] ep3 b5880 loss=4.934
[ft-mun] ep3 b5900 loss=5.855
[ft-mun] ep3 b5920 loss=4.690
[ft-mun] ep3 b5940 loss=4.753
[ft-mun] ep3 b5960 loss=4.660
[ft-mun] ep3 b5980 loss=4.903
[ft-mun] ep3 b6000 loss=5.107
[ft-mun] ep3 b6020 loss=4.360
[ft-mun] ep3 b6040 loss=5.730
[ft-mun] ep3 b6060 loss=4.349
[ft-mun] ep3 b6080 loss=4.759
[ft-mun] ep3 b6100 loss=4.779
[ft-mun] ep3 b6120 loss=4.635
[ft-mun] ep3 b6140 loss=4.562
[ft-mun] ep3 b6160 loss=4.154
[ft-mun] ep3 b6180 loss=4.089
[ft-mun] ep3 b6200 loss=3.556
[ft-mun] ep3 b6220 loss=4.878
[ft-mun] ep3 b6240 loss=6.004
[ft-mun] ep3 b6260 loss=5.062
[ft-mun] ep3 b6280 loss=4.519
[ft-mun] ep3 b6300 loss=4.410
[ft-mun] ep3 b6320 loss=4.366
[ft-mun] ep3 b6340 loss=4.595
[ft-mun] ep3 b6360 loss=5.281
[ft-mun] ep3 b6380 loss=5.497
[ft-mun] ep3 b6400 loss=5.633
[ft-mun] ep3 b6420 loss=4.638
[ft-mun] ep3 b6440 loss=4.608
[ft-mun] ep3 b6460 loss=5.543
[ft-mun] ep3 b6480 loss=4.467
[ft-mun] ep3 b6500 loss=4.926
[ft-mun] ep3 b6520 loss=4.452
[ft-mun] ep3 b6540 loss=4.069
[ft-mun] ep3 b6560 loss=4.701
[ft-mun] ep3 b6580 loss=4.447
[ft-mun] ep3 b6600 loss=5.044
[ft-mun] ep3 b6620 loss=5.164
[ft-mun] ep3 b6640 loss=5.050
[ft-mun] ep3 b6660 loss=4.614
[ft-mun] ep3 b6680 loss=4.394
[ft-mun] ep3 b6700 loss=3.795
[ft-mun] ep3 b6720 loss=4.772
[ft-mun] ep3 b6740 loss=3.895
[ft-mun] ep3 b6760 loss=4.420
[ft-mun] ep3 b6780 loss=4.316
[ft-mun] ep3 b6800 loss=5.009
[ft-mun] ep3 b6820 loss=4.920
[ft-mun] ep3 b6840 loss=4.591
[ft-mun] ep3 b6860 loss=4.981
[ft-mun] ep3 b6880 loss=4.476
[ft-mun] ep3 b6900 loss=4.838
[ft-mun] ep3 b6920 loss=3.810
[ft-mun] ep3 b6940 loss=4.088
[ft-mun] ep3 b6960 loss=5.050
[ft-mun] ep3 b6980 loss=6.175
[ft-mun] ep3 b7000 loss=4.832
[ft-mun] ep3 b7020 loss=4.327
[ft-mun] ep3 b7040 loss=5.208
[ft-mun] ep3 b7060 loss=5.013
[ft-mun] ep3 b7080 loss=4.110
[ft-mun] ep3 b7100 loss=4.515
[ft-mun] ep3 b7120 loss=4.728
[ft-mun] ep3 b7140 loss=4.473
[ft-mun] ep3 b7160 loss=5.699
[ft-mun] ep3 b7180 loss=4.831
[ft-mun] ep3 b7200 loss=5.117
[ft-mun] ep3 b7220 loss=4.646
[ft-mun] ep3 b7240 loss=4.617
[ft-mun] ep3 b7260 loss=4.518
[ft-mun] ep3 b7280 loss=4.182
[ft-mun] ep3 b7300 loss=4.281
[ft-mun] ep3 b7320 loss=5.601
[ft-mun] ep3 b7340 loss=4.216
[ft-mun] ep3 b7360 loss=5.117
[ft-mun] ep3 b7380 loss=5.347
[ft-mun] ep3 b7400 loss=4.267
[ft-mun] ep3 b7420 loss=5.588
[ft-mun] ep3 b7440 loss=4.436
[ft-mun] ep3 b7460 loss=5.672
[ft-mun] ep3 b7480 loss=4.298
[ft-mun] ep3 b7500 loss=3.785
[ft-mun] ep3 b7520 loss=4.678
[ft-mun] ep3 b7540 loss=5.116
[ft-mun] ep3 b7560 loss=4.602
[ft-mun] ep3 b7580 loss=4.548
[ft-mun] ep3 b7600 loss=5.079
[ft-mun] ep3 b7620 loss=3.988
[ft-mun] ep3 b7640 loss=5.157
[ft-mun] ep3 b7660 loss=3.909
[ft-mun] ep3 b7680 loss=4.294
[ft-mun] ep3 b7700 loss=4.098
[ft-mun] ep3 b7720 loss=4.484
[ft-mun] ep3 b7740 loss=3.957
[ft-mun] ep3 b7760 loss=5.180
[ft-mun] ep3 b7780 loss=5.515
[ft-mun] ep3 b7800 loss=4.254
[ft-mun] ep3 b7820 loss=4.312
[ft-mun] ep3 b7840 loss=4.785
[ft-mun] ep3 b7860 loss=3.717
[ft-mun] ep3 b7880 loss=3.999
[ft-mun] ep3 b7900 loss=4.778
[ft-mun] ep3 b7920 loss=5.073
[ft-mun] ep3 b7940 loss=5.067
[ft-mun] ep3 b7960 loss=4.681
[ft-mun] ep3 b7980 loss=4.450
[ft-mun] ep3 b8000 loss=4.925
[ft-mun] ep3 b8020 loss=4.148
[ft-mun] ep3 b8040 loss=4.789
[ft-mun] ep3 b8060 loss=4.760
[ft-mun] ep3 b8080 loss=5.565
[ft-mun] ep3 b8100 loss=4.242
[ft-mun] ep3 b8120 loss=4.678
[ft-mun] ep3 b8140 loss=4.771
[ft-mun] ep3 b8160 loss=4.933
[ft-mun] ep3 b8180 loss=4.857
[ft-mun] ep3 b8200 loss=5.084
[ft-mun] ep3 b8220 loss=5.241
[ft-mun] ep3 b8240 loss=3.992
[ft-mun] ep3 b8260 loss=5.194
[ft-mun] ep3 b8280 loss=4.058
[ft-mun] ep3 b8300 loss=5.037
[ft-mun] ep3 b8320 loss=3.877
[ft-mun] ep3 b8340 loss=5.864
[ft-mun] ep3 b8360 loss=4.852
[ft-mun] ep3 b8380 loss=5.605
[ft-mun] ep3 b8400 loss=4.360
[ft-mun] ep3 b8420 loss=3.982
[ft-mun] ep3 b8440 loss=4.571
[ft-mun] ep3 b8460 loss=4.561
[ft-mun] ep3 b8480 loss=5.680
[ft-mun] ep3 b8500 loss=5.295
[ft-mun] ep3 b8520 loss=4.305
[ft-mun] ep3 b8540 loss=4.928
[ft-mun] ep3 b8560 loss=5.040
[ft-mun] ep3 b8580 loss=4.450
[ft-mun] ep3 b8600 loss=5.626
[ft-mun] ep3 b8620 loss=5.073
[ft-mun] ep3 b8640 loss=4.660
[ft-mun] ep3 b8660 loss=4.471
[ft-mun] ep3 b8680 loss=4.729
[ft-mun] ep3 b8700 loss=4.025
[ft-mun] ep3 b8720 loss=4.568
[ft-mun] ep3 b8740 loss=5.344
[ft-mun] ep3 b8760 loss=5.925
[ft-mun] ep3 b8780 loss=5.281
[ft-mun] ep3 b8800 loss=4.471
[ft-mun] ep3 b8820 loss=4.491
[ft-mun] ep3 b8840 loss=4.846
[ft-mun] ep3 b8860 loss=4.408
[ft-mun] ep3 b8880 loss=4.153
[ft-mun] ep3 b8900 loss=4.210
[ft-mun] ep3 b8920 loss=4.842
[ft-mun] ep3 b8940 loss=4.310
[ft-mun] ep3 b8960 loss=5.282
[ft-mun] ep3 b8980 loss=4.818
[ft-mun] ep3 b9000 loss=4.511
[ft-mun] ep3 b9020 loss=4.606
[ft-mun] ep3 b9040 loss=4.531
[ft-mun] ep3 b9060 loss=3.815
[ft-mun] ep3 b9080 loss=4.738
[ft-mun] ep3 b9100 loss=4.416
[ft-mun] ep3 b9120 loss=4.629
[ft-mun] ep3 b9140 loss=4.935
[ft-mun] ep3 b9160 loss=4.018
[ft-mun] ep3 b9180 loss=5.638
[ft-mun] ep3 b9200 loss=4.812
[ft-mun] ep3 b9220 loss=4.840
[ft-mun] ep3 b9240 loss=4.362
[ft-mun] ep3 b9260 loss=4.457
[ft-mun] ep3 b9280 loss=4.881
[ft-mun] ep3 b9300 loss=3.876
[ft-mun] ep3 b9320 loss=5.031
[ft-mun] ep3 b9340 loss=4.373
[ft-mun] ep3 b9360 loss=4.548
[ft-mun] ep3 b9380 loss=4.898
[ft-mun] ep3 b9400 loss=4.424
[ft-mun] ep3 b9420 loss=4.862
[ft-mun] ep3 b9440 loss=5.963
[ft-mun] ep3 b9460 loss=4.617
[ft-mun] ep3 b9480 loss=4.430
[ft-mun] ep3 b9500 loss=4.675
[ft-mun] ep3 b9520 loss=5.043
[ft-mun] ep3 b9540 loss=6.462
[ft-mun] ep3 b9560 loss=4.067
[ft-mun] ep3 b9580 loss=5.247
[ft-mun] ep3 b9600 loss=4.449
[ft-mun] ep3 b9620 loss=4.716
[ft-mun] ep3 b9640 loss=5.037
[ft-mun] ep3 b9660 loss=4.666
[ft-mun] ep3 b9680 loss=4.044
[ft-mun] ep3 b9700 loss=4.881
[ft-mun] ep3 b9720 loss=4.478
[ft-mun] ep3 b9740 loss=4.551
[ft-mun] ep3 b9760 loss=5.316
[ft-mun] ep3 b9780 loss=4.457
[ft-mun] ep3 b9800 loss=4.265
[ft-mun] ep3 b9820 loss=4.252
[ft-mun] ep3 b9840 loss=4.596
[ft-mun] ep3 b9860 loss=4.083
[ft-mun] ep3 b9880 loss=4.551
[ft-mun] ep3 b9900 loss=4.361
[ft-mun] ep3 b9920 loss=4.215
[ft-mun] ep3 b9940 loss=4.105
[ft-mun] ep3 b9960 loss=4.045
[ft-mun] ep3 b9980 loss=4.179
[ft-mun] ep3 b10000 loss=5.663
[ft-mun] ep3 b10020 loss=5.294
[ft-mun] ep3 b10040 loss=5.023
[ft-mun] ep3 b10060 loss=4.477
[ft-mun] ep3 b10080 loss=4.157
[ft-mun] ep3 b10100 loss=4.051
[ft-mun] ep3 b10120 loss=5.228
[ft-mun] ep3 b10140 loss=4.573
[ft-mun] ep3 b10160 loss=4.163
[ft-mun] ep3 b10180 loss=5.797
[ft-mun] ep3 b10200 loss=4.100
[ft-mun] ep3 b10220 loss=4.547
[ft-mun] ep3 b10240 loss=4.911
[ft-mun] ep3 b10260 loss=5.315
[ft-mun] ep3 b10280 loss=4.647
[ft-mun] ep3 b10300 loss=4.121
[ft-mun] ep3 b10320 loss=4.400
[ft-mun] ep3 b10340 loss=4.234
[ft-mun] ep3 b10360 loss=5.284
[ft-mun] ep3 b10380 loss=4.579
[ft-mun] ep3 b10400 loss=4.105
[ft-mun] ep3 b10420 loss=4.203
[ft-mun] ep3 b10440 loss=3.886
[ft-mun] ep3 b10460 loss=3.963
[ft-mun] ep3 b10480 loss=4.572
[ft-mun] ep3 b10500 loss=4.870
[ft-mun] ep3 b10520 loss=4.542
[ft-mun] ep3 b10540 loss=5.049
[ft-mun] ep3 b10560 loss=5.176
[ft-mun] ep3 b10580 loss=5.558
[ft-mun] ep3 b10600 loss=5.789
[ft-mun] ep3 b10620 loss=4.331
[ft-mun] ep3 b10640 loss=3.912
[ft-mun] ep3 b10660 loss=4.352
[ft-mun] ep3 b10680 loss=4.463
[ft-mun] ep3 b10700 loss=3.567
[ft-mun] ep3 b10720 loss=4.840
[ft-mun] ep3 b10740 loss=4.420
[ft-mun] ep3 b10760 loss=4.621
[ft-mun] ep3 b10780 loss=4.470
[ft-mun] ep3 b10800 loss=4.017
[ft-mun] ep3 b10820 loss=6.121
[ft-mun] ep3 b10840 loss=4.716
[ft-mun] ep3 b10860 loss=3.841
[ft-mun] ep3 b10880 loss=4.830
[ft-mun] ep3 b10900 loss=5.340
[ft-mun] ep3 b10920 loss=5.397
[ft-mun] ep3 b10940 loss=4.739
[ft-mun] ep3 b10960 loss=4.984
[ft-mun] ep3 b10980 loss=3.664
[ft-mun] ep3 b11000 loss=4.697
[ft-mun] ep3 b11020 loss=5.049
[ft-mun] ep3 b11040 loss=5.623
[ft-mun] ep3 b11060 loss=4.928
[ft-mun] ep3 b11080 loss=4.194
[ft-mun] ep3 b11100 loss=4.399
[ft-mun] ep3 b11120 loss=3.839
[ft-mun] ep3 b11140 loss=5.306
[ft-mun] ep3 b11160 loss=4.255
[ft-mun] ep3 b11180 loss=4.501
[ft-mun] ep3 b11200 loss=3.872
[ft-mun] ep3 b11220 loss=4.772
[ft-mun] ep3 b11240 loss=4.545
[ft-mun] ep3 b11260 loss=4.472
[ft-mun] ep3 b11280 loss=3.987
[ft-mun] ep3 b11300 loss=4.810
[ft-mun] ep3 b11320 loss=4.314
[ft-mun] ep3 b11340 loss=4.580
[ft-mun] ep3 b11360 loss=5.002
[ft-mun] ep3 b11380 loss=5.277
[ft-mun] ep3 b11400 loss=4.408
[ft-mun] ep3 b11420 loss=4.830
[ft-mun] ep3 b11440 loss=4.265
[ft-mun] ep3 b11460 loss=4.623
[ft-mun] ep3 b11480 loss=4.583
[ft-mun] ep3 b11500 loss=5.010
[ft-mun] ep3 b11520 loss=5.231
[ft-mun] ep3 b11540 loss=4.589
[ft-mun] ep3 b11560 loss=5.406
[ft-mun] ep3 b11580 loss=4.859
[ft-mun] ep3 b11600 loss=4.257
[ft-mun] ep3 b11620 loss=4.662
[ft-mun] ep3 b11640 loss=4.825
[ft-mun] ep3 b11660 loss=4.902
[ft-mun] ep3 b11680 loss=3.616
[ft-mun] ep3 b11700 loss=5.358
[ft-mun] ep3 b11720 loss=4.451
[ft-mun] ep3 b11740 loss=4.342
[ft-mun] ep3 b11760 loss=4.888
[ft-mun] ep3 b11780 loss=4.177
[ft-mun] ep3 b11800 loss=4.366
[ft-mun] ep3 b11820 loss=3.599
[ft-mun] ep3 b11840 loss=4.545
[ft-mun] ep3 b11860 loss=4.741
[ft-mun] ep3 b11880 loss=4.483
[ft-mun] ep3 b11900 loss=5.102
[ft-mun] ep3 b11920 loss=5.007
[ft-mun] ep3 b11940 loss=4.944
[ft-mun] ep3 b11960 loss=5.776
[ft-mun] ep3 b11980 loss=3.938
[ft-mun] ep3 b12000 loss=5.688
[ft-mun] ep3 b12020 loss=4.301
[ft-mun] ep3 b12040 loss=4.716
[ft-mun] ep3 b12060 loss=4.688
[ft-mun] ep3 b12080 loss=5.277
[ft-mun] ep3 b12100 loss=4.777
[ft-mun] ep3 b12120 loss=4.107
[ft-mun] ep3 b12140 loss=5.096
[ft-mun] ep3 b12160 loss=5.340
[ft-mun] ep3 b12180 loss=4.349
[ft-mun] ep3 b12200 loss=4.466
[ft-mun] ep3 b12220 loss=4.587
[ft-mun] ep3 b12240 loss=4.345
[ft-mun] ep3 b12260 loss=4.265
[ft-mun] ep3 b12280 loss=5.357
[ft-mun] ep3 b12300 loss=5.963
[ft-mun] ep3 b12320 loss=4.217
[ft-mun] ep3 b12340 loss=4.782
[ft-mun] ep3 b12360 loss=5.515
[ft-mun] ep3 b12380 loss=5.012
[ft-mun] ep3 b12400 loss=3.966
[ft-mun] ep3 b12420 loss=4.164
[ft-mun] ep3 b12440 loss=5.705
[ft-mun] ep3 b12460 loss=4.354
[ft-mun] ep3 b12480 loss=4.393
[ft-mun] ep3 b12500 loss=3.864
[ft-mun] ep3 b12520 loss=4.583
[ft-mun] ep3 b12540 loss=5.027
[ft-mun] ep3 b12560 loss=5.062
[ft-mun] ep3 b12580 loss=5.451
[ft-mun] ep3 b12600 loss=4.627
[ft-mun] ep3 b12620 loss=4.963
[ft-mun] ep3 b12640 loss=4.510
[ft-mun] ep3 b12660 loss=4.345
[ft-mun] ep3 b12680 loss=4.794
[ft-mun] ep3 b12700 loss=5.275
[ft-mun] ep3 b12720 loss=4.637
[ft-mun] ep3 b12740 loss=4.625
[ft-mun] ep3 b12760 loss=4.746
[ft-mun] ep3 b12780 loss=4.900
[ft-mun] ep3 b12800 loss=4.759
[ft-mun] ep3 b12820 loss=3.835
[ft-mun] ep3 b12840 loss=4.676
[ft-mun] ep3 b12860 loss=4.510
[ft-mun] ep3 b12880 loss=4.524
[ft-mun] ep3 b12900 loss=5.253
[ft-mun] ep3 b12920 loss=4.409
[ft-mun] ep3 b12940 loss=4.983
[ft-mun] ep3 b12960 loss=4.381
[ft-mun] ep3 b12980 loss=5.024
[ft-mun] ep3 b13000 loss=4.821
[ft-mun] ep3 b13020 loss=4.354
[ft-mun] ep3 b13040 loss=5.459
[ft-mun] ep3 b13060 loss=4.543
[ft-mun] ep3 b13080 loss=4.401
[ft-mun] ep3 b13100 loss=5.045
[ft-mun] ep3 b13120 loss=4.077
[ft-mun] ep3 b13140 loss=5.412
[ft-mun] ep3 b13160 loss=5.223
[ft-mun] ep3 b13180 loss=5.794
[ft-mun] ep3 b13200 loss=4.595
[ft-mun] ep3 b13220 loss=4.887
[ft-mun] ep3 b13240 loss=5.272
[ft-mun] ep3 b13260 loss=4.675
[ft-mun] ep3 b13280 loss=4.677
[ft-mun] ep3 b13300 loss=4.963
[ft-mun] ep3 b13320 loss=4.803
[ft-mun] ep3 b13340 loss=3.645
[ft-mun] ep3 b13360 loss=5.559
[ft-mun] ep3 b13380 loss=4.895
[ft-mun] ep3 b13400 loss=5.374
[ft-mun] ep3 b13420 loss=4.966
[ft-mun] ep3 b13440 loss=3.541
[ft-mun] ep3 b13460 loss=4.301
[ft-mun] ep3 b13480 loss=4.173
[ft-mun] ep3 b13500 loss=4.510
[ft-mun] ep3 b13520 loss=4.372
[ft-mun] ep3 b13540 loss=4.744
[ft-mun] ep3 b13560 loss=4.681
[ft-mun] ep3 b13580 loss=4.652
[ft-mun] ep3 b13600 loss=4.377
[ft-mun] ep3 b13620 loss=3.920
[ft-mun] ep3 b13640 loss=3.729
[ft-mun] ep3 b13660 loss=4.734
[ft-mun] ep3 b13680 loss=3.909
[ft-mun] ep3 b13700 loss=4.728
[ft-mun] ep3 b13720 loss=5.249
[ft-mun] ep3 b13740 loss=5.987
[ft-mun] ep3 b13760 loss=4.580
[ft-mun] ep3 b13780 loss=5.029
[ft-mun] ep3 b13800 loss=4.573
[ft-mun] ep3 b13820 loss=4.394
[ft-mun] ep3 b13840 loss=4.588
[ft-mun] ep3 b13860 loss=4.280
[ft-mun] ep3 b13880 loss=4.007
[ft-mun] ep3 b13900 loss=4.374
[ft-mun] ep3 b13920 loss=4.177
[ft-mun] ep3 b13940 loss=4.907
[ft-mun] ep3 b13960 loss=5.056
[ft-mun] ep3 b13980 loss=5.228
[ft-mun] ep3 b14000 loss=4.642
[ft-mun] ep3 b14020 loss=4.506
[ft-mun] ep3 b14040 loss=4.405
[ft-mun] ep3 b14060 loss=5.152
[ft-mun] ep3 b14080 loss=4.382
[ft-mun] ep3 b14100 loss=5.528
[ft-mun] ep3 b14120 loss=5.336
[ft-mun] ep3 b14140 loss=4.624
[ft-mun] ep3 b14160 loss=5.690
[ft-mun] ep3 b14180 loss=4.475
[ft-mun] ep3 b14200 loss=4.245
[ft-mun] ep3 b14220 loss=6.434
[ft-mun] ep3 b14240 loss=4.999
[ft-mun] ep3 b14260 loss=3.779
[ft-mun] ep3 b14280 loss=4.319
[ft-mun] ep3 b14300 loss=5.147
[ft-mun] ep3 b14320 loss=4.835
[ft-mun] ep3 b14340 loss=4.474
[ft-mun] ep3 b14360 loss=5.006
[ft-mun] ep3 b14380 loss=5.058
[ft-mun] ep3 b14400 loss=4.821
[ft-mun] ep3 b14420 loss=5.420
[ft-mun] ep3 b14440 loss=4.102
[ft-mun] ep3 b14460 loss=5.186
[ft-mun] ep3 b14480 loss=5.125
[ft-mun] ep3 b14500 loss=4.964
[ft-mun] ep3 b14520 loss=4.150
[ft-mun] ep3 b14540 loss=3.861
[ft-mun] ep3 b14560 loss=4.260
[ft-mun] ep3 b14580 loss=5.146
[ft-mun] ep3 b14600 loss=4.641
[ft-mun] ep3 b14620 loss=4.798
[ft-mun] ep3 b14640 loss=4.840
[ft-mun] ep3 b14660 loss=4.400
[ft-mun] ep3 b14680 loss=4.874
[ft-mun] ep3 b14700 loss=4.177
[ft-mun] ep3 b14720 loss=3.828
[ft-mun] ep3 b14740 loss=4.639
[ft-mun] ep3 b14760 loss=5.021
[ft-mun] ep3 b14780 loss=3.922
[ft-mun] ep3 b14800 loss=4.476
[ft-mun] ep3 b14820 loss=4.846
[ft-mun] ep3 b14840 loss=4.654
[ft-mun] ep3 b14860 loss=4.000
[ft-mun] ep3 b14880 loss=4.507
[ft-mun] ep3 b14900 loss=5.463
[ft-mun] ep3 b14920 loss=4.022
[ft-mun] ep3 b14940 loss=4.352
[ft-mun] ep3 b14960 loss=4.271
[ft-mun] ep3 b14980 loss=4.209
[ft-mun] ep3 b15000 loss=4.849
[ft-mun] ep3 b15020 loss=4.235
[ft-mun] ep3 b15040 loss=4.015
[ft-mun] ep3 b15060 loss=4.888
[ft-mun] ep3 b15080 loss=4.100
[ft-mun] ep3 b15100 loss=4.393
[ft-mun] ep3 b15120 loss=4.143
[ft-mun] ep3 b15140 loss=4.011
[ft-mun] ep3 b15160 loss=4.775
[ft-mun] ep3 b15180 loss=4.234
[ft-mun] ep3 b15200 loss=5.046
[ft-mun] ep3 b15220 loss=3.824
[ft-mun] ep3 b15240 loss=5.509
[ft-mun] ep3 b15260 loss=4.105
[ft-mun] ep3 b15280 loss=5.945
[ft-mun] ep3 b15300 loss=3.704
[ft-mun] ep3 b15320 loss=5.052
[ft-mun] ep3 b15340 loss=4.631
[ft-mun] ep3 b15360 loss=3.358
[ft-mun] ep3 b15380 loss=5.437
[ft-mun] ep3 b15400 loss=4.119
[ft-mun] ep3 b15420 loss=4.359
[ft-mun] ep3 b15440 loss=4.827
[ft-mun] ep3 b15460 loss=3.673
[ft-mun] ep3 b15480 loss=5.131
[ft-mun] ep3 b15500 loss=4.097
[ft-mun] ep3 b15520 loss=3.782
[ft-mun] ep3 b15540 loss=4.413
[ft-mun] ep3 b15560 loss=5.353
[ft-mun] ep3 b15580 loss=4.238
[ft-mun] ep3 b15600 loss=5.507
[ft-mun] ep3 b15620 loss=4.465
[ft-mun] ep3 b15640 loss=3.916
[ft-mun] ep3 b15660 loss=5.267
[ft-mun] ep3 b15680 loss=4.645
[ft-mun] ep3 b15700 loss=4.269
[ft-mun] ep3 b15720 loss=3.933
[ft-mun] ep3 b15740 loss=5.086
[ft-mun] ep3 b15760 loss=4.354
[ft-mun] ep3 b15780 loss=4.186
[ft-mun] ep3 b15800 loss=5.221
[ft-mun] ep3 b15820 loss=5.081
[ft-mun] ep3 b15840 loss=3.716
[ft-mun] ep3 b15860 loss=4.363
[ft-mun] ep3 b15880 loss=4.912
[ft-mun] ep3 b15900 loss=4.415
[ft-mun] ep3 b15920 loss=4.692
[ft-mun] ep3 b15940 loss=5.107
[ft-mun] ep3 b15960 loss=3.711
[ft-mun] ep3 b15980 loss=4.601
[ft-mun] ep3 b16000 loss=4.500
[ft-mun] ep3 b16020 loss=4.638
[ft-mun] ep3 b16040 loss=4.125
[ft-mun] ep3 b16060 loss=5.289
[ft-mun] ep3 b16080 loss=4.653
[ft-mun] ep3 b16100 loss=4.882
[ft-mun] ep3 b16120 loss=4.458
[ft-mun] ep3 b16140 loss=4.446
[ft-mun] ep3 b16160 loss=5.421
[ft-mun] ep3 b16180 loss=4.686
[ft-mun] ep3 b16200 loss=4.341
[ft-mun] ep3 b16220 loss=4.490
[ft-mun] ep3 b16240 loss=4.405
[ft-mun] ep3 b16260 loss=5.552
[ft-mun] ep3 b16280 loss=4.528
[ft-mun] ep3 b16300 loss=4.804
[ft-mun] ep3 b16320 loss=4.095
[ft-mun] ep3 b16340 loss=5.886
[ft-mun] ep3 b16360 loss=5.001
[ft-mun] ep3 b16380 loss=4.849
[ft-mun] ep3 b16400 loss=4.241
[ft-mun] ep3 b16420 loss=5.052
[ft-mun] ep3 b16440 loss=4.797
[ft-mun] ep3 b16460 loss=4.222
[ft-mun] ep3 b16480 loss=4.305
[ft-mun] ep3 b16500 loss=3.756
[ft-mun] ep3 b16520 loss=4.656
[ft-mun] ep3 b16540 loss=4.470
[ft-mun] ep3 b16560 loss=4.641
[ft-mun] ep3 b16580 loss=4.338
[ft-mun] ep3 b16600 loss=4.477
[ft-mun] ep3 b16620 loss=4.595
[ft-mun] ep3 b16640 loss=4.699
[ft-mun] ep3 b16660 loss=4.649
[ft-mun] ep3 b16680 loss=4.310
[ft-mun] ep3 b16700 loss=4.984
[ft-mun] ep3 b16720 loss=3.784
[ft-mun] ep3 b16740 loss=4.085
[ft-mun] ep3 b16760 loss=5.495
[ft-mun] ep3 b16780 loss=5.157
[ft-mun] ep3 b16800 loss=4.176
[ft-mun] ep3 b16820 loss=4.683
[ft-mun] ep3 b16840 loss=4.587
[ft-mun] ep3 b16860 loss=4.329
[ft-mun] ep3 b16880 loss=5.100
[ft-mun] ep3 b16900 loss=4.527
[ft-mun] ep3 b16920 loss=4.740
[ft-mun] ep3 b16940 loss=4.716
[ft-mun] ep3 train_loss=4.706 dev_loss=4.604
[ft-mun] saved adapter -> ml/finetune/it2_mundari_combined
