[ft-mun] 33907 train / 3767 dev -> unr_Deva
/home/clutch/.local/lib/python3.14/site-packages/transformers/tokenization_utils_base.py:3953: UserWarning: `as_target_tokenizer` is deprecated and will be removed in v5 of Transformers. You can tokenize your labels by using the argument `text_target` of the regular `__call__` method (either in the same call as your input texts if you use the same keyword arguments, or in a separate call.
  warnings.warn(
[ft-mun] resumed 432 LoRA tensors from disk, continuing
/home/clutch/Desktop/Vachak/ml/translation/scripts/finetune_mundari.py:172: FutureWarning: `torch.cuda.amp.GradScaler(args...)` is deprecated. Please use `torch.amp.GradScaler('cuda', args...)` instead.
  scaler = torch.cuda.amp.GradScaler()
/home/clutch/Desktop/Vachak/ml/translation/scripts/finetune_mundari.py:180: FutureWarning: `torch.cuda.amp.autocast(args...)` is deprecated. Please use `torch.amp.autocast('cuda', args...)` instead.
  with torch.cuda.amp.autocast(dtype=torch.float16):
trainable params: 3,538,944 || all params: 199,050,240 || trainable%: 1.7779
[ft-mun] ep1 b0 loss=4.660
[ft-mun] ep1 b20 loss=4.576
[ft-mun] ep1 b40 loss=4.854
[ft-mun] ep1 b60 loss=4.278
[ft-mun] ep1 b80 loss=4.907
[ft-mun] ep1 b100 loss=4.834
[ft-mun] ep1 b120 loss=4.450
[ft-mun] ep1 b140 loss=5.573
[ft-mun] ep1 b160 loss=4.488
[ft-mun] ep1 b180 loss=4.358
[ft-mun] ep1 b200 loss=5.199
[ft-mun] ep1 b220 loss=5.015
[ft-mun] ep1 b240 loss=5.450
[ft-mun] ep1 b260 loss=4.964
[ft-mun] ep1 b280 loss=4.770
[ft-mun] ep1 b300 loss=4.891
[ft-mun] ep1 b320 loss=4.795
[ft-mun] ep1 b340 loss=4.816
[ft-mun] ep1 b360 loss=5.089
[ft-mun] ep1 b380 loss=4.438
[ft-mun] ep1 b400 loss=4.336
[ft-mun] ep1 b420 loss=4.263
[ft-mun] ep1 b440 loss=4.667
[ft-mun] ep1 b460 loss=4.697
[ft-mun] ep1 b480 loss=4.794
[ft-mun] ep1 b500 loss=4.256
[ft-mun] ep1 b520 loss=4.392
[ft-mun] ep1 b540 loss=5.032
[ft-mun] ep1 b560 loss=4.636
[ft-mun] ep1 b580 loss=4.220
[ft-mun] ep1 b600 loss=4.042
[ft-mun] ep1 b620 loss=4.964
[ft-mun] ep1 b640 loss=4.226
[ft-mun] ep1 b660 loss=4.315
[ft-mun] ep1 b680 loss=4.138
[ft-mun] ep1 b700 loss=4.169
[ft-mun] ep1 b720 loss=5.343
[ft-mun] ep1 b740 loss=4.643
[ft-mun] ep1 b760 loss=4.410
[ft-mun] ep1 b780 loss=4.721
[ft-mun] ep1 b800 loss=4.293
[ft-mun] ep1 b820 loss=3.996
[ft-mun] ep1 b840 loss=4.128
[ft-mun] ep1 b860 loss=4.820
[ft-mun] ep1 b880 loss=4.679
[ft-mun] ep1 b900 loss=4.355
[ft-mun] ep1 b920 loss=4.268
[ft-mun] ep1 b940 loss=4.953
[ft-mun] ep1 b960 loss=4.687
[ft-mun] ep1 b980 loss=4.751
[ft-mun] ep1 b1000 loss=4.473
[ft-mun] ep1 b1020 loss=4.629
[ft-mun] ep1 b1040 loss=4.553
[ft-mun] ep1 b1060 loss=4.372
[ft-mun] ep1 b1080 loss=5.215
[ft-mun] ep1 b1100 loss=4.322
[ft-mun] ep1 b1120 loss=4.685
[ft-mun] ep1 b1140 loss=5.295
[ft-mun] ep1 b1160 loss=5.388
[ft-mun] ep1 b1180 loss=4.370
[ft-mun] ep1 b1200 loss=5.058
[ft-mun] ep1 b1220 loss=4.591
[ft-mun] ep1 b1240 loss=4.759
[ft-mun] ep1 b1260 loss=4.756
[ft-mun] ep1 b1280 loss=4.876
[ft-mun] ep1 b1300 loss=3.967
[ft-mun] ep1 b1320 loss=4.783
[ft-mun] ep1 b1340 loss=4.665
[ft-mun] ep1 b1360 loss=4.268
[ft-mun] ep1 b1380 loss=4.250
[ft-mun] ep1 b1400 loss=5.224
[ft-mun] ep1 b1420 loss=4.940
[ft-mun] ep1 b1440 loss=4.289
[ft-mun] ep1 b1460 loss=4.623
[ft-mun] ep1 b1480 loss=5.077
[ft-mun] ep1 b1500 loss=4.789
[ft-mun] ep1 b1520 loss=4.504
[ft-mun] ep1 b1540 loss=4.839
[ft-mun] ep1 b1560 loss=5.362
[ft-mun] ep1 b1580 loss=4.773
[ft-mun] ep1 b1600 loss=4.323
[ft-mun] ep1 b1620 loss=4.916
[ft-mun] ep1 b1640 loss=4.471
[ft-mun] ep1 b1660 loss=4.333
[ft-mun] ep1 b1680 loss=4.682
[ft-mun] ep1 b1700 loss=4.748
[ft-mun] ep1 b1720 loss=4.991
[ft-mun] ep1 b1740 loss=4.399
[ft-mun] ep1 b1760 loss=4.325
[ft-mun] ep1 b1780 loss=4.556
[ft-mun] ep1 b1800 loss=4.568
[ft-mun] ep1 b1820 loss=4.232
[ft-mun] ep1 b1840 loss=5.417
[ft-mun] ep1 b1860 loss=4.564
[ft-mun] ep1 b1880 loss=3.747
[ft-mun] ep1 b1900 loss=3.927
[ft-mun] ep1 b1920 loss=5.621
[ft-mun] ep1 b1940 loss=4.982
[ft-mun] ep1 b1960 loss=5.776
[ft-mun] ep1 b1980 loss=5.214
[ft-mun] ep1 b2000 loss=4.693
[ft-mun] ep1 b2020 loss=4.877
[ft-mun] ep1 b2040 loss=4.322
[ft-mun] ep1 b2060 loss=4.293
[ft-mun] ep1 b2080 loss=4.262
[ft-mun] ep1 b2100 loss=4.958
[ft-mun] ep1 b2120 loss=4.526
[ft-mun] ep1 b2140 loss=4.232
[ft-mun] ep1 b2160 loss=4.446
[ft-mun] ep1 b2180 loss=5.254
[ft-mun] ep1 b2200 loss=5.446
[ft-mun] ep1 b2220 loss=4.768
[ft-mun] ep1 b2240 loss=4.821
[ft-mun] ep1 b2260 loss=4.559
[ft-mun] ep1 b2280 loss=5.525
[ft-mun] ep1 b2300 loss=4.550
[ft-mun] ep1 b2320 loss=4.867
[ft-mun] ep1 b2340 loss=4.307
[ft-mun] ep1 b2360 loss=4.831
[ft-mun] ep1 b2380 loss=4.988
[ft-mun] ep1 b2400 loss=3.962
[ft-mun] ep1 b2420 loss=4.479
[ft-mun] ep1 b2440 loss=4.285
[ft-mun] ep1 b2460 loss=4.641
[ft-mun] ep1 b2480 loss=4.600
[ft-mun] ep1 b2500 loss=3.871
[ft-mun] ep1 b2520 loss=4.982
[ft-mun] ep1 b2540 loss=4.579
[ft-mun] ep1 b2560 loss=4.577
[ft-mun] ep1 b2580 loss=4.829
[ft-mun] ep1 b2600 loss=4.948
[ft-mun] ep1 b2620 loss=4.516
[ft-mun] ep1 b2640 loss=4.997
[ft-mun] ep1 b2660 loss=5.359
[ft-mun] ep1 b2680 loss=3.981
[ft-mun] ep1 b2700 loss=5.467
[ft-mun] ep1 b2720 loss=4.632
[ft-mun] ep1 b2740 loss=4.926
[ft-mun] ep1 b2760 loss=4.607
[ft-mun] ep1 b2780 loss=4.339
[ft-mun] ep1 b2800 loss=4.294
[ft-mun] ep1 b2820 loss=4.737
[ft-mun] ep1 b2840 loss=4.726
[ft-mun] ep1 b2860 loss=4.953
[ft-mun] ep1 b2880 loss=5.332
[ft-mun] ep1 b2900 loss=4.512
[ft-mun] ep1 b2920 loss=5.089
[ft-mun] ep1 b2940 loss=5.118
[ft-mun] ep1 b2960 loss=4.398
[ft-mun] ep1 b2980 loss=5.221
[ft-mun] ep1 b3000 loss=4.442
[ft-mun] ep1 b3020 loss=4.775
[ft-mun] ep1 b3040 loss=4.393
[ft-mun] ep1 b3060 loss=4.835
[ft-mun] ep1 b3080 loss=4.339
[ft-mun] ep1 b3100 loss=4.574
[ft-mun] ep1 b3120 loss=4.626
[ft-mun] ep1 b3140 loss=5.532
[ft-mun] ep1 b3160 loss=4.149
[ft-mun] ep1 b3180 loss=5.478
[ft-mun] ep1 b3200 loss=3.755
[ft-mun] ep1 b3220 loss=4.657
[ft-mun] ep1 b3240 loss=5.592
[ft-mun] ep1 b3260 loss=4.692
[ft-mun] ep1 b3280 loss=4.647
[ft-mun] ep1 b3300 loss=4.823
[ft-mun] ep1 b3320 loss=3.957
[ft-mun] ep1 b3340 loss=5.220
[ft-mun] ep1 b3360 loss=4.259
[ft-mun] ep1 b3380 loss=4.133
[ft-mun] ep1 b3400 loss=4.134
[ft-mun] ep1 b3420 loss=4.686
[ft-mun] ep1 b3440 loss=4.968
[ft-mun] ep1 b3460 loss=4.552
[ft-mun] ep1 b3480 loss=4.670
[ft-mun] ep1 b3500 loss=4.796
[ft-mun] ep1 b3520 loss=4.675
[ft-mun] ep1 b3540 loss=4.567
[ft-mun] ep1 b3560 loss=4.402
[ft-mun] ep1 b3580 loss=4.570
[ft-mun] ep1 b3600 loss=4.918
[ft-mun] ep1 b3620 loss=4.472
[ft-mun] ep1 b3640 loss=4.816
[ft-mun] ep1 b3660 loss=4.763
[ft-mun] ep1 b3680 loss=4.896
[ft-mun] ep1 b3700 loss=4.530
[ft-mun] ep1 b3720 loss=4.364
[ft-mun] ep1 b3740 loss=4.409
[ft-mun] ep1 b3760 loss=5.084
[ft-mun] ep1 b3780 loss=4.808
[ft-mun] ep1 b3800 loss=3.946
[ft-mun] ep1 b3820 loss=4.685
[ft-mun] ep1 b3840 loss=4.981
[ft-mun] ep1 b3860 loss=4.553
[ft-mun] ep1 b3880 loss=4.790
[ft-mun] ep1 b3900 loss=4.367
[ft-mun] ep1 b3920 loss=4.827
[ft-mun] ep1 b3940 loss=4.438
[ft-mun] ep1 b3960 loss=4.690
[ft-mun] ep1 b3980 loss=4.651
[ft-mun] ep1 b4000 loss=4.798
[ft-mun] ep1 b4020 loss=4.602
[ft-mun] ep1 b4040 loss=4.674
[ft-mun] ep1 b4060 loss=4.329
[ft-mun] ep1 b4080 loss=4.041
[ft-mun] ep1 b4100 loss=4.309
[ft-mun] ep1 b4120 loss=5.070
[ft-mun] ep1 b4140 loss=5.318
[ft-mun] ep1 b4160 loss=4.472
[ft-mun] ep1 b4180 loss=4.694
[ft-mun] ep1 b4200 loss=5.058
[ft-mun] ep1 b4220 loss=4.318
[ft-mun] ep1 b4240 loss=4.268
[ft-mun] ep1 b4260 loss=4.410
[ft-mun] ep1 b4280 loss=4.514
[ft-mun] ep1 b4300 loss=4.500
[ft-mun] ep1 b4320 loss=4.641
[ft-mun] ep1 b4340 loss=4.755
[ft-mun] ep1 b4360 loss=5.265
[ft-mun] ep1 b4380 loss=4.383
[ft-mun] ep1 b4400 loss=4.750
[ft-mun] ep1 b4420 loss=4.262
[ft-mun] ep1 b4440 loss=3.797
[ft-mun] ep1 b4460 loss=4.556
[ft-mun] ep1 b4480 loss=4.574
[ft-mun] ep1 b4500 loss=4.263
[ft-mun] ep1 b4520 loss=4.967
[ft-mun] ep1 b4540 loss=4.559
[ft-mun] ep1 b4560 loss=4.621
[ft-mun] ep1 b4580 loss=4.529
[ft-mun] ep1 b4600 loss=4.352
[ft-mun] ep1 b4620 loss=4.594
[ft-mun] ep1 b4640 loss=5.150
[ft-mun] ep1 b4660 loss=4.739
[ft-mun] ep1 b4680 loss=4.818
[ft-mun] ep1 b4700 loss=4.719
[ft-mun] ep1 b4720 loss=4.847
[ft-mun] ep1 b4740 loss=4.783
[ft-mun] ep1 b4760 loss=4.470
[ft-mun] ep1 b4780 loss=4.143
[ft-mun] ep1 b4800 loss=4.691
[ft-mun] ep1 b4820 loss=4.787
[ft-mun] ep1 b4840 loss=4.702
[ft-mun] ep1 b4860 loss=5.125
[ft-mun] ep1 b4880 loss=5.349
[ft-mun] ep1 b4900 loss=4.520
[ft-mun] ep1 b4920 loss=4.767
[ft-mun] ep1 b4940 loss=4.731
[ft-mun] ep1 b4960 loss=4.630
[ft-mun] ep1 b4980 loss=4.394
[ft-mun] ep1 b5000 loss=4.682
[ft-mun] ep1 b5020 loss=4.581
[ft-mun] ep1 b5040 loss=4.508
[ft-mun] ep1 b5060 loss=4.667
[ft-mun] ep1 b5080 loss=4.846
[ft-mun] ep1 b5100 loss=4.796
[ft-mun] ep1 b5120 loss=4.443
[ft-mun] ep1 b5140 loss=4.106
[ft-mun] ep1 b5160 loss=4.581
[ft-mun] ep1 b5180 loss=4.448
[ft-mun] ep1 b5200 loss=4.522
[ft-mun] ep1 b5220 loss=4.346
[ft-mun] ep1 b5240 loss=4.274
[ft-mun] ep1 b5260 loss=4.952
[ft-mun] ep1 b5280 loss=4.271
[ft-mun] ep1 b5300 loss=4.456
[ft-mun] ep1 b5320 loss=4.817
[ft-mun] ep1 b5340 loss=4.590
[ft-mun] ep1 b5360 loss=4.895
[ft-mun] ep1 b5380 loss=4.400
[ft-mun] ep1 b5400 loss=4.566
[ft-mun] ep1 b5420 loss=4.979
[ft-mun] ep1 b5440 loss=5.054
[ft-mun] ep1 b5460 loss=4.402
[ft-mun] ep1 b5480 loss=4.643
[ft-mun] ep1 b5500 loss=5.328
[ft-mun] ep1 b5520 loss=4.778
[ft-mun] ep1 b5540 loss=4.695
[ft-mun] ep1 b5560 loss=4.595
[ft-mun] ep1 b5580 loss=4.653
[ft-mun] ep1 b5600 loss=4.763
[ft-mun] ep1 b5620 loss=4.248
[ft-mun] ep1 b5640 loss=4.726
[ft-mun] ep1 b5660 loss=5.408
[ft-mun] ep1 b5680 loss=4.449
[ft-mun] ep1 b5700 loss=4.100
[ft-mun] ep1 b5720 loss=4.307
[ft-mun] ep1 b5740 loss=4.136
[ft-mun] ep1 b5760 loss=5.040
[ft-mun] ep1 b5780 loss=4.867
[ft-mun] ep1 b5800 loss=4.340
[ft-mun] ep1 b5820 loss=5.057
[ft-mun] ep1 b5840 loss=4.251
[ft-mun] ep1 b5860 loss=3.938
[ft-mun] ep1 b5880 loss=4.902
[ft-mun] ep1 b5900 loss=4.901
[ft-mun] ep1 b5920 loss=4.485
[ft-mun] ep1 b5940 loss=4.396
[ft-mun] ep1 b5960 loss=4.237
[ft-mun] ep1 b5980 loss=4.753
[ft-mun] ep1 b6000 loss=4.681
[ft-mun] ep1 b6020 loss=5.322
[ft-mun] ep1 b6040 loss=4.195
[ft-mun] ep1 b6060 loss=4.298
[ft-mun] ep1 b6080 loss=5.097
[ft-mun] ep1 b6100 loss=4.572
[ft-mun] ep1 b6120 loss=4.618
[ft-mun] ep1 b6140 loss=3.987
[ft-mun] ep1 b6160 loss=4.330
[ft-mun] ep1 b6180 loss=4.653
[ft-mun] ep1 b6200 loss=4.775
[ft-mun] ep1 b6220 loss=4.194
[ft-mun] ep1 b6240 loss=4.585
[ft-mun] ep1 b6260 loss=4.161
[ft-mun] ep1 b6280 loss=3.890
[ft-mun] ep1 b6300 loss=5.247
[ft-mun] ep1 b6320 loss=4.006
[ft-mun] ep1 b6340 loss=4.836
[ft-mun] ep1 b6360 loss=4.216
[ft-mun] ep1 b6380 loss=4.782
[ft-mun] ep1 b6400 loss=4.568
[ft-mun] ep1 b6420 loss=4.675
[ft-mun] ep1 b6440 loss=5.360
[ft-mun] ep1 b6460 loss=3.876
[ft-mun] ep1 b6480 loss=5.138
[ft-mun] ep1 b6500 loss=4.976
[ft-mun] ep1 b6520 loss=4.445
[ft-mun] ep1 b6540 loss=4.998
[ft-mun] ep1 b6560 loss=4.525
[ft-mun] ep1 b6580 loss=4.676
[ft-mun] ep1 b6600 loss=4.842
[ft-mun] ep1 b6620 loss=4.155
[ft-mun] ep1 b6640 loss=3.998
[ft-mun] ep1 b6660 loss=4.578
[ft-mun] ep1 b6680 loss=4.801
[ft-mun] ep1 b6700 loss=5.213
[ft-mun] ep1 b6720 loss=4.799
[ft-mun] ep1 b6740 loss=4.598
[ft-mun] ep1 b6760 loss=4.271
[ft-mun] ep1 b6780 loss=4.916
[ft-mun] ep1 b6800 loss=4.657
[ft-mun] ep1 b6820 loss=4.555
[ft-mun] ep1 b6840 loss=4.737
[ft-mun] ep1 b6860 loss=4.804
[ft-mun] ep1 b6880 loss=4.167
[ft-mun] ep1 b6900 loss=4.352
[ft-mun] ep1 b6920 loss=4.849
[ft-mun] ep1 b6940 loss=4.413
[ft-mun] ep1 b6960 loss=4.240
[ft-mun] ep1 b6980 loss=4.701
[ft-mun] ep1 b7000 loss=4.187
[ft-mun] ep1 b7020 loss=4.096
[ft-mun] ep1 b7040 loss=4.494
[ft-mun] ep1 b7060 loss=4.020
[ft-mun] ep1 b7080 loss=4.531
[ft-mun] ep1 b7100 loss=4.700
[ft-mun] ep1 b7120 loss=5.294
[ft-mun] ep1 b7140 loss=4.392
[ft-mun] ep1 b7160 loss=4.530
[ft-mun] ep1 b7180 loss=3.676
[ft-mun] ep1 b7200 loss=4.000
[ft-mun] ep1 b7220 loss=4.462
[ft-mun] ep1 b7240 loss=4.952
[ft-mun] ep1 b7260 loss=4.950
[ft-mun] ep1 b7280 loss=3.701
[ft-mun] ep1 b7300 loss=4.468
[ft-mun] ep1 b7320 loss=4.297
[ft-mun] ep1 b7340 loss=4.086
[ft-mun] ep1 b7360 loss=4.554
[ft-mun] ep1 b7380 loss=4.416
[ft-mun] ep1 b7400 loss=4.856
[ft-mun] ep1 b7420 loss=5.216
[ft-mun] ep1 b7440 loss=5.193
[ft-mun] ep1 b7460 loss=5.410
[ft-mun] ep1 b7480 loss=4.345
[ft-mun] ep1 b7500 loss=4.987
[ft-mun] ep1 b7520 loss=4.681
[ft-mun] ep1 b7540 loss=4.308
[ft-mun] ep1 b7560 loss=4.541
[ft-mun] ep1 b7580 loss=4.594
[ft-mun] ep1 b7600 loss=4.885
[ft-mun] ep1 b7620 loss=5.037
[ft-mun] ep1 b7640 loss=4.678
[ft-mun] ep1 b7660 loss=4.332
[ft-mun] ep1 b7680 loss=4.433
[ft-mun] ep1 b7700 loss=4.289
[ft-mun] ep1 b7720 loss=3.942
[ft-mun] ep1 b7740 loss=4.567
[ft-mun] ep1 b7760 loss=4.862
[ft-mun] ep1 b7780 loss=4.747
[ft-mun] ep1 b7800 loss=5.039
[ft-mun] ep1 b7820 loss=4.216
[ft-mun] ep1 b7840 loss=4.416
[ft-mun] ep1 b7860 loss=4.484
[ft-mun] ep1 b7880 loss=4.417
[ft-mun] ep1 b7900 loss=5.225
[ft-mun] ep1 b7920 loss=4.566
[ft-mun] ep1 b7940 loss=4.353
[ft-mun] ep1 b7960 loss=4.959
[ft-mun] ep1 b7980 loss=4.448
[ft-mun] ep1 b8000 loss=4.543
[ft-mun] ep1 b8020 loss=4.102
[ft-mun] ep1 b8040 loss=4.439
[ft-mun] ep1 b8060 loss=5.323
[ft-mun] ep1 b8080 loss=4.678
[ft-mun] ep1 b8100 loss=4.868
[ft-mun] ep1 b8120 loss=4.705
[ft-mun] ep1 b8140 loss=4.780
[ft-mun] ep1 b8160 loss=4.627
[ft-mun] ep1 b8180 loss=4.701
[ft-mun] ep1 b8200 loss=4.521
[ft-mun] ep1 b8220 loss=5.122
[ft-mun] ep1 b8240 loss=4.809
[ft-mun] ep1 b8260 loss=4.308
[ft-mun] ep1 b8280 loss=4.392
[ft-mun] ep1 b8300 loss=4.801
[ft-mun] ep1 b8320 loss=4.825
[ft-mun] ep1 b8340 loss=4.840
[ft-mun] ep1 b8360 loss=4.219
[ft-mun] ep1 b8380 loss=4.788
[ft-mun] ep1 b8400 loss=4.184
[ft-mun] ep1 b8420 loss=4.154
[ft-mun] ep1 b8440 loss=5.121
[ft-mun] ep1 b8460 loss=4.570
/home/clutch/Desktop/Vachak/ml/translation/scripts/finetune_mundari.py:198: FutureWarning: `torch.cuda.amp.autocast(args...)` is deprecated. Please use `torch.amp.autocast('cuda', args...)` instead.
  with torch.cuda.amp.autocast(dtype=torch.float16):
[ft-mun] ep1 train_loss=4.640 dev_loss=4.543
[ft-mun] ep2 b0 loss=5.199
[ft-mun] ep2 b20 loss=4.543
[ft-mun] ep2 b40 loss=4.542
[ft-mun] ep2 b60 loss=4.492
[ft-mun] ep2 b80 loss=4.324
[ft-mun] ep2 b100 loss=3.825
[ft-mun] ep2 b120 loss=4.911
[ft-mun] ep2 b140 loss=4.524
[ft-mun] ep2 b160 loss=4.362
[ft-mun] ep2 b180 loss=5.253
[ft-mun] ep2 b200 loss=4.174
[ft-mun] ep2 b220 loss=4.993
[ft-mun] ep2 b240 loss=4.767
[ft-mun] ep2 b260 loss=4.752
[ft-mun] ep2 b280 loss=4.017
[ft-mun] ep2 b300 loss=3.739
[ft-mun] ep2 b320 loss=4.206
[ft-mun] ep2 b340 loss=4.657
[ft-mun] ep2 b360 loss=5.447
[ft-mun] ep2 b380 loss=4.528
[ft-mun] ep2 b400 loss=5.113
[ft-mun] ep2 b420 loss=4.502
[ft-mun] ep2 b440 loss=4.562
[ft-mun] ep2 b460 loss=4.515
[ft-mun] ep2 b480 loss=4.328
[ft-mun] ep2 b500 loss=4.550
[ft-mun] ep2 b520 loss=4.842
[ft-mun] ep2 b540 loss=4.326
[ft-mun] ep2 b560 loss=4.045
[ft-mun] ep2 b580 loss=5.417
[ft-mun] ep2 b600 loss=4.807
[ft-mun] ep2 b620 loss=4.287
[ft-mun] ep2 b640 loss=5.140
[ft-mun] ep2 b660 loss=4.644
[ft-mun] ep2 b680 loss=4.667
[ft-mun] ep2 b700 loss=4.332
[ft-mun] ep2 b720 loss=4.577
[ft-mun] ep2 b740 loss=5.561
[ft-mun] ep2 b760 loss=4.573
[ft-mun] ep2 b780 loss=4.799
[ft-mun] ep2 b800 loss=4.011
[ft-mun] ep2 b820 loss=4.742
[ft-mun] ep2 b840 loss=3.918
[ft-mun] ep2 b860 loss=4.438
[ft-mun] ep2 b880 loss=4.465
[ft-mun] ep2 b900 loss=4.826
[ft-mun] ep2 b920 loss=4.994
[ft-mun] ep2 b940 loss=4.639
[ft-mun] ep2 b960 loss=3.871
[ft-mun] ep2 b980 loss=4.147
[ft-mun] ep2 b1000 loss=3.742
[ft-mun] ep2 b1020 loss=4.520
[ft-mun] ep2 b1040 loss=3.782
[ft-mun] ep2 b1060 loss=3.969
[ft-mun] ep2 b1080 loss=5.249
[ft-mun] ep2 b1100 loss=4.861
[ft-mun] ep2 b1120 loss=4.426
[ft-mun] ep2 b1140 loss=3.925
[ft-mun] ep2 b1160 loss=4.668
[ft-mun] ep2 b1180 loss=4.782
[ft-mun] ep2 b1200 loss=4.077
[ft-mun] ep2 b1220 loss=5.125
[ft-mun] ep2 b1240 loss=4.807
[ft-mun] ep2 b1260 loss=4.754
[ft-mun] ep2 b1280 loss=5.212
[ft-mun] ep2 b1300 loss=4.515
[ft-mun] ep2 b1320 loss=3.934
[ft-mun] ep2 b1340 loss=3.972
[ft-mun] ep2 b1360 loss=4.772
[ft-mun] ep2 b1380 loss=4.128
[ft-mun] ep2 b1400 loss=4.750
[ft-mun] ep2 b1420 loss=5.230
[ft-mun] ep2 b1440 loss=4.719
[ft-mun] ep2 b1460 loss=5.083
[ft-mun] ep2 b1480 loss=4.213
[ft-mun] ep2 b1500 loss=5.386
[ft-mun] ep2 b1520 loss=4.556
[ft-mun] ep2 b1540 loss=4.273
[ft-mun] ep2 b1560 loss=4.076
[ft-mun] ep2 b1580 loss=4.408
[ft-mun] ep2 b1600 loss=4.762
[ft-mun] ep2 b1620 loss=4.429
[ft-mun] ep2 b1640 loss=5.106
[ft-mun] ep2 b1660 loss=4.232
[ft-mun] ep2 b1680 loss=4.351
[ft-mun] ep2 b1700 loss=4.022
[ft-mun] ep2 b1720 loss=4.276
[ft-mun] ep2 b1740 loss=4.025
[ft-mun] ep2 b1760 loss=4.777
[ft-mun] ep2 b1780 loss=5.347
[ft-mun] ep2 b1800 loss=4.287
[ft-mun] ep2 b1820 loss=5.620
[ft-mun] ep2 b1840 loss=4.484
[ft-mun] ep2 b1860 loss=4.408
[ft-mun] ep2 b1880 loss=4.370
[ft-mun] ep2 b1900 loss=5.069
[ft-mun] ep2 b1920 loss=4.312
[ft-mun] ep2 b1940 loss=4.779
[ft-mun] ep2 b1960 loss=4.361
[ft-mun] ep2 b1980 loss=4.400
[ft-mun] ep2 b2000 loss=4.207
[ft-mun] ep2 b2020 loss=4.941
[ft-mun] ep2 b2040 loss=5.076
[ft-mun] ep2 b2060 loss=5.198
[ft-mun] ep2 b2080 loss=4.345
[ft-mun] ep2 b2100 loss=4.219
[ft-mun] ep2 b2120 loss=4.785
[ft-mun] ep2 b2140 loss=4.269
[ft-mun] ep2 b2160 loss=5.161
[ft-mun] ep2 b2180 loss=3.999
[ft-mun] ep2 b2200 loss=4.588
[ft-mun] ep2 b2220 loss=4.315
[ft-mun] ep2 b2240 loss=4.630
[ft-mun] ep2 b2260 loss=4.148
[ft-mun] ep2 b2280 loss=4.605
[ft-mun] ep2 b2300 loss=4.293
[ft-mun] ep2 b2320 loss=5.258
[ft-mun] ep2 b2340 loss=4.093
[ft-mun] ep2 b2360 loss=4.868
[ft-mun] ep2 b2380 loss=4.662
[ft-mun] ep2 b2400 loss=4.210
[ft-mun] ep2 b2420 loss=4.107
[ft-mun] ep2 b2440 loss=4.940
[ft-mun] ep2 b2460 loss=4.801
[ft-mun] ep2 b2480 loss=4.536
[ft-mun] ep2 b2500 loss=4.271
[ft-mun] ep2 b2520 loss=4.343
[ft-mun] ep2 b2540 loss=4.231
[ft-mun] ep2 b2560 loss=4.581
[ft-mun] ep2 b2580 loss=4.801
[ft-mun] ep2 b2600 loss=4.326
[ft-mun] ep2 b2620 loss=4.750
[ft-mun] ep2 b2640 loss=4.278
[ft-mun] ep2 b2660 loss=4.743
[ft-mun] ep2 b2680 loss=4.486
[ft-mun] ep2 b2700 loss=4.547
[ft-mun] ep2 b2720 loss=4.497
[ft-mun] ep2 b2740 loss=4.625
[ft-mun] ep2 b2760 loss=4.474
[ft-mun] ep2 b2780 loss=4.283
[ft-mun] ep2 b2800 loss=4.173
[ft-mun] ep2 b2820 loss=4.768
[ft-mun] ep2 b2840 loss=4.330
[ft-mun] ep2 b2860 loss=5.000
[ft-mun] ep2 b2880 loss=4.939
[ft-mun] ep2 b2900 loss=5.055
[ft-mun] ep2 b2920 loss=4.758
[ft-mun] ep2 b2940 loss=5.296
[ft-mun] ep2 b2960 loss=4.658
[ft-mun] ep2 b2980 loss=4.463
[ft-mun] ep2 b3000 loss=5.203
[ft-mun] ep2 b3020 loss=4.703
[ft-mun] ep2 b3040 loss=4.207
[ft-mun] ep2 b3060 loss=4.419
[ft-mun] ep2 b3080 loss=4.471
[ft-mun] ep2 b3100 loss=4.969
[ft-mun] ep2 b3120 loss=4.794
[ft-mun] ep2 b3140 loss=4.359
[ft-mun] ep2 b3160 loss=4.601
[ft-mun] ep2 b3180 loss=4.699
[ft-mun] ep2 b3200 loss=4.785
[ft-mun] ep2 b3220 loss=5.504
[ft-mun] ep2 b3240 loss=4.224
[ft-mun] ep2 b3260 loss=4.581
[ft-mun] ep2 b3280 loss=4.546
[ft-mun] ep2 b3300 loss=4.849
[ft-mun] ep2 b3320 loss=4.181
[ft-mun] ep2 b3340 loss=4.770
[ft-mun] ep2 b3360 loss=4.287
[ft-mun] ep2 b3380 loss=4.555
[ft-mun] ep2 b3400 loss=5.199
[ft-mun] ep2 b3420 loss=4.737
[ft-mun] ep2 b3440 loss=4.467
[ft-mun] ep2 b3460 loss=4.715
[ft-mun] ep2 b3480 loss=4.306
[ft-mun] ep2 b3500 loss=4.927
[ft-mun] ep2 b3520 loss=4.692
[ft-mun] ep2 b3540 loss=4.491
[ft-mun] ep2 b3560 loss=4.250
[ft-mun] ep2 b3580 loss=4.406
[ft-mun] ep2 b3600 loss=4.931
[ft-mun] ep2 b3620 loss=4.501
[ft-mun] ep2 b3640 loss=4.661
[ft-mun] ep2 b3660 loss=4.741
[ft-mun] ep2 b3680 loss=5.526
[ft-mun] ep2 b3700 loss=5.012
[ft-mun] ep2 b3720 loss=4.763
[ft-mun] ep2 b3740 loss=4.788
[ft-mun] ep2 b3760 loss=5.184
[ft-mun] ep2 b3780 loss=4.468
[ft-mun] ep2 b3800 loss=4.859
[ft-mun] ep2 b3820 loss=4.254
[ft-mun] ep2 b3840 loss=5.508
[ft-mun] ep2 b3860 loss=3.845
[ft-mun] ep2 b3880 loss=4.785
[ft-mun] ep2 b3900 loss=4.169
[ft-mun] ep2 b3920 loss=4.628
[ft-mun] ep2 b3940 loss=4.419
[ft-mun] ep2 b3960 loss=4.392
[ft-mun] ep2 b3980 loss=4.508
[ft-mun] ep2 b4000 loss=4.322
[ft-mun] ep2 b4020 loss=4.582
[ft-mun] ep2 b4040 loss=4.127
[ft-mun] ep2 b4060 loss=5.070
[ft-mun] ep2 b4080 loss=4.819
[ft-mun] ep2 b4100 loss=4.698
[ft-mun] ep2 b4120 loss=4.559
[ft-mun] ep2 b4140 loss=4.539
[ft-mun] ep2 b4160 loss=4.642
[ft-mun] ep2 b4180 loss=5.423
[ft-mun] ep2 b4200 loss=4.243
[ft-mun] ep2 b4220 loss=4.454
[ft-mun] ep2 b4240 loss=4.234
[ft-mun] ep2 b4260 loss=4.249
[ft-mun] ep2 b4280 loss=5.252
[ft-mun] ep2 b4300 loss=3.887
[ft-mun] ep2 b4320 loss=4.890
[ft-mun] ep2 b4340 loss=4.581
[ft-mun] ep2 b4360 loss=4.136
[ft-mun] ep2 b4380 loss=5.079
[ft-mun] ep2 b4400 loss=4.434
[ft-mun] ep2 b4420 loss=4.819
[ft-mun] ep2 b4440 loss=4.047
[ft-mun] ep2 b4460 loss=4.676
[ft-mun] ep2 b4480 loss=4.567
[ft-mun] ep2 b4500 loss=4.174
[ft-mun] ep2 b4520 loss=3.444
[ft-mun] ep2 b4540 loss=4.649
[ft-mun] ep2 b4560 loss=4.977
[ft-mun] ep2 b4580 loss=4.989
[ft-mun] ep2 b4600 loss=4.443
[ft-mun] ep2 b4620 loss=4.197
[ft-mun] ep2 b4640 loss=4.399
[ft-mun] ep2 b4660 loss=4.567
[ft-mun] ep2 b4680 loss=4.865
[ft-mun] ep2 b4700 loss=4.897
[ft-mun] ep2 b4720 loss=3.957
[ft-mun] ep2 b4740 loss=4.317
[ft-mun] ep2 b4760 loss=5.055
[ft-mun] ep2 b4780 loss=4.365
[ft-mun] ep2 b4800 loss=4.459
[ft-mun] ep2 b4820 loss=4.155
[ft-mun] ep2 b4840 loss=4.712
[ft-mun] ep2 b4860 loss=4.207
[ft-mun] ep2 b4880 loss=4.846
[ft-mun] ep2 b4900 loss=4.212
[ft-mun] ep2 b4920 loss=4.478
[ft-mun] ep2 b4940 loss=4.872
[ft-mun] ep2 b4960 loss=4.535
[ft-mun] ep2 b4980 loss=4.265
[ft-mun] ep2 b5000 loss=4.558
[ft-mun] ep2 b5020 loss=4.662
[ft-mun] ep2 b5040 loss=4.954
[ft-mun] ep2 b5060 loss=5.095
[ft-mun] ep2 b5080 loss=5.198
[ft-mun] ep2 b5100 loss=4.202
[ft-mun] ep2 b5120 loss=4.557
[ft-mun] ep2 b5140 loss=5.026
[ft-mun] ep2 b5160 loss=5.723
[ft-mun] ep2 b5180 loss=4.023
[ft-mun] ep2 b5200 loss=5.142
[ft-mun] ep2 b5220 loss=4.651
[ft-mun] ep2 b5240 loss=4.186
[ft-mun] ep2 b5260 loss=4.015
[ft-mun] ep2 b5280 loss=4.893
[ft-mun] ep2 b5300 loss=4.206
[ft-mun] ep2 b5320 loss=4.356
[ft-mun] ep2 b5340 loss=4.312
[ft-mun] ep2 b5360 loss=4.246
[ft-mun] ep2 b5380 loss=4.234
[ft-mun] ep2 b5400 loss=4.050
[ft-mun] ep2 b5420 loss=4.781
[ft-mun] ep2 b5440 loss=4.492
[ft-mun] ep2 b5460 loss=5.530
[ft-mun] ep2 b5480 loss=4.777
[ft-mun] ep2 b5500 loss=4.645
[ft-mun] ep2 b5520 loss=4.395
[ft-mun] ep2 b5540 loss=4.965
[ft-mun] ep2 b5560 loss=4.698
[ft-mun] ep2 b5580 loss=4.429
[ft-mun] ep2 b5600 loss=4.832
[ft-mun] ep2 b5620 loss=4.520
[ft-mun] ep2 b5640 loss=4.149
[ft-mun] ep2 b5660 loss=4.866
[ft-mun] ep2 b5680 loss=3.963
[ft-mun] ep2 b5700 loss=4.621
[ft-mun] ep2 b5720 loss=4.179
[ft-mun] ep2 b5740 loss=4.396
[ft-mun] ep2 b5760 loss=5.126
[ft-mun] ep2 b5780 loss=4.802
[ft-mun] ep2 b5800 loss=4.472
[ft-mun] ep2 b5820 loss=4.447
[ft-mun] ep2 b5840 loss=4.709
[ft-mun] ep2 b5860 loss=4.827
[ft-mun] ep2 b5880 loss=4.564
[ft-mun] ep2 b5900 loss=4.083
[ft-mun] ep2 b5920 loss=4.239
[ft-mun] ep2 b5940 loss=4.884
[ft-mun] ep2 b5960 loss=4.219
[ft-mun] ep2 b5980 loss=5.598
[ft-mun] ep2 b6000 loss=4.744
[ft-mun] ep2 b6020 loss=4.407
[ft-mun] ep2 b6040 loss=4.188
[ft-mun] ep2 b6060 loss=4.713
[ft-mun] ep2 b6080 loss=4.697
[ft-mun] ep2 b6100 loss=4.101
[ft-mun] ep2 b6120 loss=4.475
[ft-mun] ep2 b6140 loss=5.100
[ft-mun] ep2 b6160 loss=5.124
[ft-mun] ep2 b6180 loss=5.475
[ft-mun] ep2 b6200 loss=4.499
[ft-mun] ep2 b6220 loss=4.691
[ft-mun] ep2 b6240 loss=3.862
[ft-mun] ep2 b6260 loss=4.530
[ft-mun] ep2 b6280 loss=4.598
[ft-mun] ep2 b6300 loss=4.109
[ft-mun] ep2 b6320 loss=4.941
[ft-mun] ep2 b6340 loss=4.301
[ft-mun] ep2 b6360 loss=4.600
[ft-mun] ep2 b6380 loss=3.931
[ft-mun] ep2 b6400 loss=4.688
[ft-mun] ep2 b6420 loss=4.478
[ft-mun] ep2 b6440 loss=4.593
[ft-mun] ep2 b6460 loss=5.351
[ft-mun] ep2 b6480 loss=5.105
[ft-mun] ep2 b6500 loss=4.031
[ft-mun] ep2 b6520 loss=4.383
[ft-mun] ep2 b6540 loss=4.285
[ft-mun] ep2 b6560 loss=5.203
[ft-mun] ep2 b6580 loss=4.301
[ft-mun] ep2 b6600 loss=3.909
[ft-mun] ep2 b6620 loss=4.446
[ft-mun] ep2 b6640 loss=4.654
[ft-mun] ep2 b6660 loss=4.562
[ft-mun] ep2 b6680 loss=4.215
[ft-mun] ep2 b6700 loss=4.306
[ft-mun] ep2 b6720 loss=4.626
[ft-mun] ep2 b6740 loss=4.409
[ft-mun] ep2 b6760 loss=4.460
[ft-mun] ep2 b6780 loss=4.575
[ft-mun] ep2 b6800 loss=6.005
[ft-mun] ep2 b6820 loss=4.264
[ft-mun] ep2 b6840 loss=4.405
[ft-mun] ep2 b6860 loss=4.498
[ft-mun] ep2 b6880 loss=4.575
[ft-mun] ep2 b6900 loss=4.655
[ft-mun] ep2 b6920 loss=4.504
[ft-mun] ep2 b6940 loss=4.693
[ft-mun] ep2 b6960 loss=5.153
[ft-mun] ep2 b6980 loss=4.369
[ft-mun] ep2 b7000 loss=4.983
[ft-mun] ep2 b7020 loss=5.474
[ft-mun] ep2 b7040 loss=4.896
[ft-mun] ep2 b7060 loss=4.361
[ft-mun] ep2 b7080 loss=4.117
[ft-mun] ep2 b7100 loss=4.332
[ft-mun] ep2 b7120 loss=4.860
[ft-mun] ep2 b7140 loss=4.139
[ft-mun] ep2 b7160 loss=4.458
[ft-mun] ep2 b7180 loss=4.276
[ft-mun] ep2 b7200 loss=4.922
[ft-mun] ep2 b7220 loss=4.938
[ft-mun] ep2 b7240 loss=5.026
[ft-mun] ep2 b7260 loss=4.383
[ft-mun] ep2 b7280 loss=4.782
[ft-mun] ep2 b7300 loss=4.925
[ft-mun] ep2 b7320 loss=4.370
[ft-mun] ep2 b7340 loss=4.123
[ft-mun] ep2 b7360 loss=4.335
[ft-mun] ep2 b7380 loss=4.204
[ft-mun] ep2 b7400 loss=4.822
[ft-mun] ep2 b7420 loss=4.439
[ft-mun] ep2 b7440 loss=3.929
[ft-mun] ep2 b7460 loss=4.448
[ft-mun] ep2 b7480 loss=4.695
[ft-mun] ep2 b7500 loss=4.249
[ft-mun] ep2 b7520 loss=4.195
[ft-mun] ep2 b7540 loss=4.917
[ft-mun] ep2 b7560 loss=5.111
[ft-mun] ep2 b7580 loss=4.191
[ft-mun] ep2 b7600 loss=4.845
[ft-mun] ep2 b7620 loss=4.855
[ft-mun] ep2 b7640 loss=4.590
[ft-mun] ep2 b7660 loss=4.702
[ft-mun] ep2 b7680 loss=4.647
[ft-mun] ep2 b7700 loss=4.430
[ft-mun] ep2 b7720 loss=5.083
[ft-mun] ep2 b7740 loss=4.959
[ft-mun] ep2 b7760 loss=4.370
[ft-mun] ep2 b7780 loss=4.817
[ft-mun] ep2 b7800 loss=4.692
[ft-mun] ep2 b7820 loss=4.996
[ft-mun] ep2 b7840 loss=4.903
[ft-mun] ep2 b7860 loss=4.745
[ft-mun] ep2 b7880 loss=4.429
[ft-mun] ep2 b7900 loss=5.440
[ft-mun] ep2 b7920 loss=4.557
[ft-mun] ep2 b7940 loss=4.409
[ft-mun] ep2 b7960 loss=4.497
[ft-mun] ep2 b7980 loss=5.033
[ft-mun] ep2 b8000 loss=4.518
[ft-mun] ep2 b8020 loss=4.185
[ft-mun] ep2 b8040 loss=5.020
[ft-mun] ep2 b8060 loss=4.460
[ft-mun] ep2 b8080 loss=4.901
[ft-mun] ep2 b8100 loss=5.092
[ft-mun] ep2 b8120 loss=4.741
[ft-mun] ep2 b8140 loss=4.479
[ft-mun] ep2 b8160 loss=4.707
[ft-mun] ep2 b8180 loss=4.988
[ft-mun] ep2 b8200 loss=4.612
[ft-mun] ep2 b8220 loss=4.759
[ft-mun] ep2 b8240 loss=4.040
[ft-mun] ep2 b8260 loss=4.784
[ft-mun] ep2 b8280 loss=4.902
[ft-mun] ep2 b8300 loss=4.072
[ft-mun] ep2 b8320 loss=4.015
[ft-mun] ep2 b8340 loss=4.969
[ft-mun] ep2 b8360 loss=4.415
[ft-mun] ep2 b8380 loss=4.738
[ft-mun] ep2 b8400 loss=4.169
[ft-mun] ep2 b8420 loss=5.663
[ft-mun] ep2 b8440 loss=4.719
[ft-mun] ep2 b8460 loss=4.002
[ft-mun] ep2 train_loss=4.567 dev_loss=4.487
[ft-mun] ep3 b0 loss=4.202
[ft-mun] ep3 b20 loss=4.873
[ft-mun] ep3 b40 loss=4.835
[ft-mun] ep3 b60 loss=4.426
[ft-mun] ep3 b80 loss=5.050
[ft-mun] ep3 b100 loss=4.316
[ft-mun] ep3 b120 loss=4.277
[ft-mun] ep3 b140 loss=4.396
[ft-mun] ep3 b160 loss=4.786
[ft-mun] ep3 b180 loss=4.618
[ft-mun] ep3 b200 loss=5.024
[ft-mun] ep3 b220 loss=4.080
[ft-mun] ep3 b240 loss=4.574
[ft-mun] ep3 b260 loss=4.522
[ft-mun] ep3 b280 loss=4.248
[ft-mun] ep3 b300 loss=4.573
[ft-mun] ep3 b320 loss=4.131
[ft-mun] ep3 b340 loss=4.124
[ft-mun] ep3 b360 loss=4.797
[ft-mun] ep3 b380 loss=4.557
[ft-mun] ep3 b400 loss=4.503
[ft-mun] ep3 b420 loss=4.238
[ft-mun] ep3 b440 loss=4.154
[ft-mun] ep3 b460 loss=4.002
[ft-mun] ep3 b480 loss=4.305
[ft-mun] ep3 b500 loss=5.108
[ft-mun] ep3 b520 loss=4.390
[ft-mun] ep3 b540 loss=4.026
[ft-mun] ep3 b560 loss=4.620
[ft-mun] ep3 b580 loss=4.847
[ft-mun] ep3 b600 loss=4.101
[ft-mun] ep3 b620 loss=4.715
[ft-mun] ep3 b640 loss=4.312
[ft-mun] ep3 b660 loss=4.080
[ft-mun] ep3 b680 loss=5.212
[ft-mun] ep3 b700 loss=4.532
[ft-mun] ep3 b720 loss=4.204
[ft-mun] ep3 b740 loss=4.100
[ft-mun] ep3 b760 loss=5.168
[ft-mun] ep3 b780 loss=4.192
[ft-mun] ep3 b800 loss=4.380
[ft-mun] ep3 b820 loss=4.760
[ft-mun] ep3 b840 loss=4.775
[ft-mun] ep3 b860 loss=4.454
[ft-mun] ep3 b880 loss=4.561
[ft-mun] ep3 b900 loss=4.923
[ft-mun] ep3 b920 loss=4.390
[ft-mun] ep3 b940 loss=5.127
[ft-mun] ep3 b960 loss=5.599
[ft-mun] ep3 b980 loss=4.025
[ft-mun] ep3 b1000 loss=4.627
[ft-mun] ep3 b1020 loss=4.471
[ft-mun] ep3 b1040 loss=4.236
[ft-mun] ep3 b1060 loss=4.932
[ft-mun] ep3 b1080 loss=4.325
[ft-mun] ep3 b1100 loss=4.743
[ft-mun] ep3 b1120 loss=4.177
[ft-mun] ep3 b1140 loss=4.838
[ft-mun] ep3 b1160 loss=5.051
[ft-mun] ep3 b1180 loss=4.169
[ft-mun] ep3 b1200 loss=4.100
[ft-mun] ep3 b1220 loss=4.883
[ft-mun] ep3 b1240 loss=3.716
[ft-mun] ep3 b1260 loss=4.387
[ft-mun] ep3 b1280 loss=3.822
[ft-mun] ep3 b1300 loss=4.325
[ft-mun] ep3 b1320 loss=4.892
[ft-mun] ep3 b1340 loss=4.508
[ft-mun] ep3 b1360 loss=4.443
[ft-mun] ep3 b1380 loss=4.480
[ft-mun] ep3 b1400 loss=4.478
[ft-mun] ep3 b1420 loss=4.433
[ft-mun] ep3 b1440 loss=4.549
[ft-mun] ep3 b1460 loss=4.087
[ft-mun] ep3 b1480 loss=4.433
[ft-mun] ep3 b1500 loss=3.930
[ft-mun] ep3 b1520 loss=5.144
[ft-mun] ep3 b1540 loss=3.974
[ft-mun] ep3 b1560 loss=5.248
[ft-mun] ep3 b1580 loss=4.489
[ft-mun] ep3 b1600 loss=5.502
[ft-mun] ep3 b1620 loss=4.558
[ft-mun] ep3 b1640 loss=3.944
[ft-mun] ep3 b1660 loss=4.459
[ft-mun] ep3 b1680 loss=4.473
[ft-mun] ep3 b1700 loss=4.605
[ft-mun] ep3 b1720 loss=4.320
[ft-mun] ep3 b1740 loss=4.358
[ft-mun] ep3 b1760 loss=4.169
[ft-mun] ep3 b1780 loss=4.058
[ft-mun] ep3 b1800 loss=4.304
[ft-mun] ep3 b1820 loss=4.349
[ft-mun] ep3 b1840 loss=4.756
[ft-mun] ep3 b1860 loss=4.311
[ft-mun] ep3 b1880 loss=4.317
[ft-mun] ep3 b1900 loss=4.142
[ft-mun] ep3 b1920 loss=3.972
[ft-mun] ep3 b1940 loss=4.801
[ft-mun] ep3 b1960 loss=4.379
[ft-mun] ep3 b1980 loss=4.340
[ft-mun] ep3 b2000 loss=4.600
[ft-mun] ep3 b2020 loss=4.406
[ft-mun] ep3 b2040 loss=5.177
[ft-mun] ep3 b2060 loss=4.878
[ft-mun] ep3 b2080 loss=4.657
[ft-mun] ep3 b2100 loss=4.470
[ft-mun] ep3 b2120 loss=4.866
[ft-mun] ep3 b2140 loss=3.970
[ft-mun] ep3 b2160 loss=3.916
[ft-mun] ep3 b2180 loss=4.156
[ft-mun] ep3 b2200 loss=4.645
[ft-mun] ep3 b2220 loss=4.282
[ft-mun] ep3 b2240 loss=4.319
[ft-mun] ep3 b2260 loss=4.645
[ft-mun] ep3 b2280 loss=4.271
[ft-mun] ep3 b2300 loss=4.703
[ft-mun] ep3 b2320 loss=4.136
[ft-mun] ep3 b2340 loss=4.826
[ft-mun] ep3 b2360 loss=4.926
[ft-mun] ep3 b2380 loss=5.387
[ft-mun] ep3 b2400 loss=4.510
[ft-mun] ep3 b2420 loss=5.320
[ft-mun] ep3 b2440 loss=4.547
[ft-mun] ep3 b2460 loss=4.743
[ft-mun] ep3 b2480 loss=4.010
[ft-mun] ep3 b2500 loss=4.534
[ft-mun] ep3 b2520 loss=4.766
[ft-mun] ep3 b2540 loss=4.355
[ft-mun] ep3 b2560 loss=4.180
[ft-mun] ep3 b2580 loss=3.990
[ft-mun] ep3 b2600 loss=4.411
[ft-mun] ep3 b2620 loss=4.965
[ft-mun] ep3 b2640 loss=4.566
[ft-mun] ep3 b2660 loss=4.232
[ft-mun] ep3 b2680 loss=4.692
[ft-mun] ep3 b2700 loss=4.896
[ft-mun] ep3 b2720 loss=4.412
[ft-mun] ep3 b2740 loss=4.611
[ft-mun] ep3 b2760 loss=5.005
[ft-mun] ep3 b2780 loss=4.790
[ft-mun] ep3 b2800 loss=4.550
[ft-mun] ep3 b2820 loss=5.301
[ft-mun] ep3 b2840 loss=4.223
[ft-mun] ep3 b2860 loss=4.013
[ft-mun] ep3 b2880 loss=3.914
[ft-mun] ep3 b2900 loss=4.060
[ft-mun] ep3 b2920 loss=5.086
[ft-mun] ep3 b2940 loss=4.991
[ft-mun] ep3 b2960 loss=4.367
[ft-mun] ep3 b2980 loss=4.224
[ft-mun] ep3 b3000 loss=4.400
[ft-mun] ep3 b3020 loss=4.080
[ft-mun] ep3 b3040 loss=4.842
[ft-mun] ep3 b3060 loss=4.265
[ft-mun] ep3 b3080 loss=4.430
[ft-mun] ep3 b3100 loss=4.715
[ft-mun] ep3 b3120 loss=4.385
[ft-mun] ep3 b3140 loss=4.314
[ft-mun] ep3 b3160 loss=5.132
[ft-mun] ep3 b3180 loss=4.320
[ft-mun] ep3 b3200 loss=4.780
[ft-mun] ep3 b3220 loss=4.499
[ft-mun] ep3 b3240 loss=4.129
[ft-mun] ep3 b3260 loss=4.295
[ft-mun] ep3 b3280 loss=4.847
[ft-mun] ep3 b3300 loss=4.593
[ft-mun] ep3 b3320 loss=4.066
[ft-mun] ep3 b3340 loss=4.091
[ft-mun] ep3 b3360 loss=4.528
[ft-mun] ep3 b3380 loss=4.445
[ft-mun] ep3 b3400 loss=4.508
[ft-mun] ep3 b3420 loss=4.749
[ft-mun] ep3 b3440 loss=4.086
[ft-mun] ep3 b3460 loss=4.919
[ft-mun] ep3 b3480 loss=4.840
[ft-mun] ep3 b3500 loss=4.096
[ft-mun] ep3 b3520 loss=4.550
[ft-mun] ep3 b3540 loss=4.534
[ft-mun] ep3 b3560 loss=5.088
[ft-mun] ep3 b3580 loss=4.179
[ft-mun] ep3 b3600 loss=4.982
[ft-mun] ep3 b3620 loss=4.580
[ft-mun] ep3 b3640 loss=4.130
[ft-mun] ep3 b3660 loss=4.182
[ft-mun] ep3 b3680 loss=4.423
[ft-mun] ep3 b3700 loss=4.779
[ft-mun] ep3 b3720 loss=4.262
[ft-mun] ep3 b3740 loss=4.337
[ft-mun] ep3 b3760 loss=4.080
[ft-mun] ep3 b3780 loss=5.363
[ft-mun] ep3 b3800 loss=4.546
[ft-mun] ep3 b3820 loss=4.475
[ft-mun] ep3 b3840 loss=4.591
[ft-mun] ep3 b3860 loss=3.978
[ft-mun] ep3 b3880 loss=4.223
[ft-mun] ep3 b3900 loss=3.905
[ft-mun] ep3 b3920 loss=4.666
[ft-mun] ep3 b3940 loss=4.582
[ft-mun] ep3 b3960 loss=4.662
[ft-mun] ep3 b3980 loss=4.609
[ft-mun] ep3 b4000 loss=4.456
[ft-mun] ep3 b4020 loss=5.578
[ft-mun] ep3 b4040 loss=4.652
[ft-mun] ep3 b4060 loss=4.149
[ft-mun] ep3 b4080 loss=5.384
[ft-mun] ep3 b4100 loss=5.019
[ft-mun] ep3 b4120 loss=4.578
[ft-mun] ep3 b4140 loss=4.581
[ft-mun] ep3 b4160 loss=4.507
[ft-mun] ep3 b4180 loss=4.775
[ft-mun] ep3 b4200 loss=4.658
[ft-mun] ep3 b4220 loss=4.395
[ft-mun] ep3 b4240 loss=4.211
[ft-mun] ep3 b4260 loss=4.422
[ft-mun] ep3 b4280 loss=4.765
[ft-mun] ep3 b4300 loss=4.678
[ft-mun] ep3 b4320 loss=4.648
[ft-mun] ep3 b4340 loss=4.756
[ft-mun] ep3 b4360 loss=4.608
[ft-mun] ep3 b4380 loss=3.814
[ft-mun] ep3 b4400 loss=4.788
[ft-mun] ep3 b4420 loss=4.287
[ft-mun] ep3 b4440 loss=4.474
[ft-mun] ep3 b4460 loss=4.861
[ft-mun] ep3 b4480 loss=4.502
[ft-mun] ep3 b4500 loss=4.326
[ft-mun] ep3 b4520 loss=4.290
[ft-mun] ep3 b4540 loss=4.657
[ft-mun] ep3 b4560 loss=4.636
[ft-mun] ep3 b4580 loss=4.328
[ft-mun] ep3 b4600 loss=3.980
[ft-mun] ep3 b4620 loss=4.536
[ft-mun] ep3 b4640 loss=4.266
[ft-mun] ep3 b4660 loss=4.871
[ft-mun] ep3 b4680 loss=5.186
[ft-mun] ep3 b4700 loss=4.161
[ft-mun] ep3 b4720 loss=5.040
[ft-mun] ep3 b4740 loss=4.549
[ft-mun] ep3 b4760 loss=4.341
[ft-mun] ep3 b4780 loss=4.430
[ft-mun] ep3 b4800 loss=4.819
[ft-mun] ep3 b4820 loss=4.642
[ft-mun] ep3 b4840 loss=4.426
[ft-mun] ep3 b4860 loss=4.402
[ft-mun] ep3 b4880 loss=4.427
[ft-mun] ep3 b4900 loss=4.098
[ft-mun] ep3 b4920 loss=4.660
[ft-mun] ep3 b4940 loss=5.022
[ft-mun] ep3 b4960 loss=4.832
[ft-mun] ep3 b4980 loss=4.237
[ft-mun] ep3 b5000 loss=4.834
[ft-mun] ep3 b5020 loss=3.995
[ft-mun] ep3 b5040 loss=4.187
[ft-mun] ep3 b5060 loss=4.748
[ft-mun] ep3 b5080 loss=4.245
[ft-mun] ep3 b5100 loss=4.206
[ft-mun] ep3 b5120 loss=4.711
[ft-mun] ep3 b5140 loss=4.220
[ft-mun] ep3 b5160 loss=4.531
[ft-mun] ep3 b5180 loss=4.565
[ft-mun] ep3 b5200 loss=4.416
[ft-mun] ep3 b5220 loss=5.253
[ft-mun] ep3 b5240 loss=4.024
[ft-mun] ep3 b5260 loss=4.692
[ft-mun] ep3 b5280 loss=4.296
[ft-mun] ep3 b5300 loss=4.100
[ft-mun] ep3 b5320 loss=4.780
[ft-mun] ep3 b5340 loss=4.772
[ft-mun] ep3 b5360 loss=4.596
[ft-mun] ep3 b5380 loss=4.690
[ft-mun] ep3 b5400 loss=4.003
[ft-mun] ep3 b5420 loss=4.546
[ft-mun] ep3 b5440 loss=5.119
[ft-mun] ep3 b5460 loss=3.779
[ft-mun] ep3 b5480 loss=4.451
[ft-mun] ep3 b5500 loss=4.603
[ft-mun] ep3 b5520 loss=4.701
[ft-mun] ep3 b5540 loss=4.488
[ft-mun] ep3 b5560 loss=5.330
[ft-mun] ep3 b5580 loss=4.686
[ft-mun] ep3 b5600 loss=4.745
[ft-mun] ep3 b5620 loss=5.041
[ft-mun] ep3 b5640 loss=4.637
[ft-mun] ep3 b5660 loss=4.085
[ft-mun] ep3 b5680 loss=4.895
[ft-mun] ep3 b5700 loss=4.926
[ft-mun] ep3 b5720 loss=4.739
[ft-mun] ep3 b5740 loss=4.970
[ft-mun] ep3 b5760 loss=4.654
[ft-mun] ep3 b5780 loss=4.390
[ft-mun] ep3 b5800 loss=4.110
[ft-mun] ep3 b5820 loss=5.418
[ft-mun] ep3 b5840 loss=4.480
[ft-mun] ep3 b5860 loss=4.302
[ft-mun] ep3 b5880 loss=4.626
[ft-mun] ep3 b5900 loss=5.068
[ft-mun] ep3 b5920 loss=4.752
[ft-mun] ep3 b5940 loss=3.586
[ft-mun] ep3 b5960 loss=4.547
[ft-mun] ep3 b5980 loss=4.834
[ft-mun] ep3 b6000 loss=4.600
[ft-mun] ep3 b6020 loss=5.152
[ft-mun] ep3 b6040 loss=4.176
[ft-mun] ep3 b6060 loss=4.500
[ft-mun] ep3 b6080 loss=4.604
[ft-mun] ep3 b6100 loss=4.670
[ft-mun] ep3 b6120 loss=3.897
[ft-mun] ep3 b6140 loss=4.682
[ft-mun] ep3 b6160 loss=3.929
[ft-mun] ep3 b6180 loss=4.153
[ft-mun] ep3 b6200 loss=5.697
[ft-mun] ep3 b6220 loss=4.762
[ft-mun] ep3 b6240 loss=5.475
[ft-mun] ep3 b6260 loss=4.188
[ft-mun] ep3 b6280 loss=4.762
[ft-mun] ep3 b6300 loss=4.735
[ft-mun] ep3 b6320 loss=4.080
[ft-mun] ep3 b6340 loss=4.591
[ft-mun] ep3 b6360 loss=4.217
[ft-mun] ep3 b6380 loss=3.756
[ft-mun] ep3 b6400 loss=4.699
[ft-mun] ep3 b6420 loss=4.654
[ft-mun] ep3 b6440 loss=4.361
[ft-mun] ep3 b6460 loss=4.864
[ft-mun] ep3 b6480 loss=4.457
[ft-mun] ep3 b6500 loss=5.172
[ft-mun] ep3 b6520 loss=4.558
[ft-mun] ep3 b6540 loss=4.683
[ft-mun] ep3 b6560 loss=4.093
[ft-mun] ep3 b6580 loss=4.230
[ft-mun] ep3 b6600 loss=4.516
[ft-mun] ep3 b6620 loss=4.705
[ft-mun] ep3 b6640 loss=4.270
[ft-mun] ep3 b6660 loss=3.961
[ft-mun] ep3 b6680 loss=4.015
[ft-mun] ep3 b6700 loss=4.852
[ft-mun] ep3 b6720 loss=4.383
[ft-mun] ep3 b6740 loss=4.480
[ft-mun] ep3 b6760 loss=4.813
[ft-mun] ep3 b6780 loss=4.026
[ft-mun] ep3 b6800 loss=4.507
[ft-mun] ep3 b6820 loss=4.794
[ft-mun] ep3 b6840 loss=4.460
[ft-mun] ep3 b6860 loss=3.851
[ft-mun] ep3 b6880 loss=4.506
[ft-mun] ep3 b6900 loss=3.999
[ft-mun] ep3 b6920 loss=4.231
[ft-mun] ep3 b6940 loss=4.844
[ft-mun] ep3 b6960 loss=4.585
[ft-mun] ep3 b6980 loss=4.712
[ft-mun] ep3 b7000 loss=4.243
[ft-mun] ep3 b7020 loss=4.641
[ft-mun] ep3 b7040 loss=4.974
[ft-mun] ep3 b7060 loss=4.733
[ft-mun] ep3 b7080 loss=4.577
[ft-mun] ep3 b7100 loss=4.439
[ft-mun] ep3 b7120 loss=4.558
[ft-mun] ep3 b7140 loss=4.786
[ft-mun] ep3 b7160 loss=4.438
[ft-mun] ep3 b7180 loss=4.806
[ft-mun] ep3 b7200 loss=4.548
[ft-mun] ep3 b7220 loss=4.529
[ft-mun] ep3 b7240 loss=4.330
[ft-mun] ep3 b7260 loss=4.266
[ft-mun] ep3 b7280 loss=4.575
[ft-mun] ep3 b7300 loss=4.918
[ft-mun] ep3 b7320 loss=4.588
[ft-mun] ep3 b7340 loss=4.540
[ft-mun] ep3 b7360 loss=5.221
[ft-mun] ep3 b7380 loss=4.478
[ft-mun] ep3 b7400 loss=4.580
[ft-mun] ep3 b7420 loss=4.708
[ft-mun] ep3 b7440 loss=4.705
[ft-mun] ep3 b7460 loss=4.357
[ft-mun] ep3 b7480 loss=4.291
[ft-mun] ep3 b7500 loss=3.945
[ft-mun] ep3 b7520 loss=5.484
[ft-mun] ep3 b7540 loss=4.438
[ft-mun] ep3 b7560 loss=4.186
[ft-mun] ep3 b7580 loss=4.412
[ft-mun] ep3 b7600 loss=4.313
[ft-mun] ep3 b7620 loss=4.249
[ft-mun] ep3 b7640 loss=4.719
[ft-mun] ep3 b7660 loss=4.428
[ft-mun] ep3 b7680 loss=4.376
[ft-mun] ep3 b7700 loss=3.883
[ft-mun] ep3 b7720 loss=4.598
[ft-mun] ep3 b7740 loss=4.447
[ft-mun] ep3 b7760 loss=4.404
[ft-mun] ep3 b7780 loss=3.954
[ft-mun] ep3 b7800 loss=4.776
[ft-mun] ep3 b7820 loss=5.106
[ft-mun] ep3 b7840 loss=4.424
[ft-mun] ep3 b7860 loss=4.279
[ft-mun] ep3 b7880 loss=4.859
[ft-mun] ep3 b7900 loss=4.014
[ft-mun] ep3 b7920 loss=5.155
[ft-mun] ep3 b7940 loss=4.471
[ft-mun] ep3 b7960 loss=4.048
[ft-mun] ep3 b7980 loss=4.222
[ft-mun] ep3 b8000 loss=3.986
[ft-mun] ep3 b8020 loss=4.440
[ft-mun] ep3 b8040 loss=4.928
[ft-mun] ep3 b8060 loss=4.548
[ft-mun] ep3 b8080 loss=4.385
[ft-mun] ep3 b8100 loss=4.447
[ft-mun] ep3 b8120 loss=4.290
[ft-mun] ep3 b8140 loss=4.275
[ft-mun] ep3 b8160 loss=4.177
[ft-mun] ep3 b8180 loss=4.395
[ft-mun] ep3 b8200 loss=4.306
[ft-mun] ep3 b8220 loss=4.641
[ft-mun] ep3 b8240 loss=4.325
[ft-mun] ep3 b8260 loss=4.529
[ft-mun] ep3 b8280 loss=4.520
[ft-mun] ep3 b8300 loss=4.542
[ft-mun] ep3 b8320 loss=4.814
[ft-mun] ep3 b8340 loss=4.233
[ft-mun] ep3 b8360 loss=3.864
[ft-mun] ep3 b8380 loss=5.089
[ft-mun] ep3 b8400 loss=4.376
[ft-mun] ep3 b8420 loss=4.341
[ft-mun] ep3 b8440 loss=4.494
[ft-mun] ep3 b8460 loss=4.169
[ft-mun] ep3 train_loss=4.505 dev_loss=4.440
[ft-mun] ep4 b0 loss=4.914
[ft-mun] ep4 b20 loss=4.937
[ft-mun] ep4 b40 loss=4.407
[ft-mun] ep4 b60 loss=4.287
[ft-mun] ep4 b80 loss=4.293
[ft-mun] ep4 b100 loss=5.229
[ft-mun] ep4 b120 loss=4.168
[ft-mun] ep4 b140 loss=4.015
[ft-mun] ep4 b160 loss=5.341
[ft-mun] ep4 b180 loss=4.534
[ft-mun] ep4 b200 loss=4.993
[ft-mun] ep4 b220 loss=4.582
[ft-mun] ep4 b240 loss=4.204
[ft-mun] ep4 b260 loss=4.500
[ft-mun] ep4 b280 loss=5.015
[ft-mun] ep4 b300 loss=4.545
[ft-mun] ep4 b320 loss=4.332
[ft-mun] ep4 b340 loss=4.402
[ft-mun] ep4 b360 loss=4.707
[ft-mun] ep4 b380 loss=4.065
[ft-mun] ep4 b400 loss=4.500
[ft-mun] ep4 b420 loss=4.413
[ft-mun] ep4 b440 loss=4.270
[ft-mun] ep4 b460 loss=4.422
[ft-mun] ep4 b480 loss=4.920
[ft-mun] ep4 b500 loss=4.182
[ft-mun] ep4 b520 loss=3.932
[ft-mun] ep4 b540 loss=4.026
[ft-mun] ep4 b560 loss=4.846
[ft-mun] ep4 b580 loss=4.072
[ft-mun] ep4 b600 loss=4.504
[ft-mun] ep4 b620 loss=4.619
[ft-mun] ep4 b640 loss=4.119
[ft-mun] ep4 b660 loss=4.660
[ft-mun] ep4 b680 loss=4.570
[ft-mun] ep4 b700 loss=3.865
[ft-mun] ep4 b720 loss=4.709
[ft-mun] ep4 b740 loss=4.252
[ft-mun] ep4 b760 loss=3.956
[ft-mun] ep4 b780 loss=3.892
[ft-mun] ep4 b800 loss=3.773
[ft-mun] ep4 b820 loss=5.370
[ft-mun] ep4 b840 loss=4.630
[ft-mun] ep4 b860 loss=4.889
[ft-mun] ep4 b880 loss=3.490
[ft-mun] ep4 b900 loss=3.944
[ft-mun] ep4 b920 loss=4.779
[ft-mun] ep4 b940 loss=4.626
[ft-mun] ep4 b960 loss=4.226
[ft-mun] ep4 b980 loss=3.909
[ft-mun] ep4 b1000 loss=5.053
[ft-mun] ep4 b1020 loss=3.925
[ft-mun] ep4 b1040 loss=5.039
[ft-mun] ep4 b1060 loss=4.049
[ft-mun] ep4 b1080 loss=4.794
[ft-mun] ep4 b1100 loss=4.591
[ft-mun] ep4 b1120 loss=4.397
[ft-mun] ep4 b1140 loss=5.028
[ft-mun] ep4 b1160 loss=4.672
[ft-mun] ep4 b1180 loss=4.823
[ft-mun] ep4 b1200 loss=4.264
[ft-mun] ep4 b1220 loss=4.383
[ft-mun] ep4 b1240 loss=4.498
[ft-mun] ep4 b1260 loss=4.438
[ft-mun] ep4 b1280 loss=4.857
[ft-mun] ep4 b1300 loss=5.074
[ft-mun] ep4 b1320 loss=4.428
[ft-mun] ep4 b1340 loss=3.581
[ft-mun] ep4 b1360 loss=4.255
[ft-mun] ep4 b1380 loss=3.985
[ft-mun] ep4 b1400 loss=4.021
[ft-mun] ep4 b1420 loss=4.372
[ft-mun] ep4 b1440 loss=4.233
[ft-mun] ep4 b1460 loss=4.099
[ft-mun] ep4 b1480 loss=4.280
[ft-mun] ep4 b1500 loss=4.277
[ft-mun] ep4 b1520 loss=4.259
[ft-mun] ep4 b1540 loss=4.619
[ft-mun] ep4 b1560 loss=4.417
[ft-mun] ep4 b1580 loss=4.732
[ft-mun] ep4 b1600 loss=4.049
[ft-mun] ep4 b1620 loss=4.176
[ft-mun] ep4 b1640 loss=4.143
[ft-mun] ep4 b1660 loss=4.286
[ft-mun] ep4 b1680 loss=5.323
[ft-mun] ep4 b1700 loss=3.919
[ft-mun] ep4 b1720 loss=5.519
[ft-mun] ep4 b1740 loss=4.752
[ft-mun] ep4 b1760 loss=4.172
[ft-mun] ep4 b1780 loss=4.428
[ft-mun] ep4 b1800 loss=4.423
[ft-mun] ep4 b1820 loss=4.438
[ft-mun] ep4 b1840 loss=5.087
[ft-mun] ep4 b1860 loss=4.297
[ft-mun] ep4 b1880 loss=4.432
[ft-mun] ep4 b1900 loss=4.656
[ft-mun] ep4 b1920 loss=4.685
[ft-mun] ep4 b1940 loss=3.726
[ft-mun] ep4 b1960 loss=4.115
[ft-mun] ep4 b1980 loss=3.901
[ft-mun] ep4 b2000 loss=4.530
[ft-mun] ep4 b2020 loss=4.985
[ft-mun] ep4 b2040 loss=4.041
[ft-mun] ep4 b2060 loss=4.617
[ft-mun] ep4 b2080 loss=4.196
[ft-mun] ep4 b2100 loss=4.273
[ft-mun] ep4 b2120 loss=4.135
[ft-mun] ep4 b2140 loss=4.246
[ft-mun] ep4 b2160 loss=4.139
[ft-mun] ep4 b2180 loss=4.798
[ft-mun] ep4 b2200 loss=5.384
[ft-mun] ep4 b2220 loss=4.093
[ft-mun] ep4 b2240 loss=4.984
[ft-mun] ep4 b2260 loss=4.516
[ft-mun] ep4 b2280 loss=4.353
[ft-mun] ep4 b2300 loss=4.377
[ft-mun] ep4 b2320 loss=4.024
[ft-mun] ep4 b2340 loss=3.825
[ft-mun] ep4 b2360 loss=4.459
[ft-mun] ep4 b2380 loss=4.681
[ft-mun] ep4 b2400 loss=4.417
[ft-mun] ep4 b2420 loss=4.196
[ft-mun] ep4 b2440 loss=4.437
[ft-mun] ep4 b2460 loss=4.606
[ft-mun] ep4 b2480 loss=5.578
[ft-mun] ep4 b2500 loss=4.776
[ft-mun] ep4 b2520 loss=4.710
[ft-mun] ep4 b2540 loss=5.335
[ft-mun] ep4 b2560 loss=4.684
[ft-mun] ep4 b2580 loss=5.481
[ft-mun] ep4 b2600 loss=4.613
[ft-mun] ep4 b2620 loss=4.145
[ft-mun] ep4 b2640 loss=4.171
[ft-mun] ep4 b2660 loss=5.282
[ft-mun] ep4 b2680 loss=4.248
[ft-mun] ep4 b2700 loss=4.620
[ft-mun] ep4 b2720 loss=5.294
[ft-mun] ep4 b2740 loss=4.643
[ft-mun] ep4 b2760 loss=5.111
[ft-mun] ep4 b2780 loss=4.345
[ft-mun] ep4 b2800 loss=5.276
[ft-mun] ep4 b2820 loss=4.412
[ft-mun] ep4 b2840 loss=4.845
[ft-mun] ep4 b2860 loss=4.371
[ft-mun] ep4 b2880 loss=4.584
[ft-mun] ep4 b2900 loss=3.699
[ft-mun] ep4 b2920 loss=4.494
[ft-mun] ep4 b2940 loss=5.087
[ft-mun] ep4 b2960 loss=4.011
[ft-mun] ep4 b2980 loss=3.814
[ft-mun] ep4 b3000 loss=4.675
[ft-mun] ep4 b3020 loss=5.088
[ft-mun] ep4 b3040 loss=4.576
[ft-mun] ep4 b3060 loss=4.658
[ft-mun] ep4 b3080 loss=4.468
[ft-mun] ep4 b3100 loss=4.598
[ft-mun] ep4 b3120 loss=3.916
[ft-mun] ep4 b3140 loss=4.643
[ft-mun] ep4 b3160 loss=4.714
[ft-mun] ep4 b3180 loss=3.822
[ft-mun] ep4 b3200 loss=4.005
[ft-mun] ep4 b3220 loss=4.603
[ft-mun] ep4 b3240 loss=4.206
[ft-mun] ep4 b3260 loss=3.763
[ft-mun] ep4 b3280 loss=4.247
[ft-mun] ep4 b3300 loss=4.519
[ft-mun] ep4 b3320 loss=5.032
[ft-mun] ep4 b3340 loss=4.188
[ft-mun] ep4 b3360 loss=4.693
[ft-mun] ep4 b3380 loss=3.832
[ft-mun] ep4 b3400 loss=4.518
[ft-mun] ep4 b3420 loss=4.933
[ft-mun] ep4 b3440 loss=4.280
[ft-mun] ep4 b3460 loss=4.611
[ft-mun] ep4 b3480 loss=4.371
[ft-mun] ep4 b3500 loss=4.399
[ft-mun] ep4 b3520 loss=5.260
[ft-mun] ep4 b3540 loss=4.510
[ft-mun] ep4 b3560 loss=4.189
[ft-mun] ep4 b3580 loss=4.254
[ft-mun] ep4 b3600 loss=4.416
[ft-mun] ep4 b3620 loss=4.449
[ft-mun] ep4 b3640 loss=4.601
[ft-mun] ep4 b3660 loss=4.808
[ft-mun] ep4 b3680 loss=4.827
[ft-mun] ep4 b3700 loss=4.724
[ft-mun] ep4 b3720 loss=4.869
[ft-mun] ep4 b3740 loss=4.323
[ft-mun] ep4 b3760 loss=4.755
[ft-mun] ep4 b3780 loss=4.447
[ft-mun] ep4 b3800 loss=4.206
[ft-mun] ep4 b3820 loss=4.403
[ft-mun] ep4 b3840 loss=4.001
[ft-mun] ep4 b3860 loss=4.153
[ft-mun] ep4 b3880 loss=4.578
[ft-mun] ep4 b3900 loss=3.801
[ft-mun] ep4 b3920 loss=4.712
[ft-mun] ep4 b3940 loss=4.226
[ft-mun] ep4 b3960 loss=4.603
[ft-mun] ep4 b3980 loss=5.051
[ft-mun] ep4 b4000 loss=4.405
[ft-mun] ep4 b4020 loss=5.169
[ft-mun] ep4 b4040 loss=4.486
[ft-mun] ep4 b4060 loss=4.033
[ft-mun] ep4 b4080 loss=4.256
[ft-mun] ep4 b4100 loss=4.948
[ft-mun] ep4 b4120 loss=4.403
[ft-mun] ep4 b4140 loss=4.124
[ft-mun] ep4 b4160 loss=4.763
[ft-mun] ep4 b4180 loss=4.144
[ft-mun] ep4 b4200 loss=5.122
[ft-mun] ep4 b4220 loss=3.715
[ft-mun] ep4 b4240 loss=4.511
[ft-mun] ep4 b4260 loss=4.345
[ft-mun] ep4 b4280 loss=4.687
[ft-mun] ep4 b4300 loss=4.595
[ft-mun] ep4 b4320 loss=4.082
[ft-mun] ep4 b4340 loss=4.453
[ft-mun] ep4 b4360 loss=4.588
[ft-mun] ep4 b4380 loss=4.034
[ft-mun] ep4 b4400 loss=4.468
[ft-mun] ep4 b4420 loss=4.311
[ft-mun] ep4 b4440 loss=4.893
[ft-mun] ep4 b4460 loss=4.147
[ft-mun] ep4 b4480 loss=4.518
[ft-mun] ep4 b4500 loss=4.686
[ft-mun] ep4 b4520 loss=4.035
[ft-mun] ep4 b4540 loss=5.046
[ft-mun] ep4 b4560 loss=4.329
[ft-mun] ep4 b4580 loss=4.419
[ft-mun] ep4 b4600 loss=4.938
[ft-mun] ep4 b4620 loss=4.761
[ft-mun] ep4 b4640 loss=4.745
[ft-mun] ep4 b4660 loss=4.096
[ft-mun] ep4 b4680 loss=3.730
[ft-mun] ep4 b4700 loss=3.807
[ft-mun] ep4 b4720 loss=4.018
[ft-mun] ep4 b4740 loss=4.156
[ft-mun] ep4 b4760 loss=4.320
[ft-mun] ep4 b4780 loss=5.124
[ft-mun] ep4 b4800 loss=4.518
[ft-mun] ep4 b4820 loss=4.149
[ft-mun] ep4 b4840 loss=4.117
[ft-mun] ep4 b4860 loss=3.597
[ft-mun] ep4 b4880 loss=5.185
[ft-mun] ep4 b4900 loss=4.170
[ft-mun] ep4 b4920 loss=5.315
[ft-mun] ep4 b4940 loss=4.351
[ft-mun] ep4 b4960 loss=4.704
[ft-mun] ep4 b4980 loss=4.106
[ft-mun] ep4 b5000 loss=4.967
[ft-mun] ep4 b5020 loss=4.259
[ft-mun] ep4 b5040 loss=4.313
[ft-mun] ep4 b5060 loss=3.975
[ft-mun] ep4 b5080 loss=3.816
[ft-mun] ep4 b5100 loss=3.701
[ft-mun] ep4 b5120 loss=4.186
[ft-mun] ep4 b5140 loss=4.277
[ft-mun] ep4 b5160 loss=5.440
[ft-mun] ep4 b5180 loss=5.305
[ft-mun] ep4 b5200 loss=4.349
[ft-mun] ep4 b5220 loss=4.230
[ft-mun] ep4 b5240 loss=4.803
[ft-mun] ep4 b5260 loss=5.154
[ft-mun] ep4 b5280 loss=4.663
[ft-mun] ep4 b5300 loss=4.699
[ft-mun] ep4 b5320 loss=5.057
[ft-mun] ep4 b5340 loss=4.585
[ft-mun] ep4 b5360 loss=4.992
[ft-mun] ep4 b5380 loss=4.611
[ft-mun] ep4 b5400 loss=4.319
[ft-mun] ep4 b5420 loss=4.029
[ft-mun] ep4 b5440 loss=4.526
[ft-mun] ep4 b5460 loss=4.228
[ft-mun] ep4 b5480 loss=3.856
[ft-mun] ep4 b5500 loss=4.343
[ft-mun] ep4 b5520 loss=4.116
[ft-mun] ep4 b5540 loss=4.102
[ft-mun] ep4 b5560 loss=4.855
[ft-mun] ep4 b5580 loss=5.535
[ft-mun] ep4 b5600 loss=5.142
[ft-mun] ep4 b5620 loss=4.351
[ft-mun] ep4 b5640 loss=4.047
[ft-mun] ep4 b5660 loss=4.296
[ft-mun] ep4 b5680 loss=4.396
[ft-mun] ep4 b5700 loss=4.238
[ft-mun] ep4 b5720 loss=5.218
[ft-mun] ep4 b5740 loss=4.167
[ft-mun] ep4 b5760 loss=4.020
[ft-mun] ep4 b5780 loss=4.906
[ft-mun] ep4 b5800 loss=4.743
[ft-mun] ep4 b5820 loss=4.636
[ft-mun] ep4 b5840 loss=4.646
[ft-mun] ep4 b5860 loss=4.256
[ft-mun] ep4 b5880 loss=4.532
[ft-mun] ep4 b5900 loss=4.605
[ft-mun] ep4 b5920 loss=4.502
[ft-mun] ep4 b5940 loss=4.308
[ft-mun] ep4 b5960 loss=5.015
[ft-mun] ep4 b5980 loss=4.162
[ft-mun] ep4 b6000 loss=5.207
[ft-mun] ep4 b6020 loss=4.168
[ft-mun] ep4 b6040 loss=4.889
[ft-mun] ep4 b6060 loss=4.284
[ft-mun] ep4 b6080 loss=4.605
[ft-mun] ep4 b6100 loss=4.808
[ft-mun] ep4 b6120 loss=3.876
[ft-mun] ep4 b6140 loss=4.514
[ft-mun] ep4 b6160 loss=4.224
[ft-mun] ep4 b6180 loss=3.936
[ft-mun] ep4 b6200 loss=4.376
[ft-mun] ep4 b6220 loss=4.492
[ft-mun] ep4 b6240 loss=4.782
[ft-mun] ep4 b6260 loss=4.059
[ft-mun] ep4 b6280 loss=4.631
[ft-mun] ep4 b6300 loss=4.660
[ft-mun] ep4 b6320 loss=4.485
[ft-mun] ep4 b6340 loss=4.713
[ft-mun] ep4 b6360 loss=4.877
[ft-mun] ep4 b6380 loss=4.740
[ft-mun] ep4 b6400 loss=4.238
[ft-mun] ep4 b6420 loss=4.804
[ft-mun] ep4 b6440 loss=3.946
[ft-mun] ep4 b6460 loss=5.246
[ft-mun] ep4 b6480 loss=3.579
[ft-mun] ep4 b6500 loss=4.226
[ft-mun] ep4 b6520 loss=4.258
[ft-mun] ep4 b6540 loss=4.074
[ft-mun] ep4 b6560 loss=4.153
[ft-mun] ep4 b6580 loss=4.421
[ft-mun] ep4 b6600 loss=4.965
[ft-mun] ep4 b6620 loss=4.752
[ft-mun] ep4 b6640 loss=3.771
[ft-mun] ep4 b6660 loss=4.038
[ft-mun] ep4 b6680 loss=4.496
[ft-mun] ep4 b6700 loss=4.342
[ft-mun] ep4 b6720 loss=4.139
[ft-mun] ep4 b6740 loss=4.304
[ft-mun] ep4 b6760 loss=5.835
[ft-mun] ep4 b6780 loss=4.470
[ft-mun] ep4 b6800 loss=4.690
[ft-mun] ep4 b6820 loss=4.198
[ft-mun] ep4 b6840 loss=4.899
[ft-mun] ep4 b6860 loss=3.888
[ft-mun] ep4 b6880 loss=4.348
[ft-mun] ep4 b6900 loss=4.335
[ft-mun] ep4 b6920 loss=5.219
[ft-mun] ep4 b6940 loss=4.179
[ft-mun] ep4 b6960 loss=4.306
[ft-mun] ep4 b6980 loss=4.213
[ft-mun] ep4 b7000 loss=4.358
[ft-mun] ep4 b7020 loss=4.141
[ft-mun] ep4 b7040 loss=4.365
[ft-mun] ep4 b7060 loss=4.688
[ft-mun] ep4 b7080 loss=4.412
[ft-mun] ep4 b7100 loss=4.357
[ft-mun] ep4 b7120 loss=5.161
[ft-mun] ep4 b7140 loss=4.329
[ft-mun] ep4 b7160 loss=4.220
[ft-mun] ep4 b7180 loss=4.350
[ft-mun] ep4 b7200 loss=4.003
[ft-mun] ep4 b7220 loss=4.326
[ft-mun] ep4 b7240 loss=4.024
[ft-mun] ep4 b7260 loss=5.044
[ft-mun] ep4 b7280 loss=4.084
[ft-mun] ep4 b7300 loss=4.067
[ft-mun] ep4 b7320 loss=4.629
[ft-mun] ep4 b7340 loss=4.257
[ft-mun] ep4 b7360 loss=4.460
[ft-mun] ep4 b7380 loss=3.972
[ft-mun] ep4 b7400 loss=4.105
[ft-mun] ep4 b7420 loss=4.046
[ft-mun] ep4 b7440 loss=4.447
[ft-mun] ep4 b7460 loss=4.800
[ft-mun] ep4 b7480 loss=4.365
[ft-mun] ep4 b7500 loss=4.602
[ft-mun] ep4 b7520 loss=3.972
[ft-mun] ep4 b7540 loss=3.993
[ft-mun] ep4 b7560 loss=4.095
[ft-mun] ep4 b7580 loss=4.126
[ft-mun] ep4 b7600 loss=4.250
[ft-mun] ep4 b7620 loss=4.047
[ft-mun] ep4 b7640 loss=4.355
[ft-mun] ep4 b7660 loss=4.569
[ft-mun] ep4 b7680 loss=4.729
[ft-mun] ep4 b7700 loss=4.944
[ft-mun] ep4 b7720 loss=4.265
[ft-mun] ep4 b7740 loss=4.129
[ft-mun] ep4 b7760 loss=4.239
[ft-mun] ep4 b7780 loss=5.128
[ft-mun] ep4 b7800 loss=4.932
[ft-mun] ep4 b7820 loss=4.090
[ft-mun] ep4 b7840 loss=4.476
[ft-mun] ep4 b7860 loss=4.069
[ft-mun] ep4 b7880 loss=4.313
[ft-mun] ep4 b7900 loss=4.321
[ft-mun] ep4 b7920 loss=4.343
[ft-mun] ep4 b7940 loss=4.131
[ft-mun] ep4 b7960 loss=3.882
[ft-mun] ep4 b7980 loss=4.542
[ft-mun] ep4 b8000 loss=4.588
[ft-mun] ep4 b8020 loss=4.838
[ft-mun] ep4 b8040 loss=4.952
[ft-mun] ep4 b8060 loss=4.348
[ft-mun] ep4 b8080 loss=4.295
[ft-mun] ep4 b8100 loss=4.535
[ft-mun] ep4 b8120 loss=4.941
[ft-mun] ep4 b8140 loss=4.715
[ft-mun] ep4 b8160 loss=4.355
[ft-mun] ep4 b8180 loss=4.795
[ft-mun] ep4 b8200 loss=4.232
[ft-mun] ep4 b8220 loss=4.712
[ft-mun] ep4 b8240 loss=4.193
[ft-mun] ep4 b8260 loss=4.207
[ft-mun] ep4 b8280 loss=4.729
[ft-mun] ep4 b8300 loss=3.974
[ft-mun] ep4 b8320 loss=4.489
[ft-mun] ep4 b8340 loss=3.832
[ft-mun] ep4 b8360 loss=4.464
[ft-mun] ep4 b8380 loss=3.919
[ft-mun] ep4 b8400 loss=4.215
[ft-mun] ep4 b8420 loss=4.790
[ft-mun] ep4 b8440 loss=4.378
[ft-mun] ep4 b8460 loss=4.638
[ft-mun] ep4 train_loss=4.453 dev_loss=4.400
[ft-mun] saved adapter -> ml/finetune/it2_mundari_combined
