[ft-mun] 45027 train / 5002 dev -> sat_Olck
/home/clutch/.local/lib/python3.14/site-packages/transformers/tokenization_utils_base.py:3953: UserWarning: `as_target_tokenizer` is deprecated and will be removed in v5 of Transformers. You can tokenize your labels by using the argument `text_target` of the regular `__call__` method (either in the same call as your input texts if you use the same keyword arguments, or in a separate call.
  warnings.warn(
[ft-mun] resumed 432 LoRA tensors from disk, continuing
/home/clutch/Desktop/Vachak/ml/translation/scripts/finetune_mundari.py:221: FutureWarning: `torch.cuda.amp.GradScaler(args...)` is deprecated. Please use `torch.amp.GradScaler('cuda', args...)` instead.
  scaler = torch.cuda.amp.GradScaler()
/home/clutch/Desktop/Vachak/ml/translation/scripts/finetune_mundari.py:229: FutureWarning: `torch.cuda.amp.autocast(args...)` is deprecated. Please use `torch.amp.autocast('cuda', args...)` instead.
  with torch.cuda.amp.autocast(dtype=torch.float16):
trainable params: 3,538,944 || all params: 199,050,240 || trainable%: 1.7779
[ft-mun] ep1 b0 loss=2.378
[ft-mun] ep1 b20 loss=3.601
[ft-mun] ep1 b40 loss=5.780
[ft-mun] ep1 b60 loss=0.790
[ft-mun] ep1 b80 loss=3.358
[ft-mun] ep1 b100 loss=0.549
[ft-mun] ep1 b120 loss=0.614
[ft-mun] ep1 b140 loss=3.920
[ft-mun] ep1 b160 loss=0.868
[ft-mun] ep1 b180 loss=0.240
[ft-mun] ep1 b200 loss=0.147
[ft-mun] ep1 b220 loss=1.866
[ft-mun] ep1 b240 loss=0.187
[ft-mun] ep1 b260 loss=3.538
[ft-mun] ep1 b280 loss=0.098
[ft-mun] ep1 b300 loss=2.538
[ft-mun] ep1 b320 loss=0.090
[ft-mun] ep1 b340 loss=0.350
[ft-mun] ep1 b360 loss=4.794
[ft-mun] ep1 b380 loss=4.332
[ft-mun] ep1 b400 loss=0.024
[ft-mun] ep1 b420 loss=3.704
[ft-mun] ep1 b440 loss=1.139
[ft-mun] ep1 b460 loss=0.388
[ft-mun] ep1 b480 loss=0.221
[ft-mun] ep1 b500 loss=5.284
[ft-mun] ep1 b520 loss=2.454
[ft-mun] ep1 b540 loss=2.430
[ft-mun] ep1 b560 loss=0.108
[ft-mun] ep1 b580 loss=4.017
[ft-mun] ep1 b600 loss=5.314
[ft-mun] ep1 b620 loss=2.975
[ft-mun] ep1 b640 loss=4.504
[ft-mun] ep1 b660 loss=1.568
[ft-mun] ep1 b680 loss=0.333
[ft-mun] ep1 b700 loss=0.242
[ft-mun] ep1 b720 loss=0.356
[ft-mun] ep1 b740 loss=2.629
[ft-mun] ep1 b760 loss=2.990
[ft-mun] ep1 b780 loss=0.856
[ft-mun] ep1 b800 loss=0.152
[ft-mun] ep1 b820 loss=0.247
[ft-mun] ep1 b840 loss=0.210
[ft-mun] ep1 b860 loss=0.214
[ft-mun] ep1 b880 loss=0.031
[ft-mun] ep1 b900 loss=0.356
[ft-mun] ep1 b920 loss=0.017
[ft-mun] ep1 b940 loss=0.450
[ft-mun] ep1 b960 loss=0.026
[ft-mun] ep1 b980 loss=0.431
[ft-mun] ep1 b1000 loss=0.487
[ft-mun] ep1 b1020 loss=0.075
[ft-mun] ep1 b1040 loss=0.098
[ft-mun] ep1 b1060 loss=0.124
[ft-mun] ep1 b1080 loss=0.828
[ft-mun] ep1 b1100 loss=2.180
[ft-mun] ep1 b1120 loss=0.244
[ft-mun] ep1 b1140 loss=0.092
[ft-mun] ep1 b1160 loss=3.172
[ft-mun] ep1 b1180 loss=3.869
[ft-mun] ep1 b1200 loss=1.539
[ft-mun] ep1 b1220 loss=0.034
[ft-mun] ep1 b1240 loss=0.099
[ft-mun] ep1 b1260 loss=2.442
[ft-mun] ep1 b1280 loss=2.792
[ft-mun] ep1 b1300 loss=0.217
[ft-mun] ep1 b1320 loss=2.182
[ft-mun] ep1 b1340 loss=0.114
[ft-mun] ep1 b1360 loss=1.679
[ft-mun] ep1 b1380 loss=4.167
[ft-mun] ep1 b1400 loss=5.398
[ft-mun] ep1 b1420 loss=1.079
[ft-mun] ep1 b1440 loss=0.114
[ft-mun] ep1 b1460 loss=3.624
[ft-mun] ep1 b1480 loss=0.248
[ft-mun] ep1 b1500 loss=0.588
[ft-mun] ep1 b1520 loss=4.143
[ft-mun] ep1 b1540 loss=0.201
[ft-mun] ep1 b1560 loss=0.335
[ft-mun] ep1 b1580 loss=0.025
[ft-mun] ep1 b1600 loss=0.065
[ft-mun] ep1 b1620 loss=0.177
[ft-mun] ep1 b1640 loss=3.869
[ft-mun] ep1 b1660 loss=0.009
[ft-mun] ep1 b1680 loss=0.196
[ft-mun] ep1 b1700 loss=2.296
[ft-mun] ep1 b1720 loss=0.421
[ft-mun] ep1 b1740 loss=3.171
[ft-mun] ep1 b1760 loss=0.033
[ft-mun] ep1 b1780 loss=0.267
[ft-mun] ep1 b1800 loss=0.057
[ft-mun] ep1 b1820 loss=2.288
[ft-mun] ep1 b1840 loss=3.823
[ft-mun] ep1 b1860 loss=0.299
[ft-mun] ep1 b1880 loss=1.974
[ft-mun] ep1 b1900 loss=0.078
[ft-mun] ep1 b1920 loss=0.344
[ft-mun] ep1 b1940 loss=2.283
[ft-mun] ep1 b1960 loss=3.757
[ft-mun] ep1 b1980 loss=3.469
[ft-mun] ep1 b2000 loss=0.015
[ft-mun] ep1 b2020 loss=0.850
[ft-mun] ep1 b2040 loss=0.112
[ft-mun] ep1 b2060 loss=3.586
[ft-mun] ep1 b2080 loss=2.278
[ft-mun] ep1 b2100 loss=2.822
[ft-mun] ep1 b2120 loss=0.067
[ft-mun] ep1 b2140 loss=4.180
[ft-mun] ep1 b2160 loss=0.207
[ft-mun] ep1 b2180 loss=0.191
[ft-mun] ep1 b2200 loss=0.184
[ft-mun] ep1 b2220 loss=0.264
[ft-mun] ep1 b2240 loss=0.006
[ft-mun] ep1 b2260 loss=0.247
[ft-mun] ep1 b2280 loss=2.715
[ft-mun] ep1 b2300 loss=4.042
[ft-mun] ep1 b2320 loss=0.039
[ft-mun] ep1 b2340 loss=0.458
[ft-mun] ep1 b2360 loss=2.890
[ft-mun] ep1 b2380 loss=3.545
[ft-mun] ep1 b2400 loss=0.265
[ft-mun] ep1 b2420 loss=4.212
[ft-mun] ep1 b2440 loss=0.338
[ft-mun] ep1 b2460 loss=0.386
[ft-mun] ep1 b2480 loss=0.458
[ft-mun] ep1 b2500 loss=3.836
[ft-mun] ep1 b2520 loss=2.821
[ft-mun] ep1 b2540 loss=4.651
[ft-mun] ep1 b2560 loss=1.904
[ft-mun] ep1 b2580 loss=0.466
[ft-mun] ep1 b2600 loss=0.170
[ft-mun] ep1 b2620 loss=1.780
[ft-mun] ep1 b2640 loss=4.576
[ft-mun] ep1 b2660 loss=0.086
[ft-mun] ep1 b2680 loss=0.790
[ft-mun] ep1 b2700 loss=0.240
[ft-mun] ep1 b2720 loss=0.009
[ft-mun] ep1 b2740 loss=0.084
[ft-mun] ep1 b2760 loss=0.041
[ft-mun] ep1 b2780 loss=2.785
[ft-mun] ep1 b2800 loss=0.180
[ft-mun] ep1 b2820 loss=2.834
[ft-mun] ep1 b2840 loss=0.127
[ft-mun] ep1 b2860 loss=2.995
[ft-mun] ep1 b2880 loss=3.042
[ft-mun] ep1 b2900 loss=0.235
[ft-mun] ep1 b2920 loss=0.212
[ft-mun] ep1 b2940 loss=4.234
[ft-mun] ep1 b2960 loss=0.039
[ft-mun] ep1 b2980 loss=0.108
[ft-mun] ep1 b3000 loss=0.561
[ft-mun] ep1 b3020 loss=1.273
[ft-mun] ep1 b3040 loss=2.662
[ft-mun] ep1 b3060 loss=0.396
[ft-mun] ep1 b3080 loss=2.688
[ft-mun] ep1 b3100 loss=0.175
[ft-mun] ep1 b3120 loss=2.071
[ft-mun] ep1 b3140 loss=0.015
[ft-mun] ep1 b3160 loss=2.826
[ft-mun] ep1 b3180 loss=0.246
[ft-mun] ep1 b3200 loss=1.512
[ft-mun] ep1 b3220 loss=0.583
[ft-mun] ep1 b3240 loss=0.230
[ft-mun] ep1 b3260 loss=2.899
[ft-mun] ep1 b3280 loss=2.513
[ft-mun] ep1 b3300 loss=5.338
[ft-mun] ep1 b3320 loss=0.039
[ft-mun] ep1 b3340 loss=0.559
[ft-mun] ep1 b3360 loss=1.448
[ft-mun] ep1 b3380 loss=0.215
[ft-mun] ep1 b3400 loss=0.161
[ft-mun] ep1 b3420 loss=2.695
[ft-mun] ep1 b3440 loss=3.342
[ft-mun] ep1 b3460 loss=0.286
[ft-mun] ep1 b3480 loss=0.343
[ft-mun] ep1 b3500 loss=0.058
[ft-mun] ep1 b3520 loss=0.150
[ft-mun] ep1 b3540 loss=2.718
[ft-mun] ep1 b3560 loss=0.044
[ft-mun] ep1 b3580 loss=0.097
[ft-mun] ep1 b3600 loss=0.776
[ft-mun] ep1 b3620 loss=0.232
[ft-mun] ep1 b3640 loss=0.569
[ft-mun] ep1 b3660 loss=2.638
[ft-mun] ep1 b3680 loss=0.067
[ft-mun] ep1 b3700 loss=2.591
[ft-mun] ep1 b3720 loss=0.344
[ft-mun] ep1 b3740 loss=0.314
[ft-mun] ep1 b3760 loss=0.015
[ft-mun] ep1 b3780 loss=0.037
[ft-mun] ep1 b3800 loss=0.631
[ft-mun] ep1 b3820 loss=0.046
[ft-mun] ep1 b3840 loss=0.037
[ft-mun] ep1 b3860 loss=0.042
[ft-mun] ep1 b3880 loss=3.528
[ft-mun] ep1 b3900 loss=4.729
[ft-mun] ep1 b3920 loss=0.150
[ft-mun] ep1 b3940 loss=2.320
[ft-mun] ep1 b3960 loss=0.006
[ft-mun] ep1 b3980 loss=4.680
[ft-mun] ep1 b4000 loss=0.824
[ft-mun] ep1 b4020 loss=0.013
[ft-mun] ep1 b4040 loss=0.384
[ft-mun] ep1 b4060 loss=0.380
[ft-mun] ep1 b4080 loss=0.029
[ft-mun] ep1 b4100 loss=5.925
[ft-mun] ep1 b4120 loss=0.534
[ft-mun] ep1 b4140 loss=1.854
[ft-mun] ep1 b4160 loss=0.137
[ft-mun] ep1 b4180 loss=0.262
[ft-mun] ep1 b4200 loss=0.486
[ft-mun] ep1 b4220 loss=0.716
[ft-mun] ep1 b4240 loss=0.273
[ft-mun] ep1 b4260 loss=0.389
[ft-mun] ep1 b4280 loss=0.280
[ft-mun] ep1 b4300 loss=0.036
[ft-mun] ep1 b4320 loss=2.989
[ft-mun] ep1 b4340 loss=3.069
[ft-mun] ep1 b4360 loss=0.014
[ft-mun] ep1 b4380 loss=0.815
[ft-mun] ep1 b4400 loss=0.049
[ft-mun] ep1 b4420 loss=2.550
[ft-mun] ep1 b4440 loss=0.055
[ft-mun] ep1 b4460 loss=1.612
[ft-mun] ep1 b4480 loss=0.045
[ft-mun] ep1 b4500 loss=3.819
[ft-mun] ep1 b4520 loss=0.018
[ft-mun] ep1 b4540 loss=3.471
[ft-mun] ep1 b4560 loss=0.225
[ft-mun] ep1 b4580 loss=3.588
[ft-mun] ep1 b4600 loss=0.144
[ft-mun] ep1 b4620 loss=3.023
[ft-mun] ep1 b4640 loss=5.119
[ft-mun] ep1 b4660 loss=4.109
[ft-mun] ep1 b4680 loss=0.119
[ft-mun] ep1 b4700 loss=0.083
[ft-mun] ep1 b4720 loss=3.764
[ft-mun] ep1 b4740 loss=0.140
[ft-mun] ep1 b4760 loss=0.403
[ft-mun] ep1 b4780 loss=0.125
[ft-mun] ep1 b4800 loss=0.135
[ft-mun] ep1 b4820 loss=2.083
[ft-mun] ep1 b4840 loss=0.014
[ft-mun] ep1 b4860 loss=0.034
[ft-mun] ep1 b4880 loss=0.144
[ft-mun] ep1 b4900 loss=1.714
[ft-mun] ep1 b4920 loss=0.135
[ft-mun] ep1 b4940 loss=3.022
[ft-mun] ep1 b4960 loss=2.998
[ft-mun] ep1 b4980 loss=0.064
[ft-mun] ep1 b5000 loss=2.914
[ft-mun] ep1 b5020 loss=0.183
[ft-mun] ep1 b5040 loss=0.057
[ft-mun] ep1 b5060 loss=5.153
[ft-mun] ep1 b5080 loss=0.274
[ft-mun] ep1 b5100 loss=0.077
[ft-mun] ep1 b5120 loss=3.439
[ft-mun] ep1 b5140 loss=0.362
[ft-mun] ep1 b5160 loss=0.163
[ft-mun] ep1 b5180 loss=0.091
[ft-mun] ep1 b5200 loss=0.004
[ft-mun] ep1 b5220 loss=0.021
[ft-mun] ep1 b5240 loss=0.939
[ft-mun] ep1 b5260 loss=0.010
[ft-mun] ep1 b5280 loss=2.641
[ft-mun] ep1 b5300 loss=3.225
[ft-mun] ep1 b5320 loss=3.749
[ft-mun] ep1 b5340 loss=3.590
[ft-mun] ep1 b5360 loss=1.727
[ft-mun] ep1 b5380 loss=0.116
[ft-mun] ep1 b5400 loss=4.395
[ft-mun] ep1 b5420 loss=4.544
[ft-mun] ep1 b5440 loss=0.050
[ft-mun] ep1 b5460 loss=0.120
[ft-mun] ep1 b5480 loss=0.037
[ft-mun] ep1 b5500 loss=0.251
[ft-mun] ep1 b5520 loss=0.154
[ft-mun] ep1 b5540 loss=0.314
[ft-mun] ep1 b5560 loss=0.021
[ft-mun] ep1 b5580 loss=4.563
[ft-mun] ep1 b5600 loss=0.961
[ft-mun] ep1 b5620 loss=0.328
[ft-mun] ep1 b5640 loss=0.048
[ft-mun] ep1 b5660 loss=0.722
[ft-mun] ep1 b5680 loss=0.127
[ft-mun] ep1 b5700 loss=4.300
[ft-mun] ep1 b5720 loss=2.462
[ft-mun] ep1 b5740 loss=3.726
[ft-mun] ep1 b5760 loss=2.118
[ft-mun] ep1 b5780 loss=3.892
[ft-mun] ep1 b5800 loss=2.847
[ft-mun] ep1 b5820 loss=0.657
[ft-mun] ep1 b5840 loss=0.560
[ft-mun] ep1 b5860 loss=0.002
[ft-mun] ep1 b5880 loss=0.123
[ft-mun] ep1 b5900 loss=2.213
[ft-mun] ep1 b5920 loss=1.420
[ft-mun] ep1 b5940 loss=0.087
[ft-mun] ep1 b5960 loss=0.151
[ft-mun] ep1 b5980 loss=0.263
[ft-mun] ep1 b6000 loss=3.949
[ft-mun] ep1 b6020 loss=3.285
[ft-mun] ep1 b6040 loss=3.846
[ft-mun] ep1 b6060 loss=0.516
[ft-mun] ep1 b6080 loss=0.117
[ft-mun] ep1 b6100 loss=0.135
[ft-mun] ep1 b6120 loss=0.407
[ft-mun] ep1 b6140 loss=4.648
[ft-mun] ep1 b6160 loss=0.088
[ft-mun] ep1 b6180 loss=0.308
[ft-mun] ep1 b6200 loss=2.474
[ft-mun] ep1 b6220 loss=0.014
[ft-mun] ep1 b6240 loss=0.101
[ft-mun] ep1 b6260 loss=1.405
[ft-mun] ep1 b6280 loss=0.222
[ft-mun] ep1 b6300 loss=0.178
[ft-mun] ep1 b6320 loss=0.375
[ft-mun] ep1 b6340 loss=0.099
[ft-mun] ep1 b6360 loss=0.113
[ft-mun] ep1 b6380 loss=0.016
[ft-mun] ep1 b6400 loss=0.147
[ft-mun] ep1 b6420 loss=2.526
[ft-mun] ep1 b6440 loss=2.030
[ft-mun] ep1 b6460 loss=2.110
[ft-mun] ep1 b6480 loss=0.274
[ft-mun] ep1 b6500 loss=0.021
[ft-mun] ep1 b6520 loss=0.046
[ft-mun] ep1 b6540 loss=3.803
[ft-mun] ep1 b6560 loss=0.081
[ft-mun] ep1 b6580 loss=1.971
[ft-mun] ep1 b6600 loss=3.130
[ft-mun] ep1 b6620 loss=2.852
[ft-mun] ep1 b6640 loss=3.033
[ft-mun] ep1 b6660 loss=2.623
[ft-mun] ep1 b6680 loss=1.306
[ft-mun] ep1 b6700 loss=0.557
[ft-mun] ep1 b6720 loss=4.269
[ft-mun] ep1 b6740 loss=4.060
[ft-mun] ep1 b6760 loss=0.148
[ft-mun] ep1 b6780 loss=0.026
[ft-mun] ep1 b6800 loss=2.571
[ft-mun] ep1 b6820 loss=0.321
[ft-mun] ep1 b6840 loss=5.441
[ft-mun] ep1 b6860 loss=0.025
[ft-mun] ep1 b6880 loss=3.900
[ft-mun] ep1 b6900 loss=0.219
[ft-mun] ep1 b6920 loss=0.076
[ft-mun] ep1 b6940 loss=0.249
[ft-mun] ep1 b6960 loss=0.230
[ft-mun] ep1 b6980 loss=0.049
[ft-mun] ep1 b7000 loss=0.907
[ft-mun] ep1 b7020 loss=0.304
[ft-mun] ep1 b7040 loss=0.082
[ft-mun] ep1 b7060 loss=0.029
[ft-mun] ep1 b7080 loss=2.600
[ft-mun] ep1 b7100 loss=3.816
[ft-mun] ep1 b7120 loss=0.036
[ft-mun] ep1 b7140 loss=0.324
[ft-mun] ep1 b7160 loss=2.572
[ft-mun] ep1 b7180 loss=0.254
[ft-mun] ep1 b7200 loss=2.823
[ft-mun] ep1 b7220 loss=0.103
[ft-mun] ep1 b7240 loss=0.108
[ft-mun] ep1 b7260 loss=0.349
[ft-mun] ep1 b7280 loss=3.640
[ft-mun] ep1 b7300 loss=0.332
[ft-mun] ep1 b7320 loss=0.156
[ft-mun] ep1 b7340 loss=0.508
[ft-mun] ep1 b7360 loss=0.043
[ft-mun] ep1 b7380 loss=0.322
[ft-mun] ep1 b7400 loss=2.179
[ft-mun] ep1 b7420 loss=2.687
[ft-mun] ep1 b7440 loss=2.915
[ft-mun] ep1 b7460 loss=0.205
[ft-mun] ep1 b7480 loss=0.011
[ft-mun] ep1 b7500 loss=2.698
[ft-mun] ep1 b7520 loss=4.979
[ft-mun] ep1 b7540 loss=0.953
[ft-mun] ep1 b7560 loss=4.000
[ft-mun] ep1 b7580 loss=0.195
[ft-mun] ep1 b7600 loss=0.026
[ft-mun] ep1 b7620 loss=0.113
[ft-mun] ep1 b7640 loss=0.372
[ft-mun] ep1 b7660 loss=4.347
[ft-mun] ep1 b7680 loss=5.274
[ft-mun] ep1 b7700 loss=4.397
[ft-mun] ep1 b7720 loss=0.035
[ft-mun] ep1 b7740 loss=0.010
[ft-mun] ep1 b7760 loss=0.029
[ft-mun] ep1 b7780 loss=0.021
[ft-mun] ep1 b7800 loss=0.154
[ft-mun] ep1 b7820 loss=0.019
[ft-mun] ep1 b7840 loss=0.337
[ft-mun] ep1 b7860 loss=0.437
[ft-mun] ep1 b7880 loss=0.237
[ft-mun] ep1 b7900 loss=0.232
[ft-mun] ep1 b7920 loss=3.947
[ft-mun] ep1 b7940 loss=1.289
[ft-mun] ep1 b7960 loss=0.242
[ft-mun] ep1 b7980 loss=0.465
[ft-mun] ep1 b8000 loss=4.484
[ft-mun] ep1 b8020 loss=1.737
[ft-mun] ep1 b8040 loss=2.764
[ft-mun] ep1 b8060 loss=2.316
[ft-mun] ep1 b8080 loss=0.069
[ft-mun] ep1 b8100 loss=0.928
[ft-mun] ep1 b8120 loss=4.092
[ft-mun] ep1 b8140 loss=0.117
[ft-mun] ep1 b8160 loss=0.580
[ft-mun] ep1 b8180 loss=4.437
[ft-mun] ep1 b8200 loss=2.126
[ft-mun] ep1 b8220 loss=2.599
[ft-mun] ep1 b8240 loss=0.090
[ft-mun] ep1 b8260 loss=3.300
[ft-mun] ep1 b8280 loss=0.106
[ft-mun] ep1 b8300 loss=1.645
[ft-mun] ep1 b8320 loss=0.130
[ft-mun] ep1 b8340 loss=3.798
[ft-mun] ep1 b8360 loss=0.137
[ft-mun] ep1 b8380 loss=3.647
[ft-mun] ep1 b8400 loss=0.350
[ft-mun] ep1 b8420 loss=0.208
[ft-mun] ep1 b8440 loss=0.125
[ft-mun] ep1 b8460 loss=0.060
[ft-mun] ep1 b8480 loss=0.145
[ft-mun] ep1 b8500 loss=3.812
[ft-mun] ep1 b8520 loss=0.304
[ft-mun] ep1 b8540 loss=0.156
[ft-mun] ep1 b8560 loss=0.020
[ft-mun] ep1 b8580 loss=0.335
[ft-mun] ep1 b8600 loss=5.043
[ft-mun] ep1 b8620 loss=2.210
[ft-mun] ep1 b8640 loss=0.015
[ft-mun] ep1 b8660 loss=0.076
[ft-mun] ep1 b8680 loss=0.227
[ft-mun] ep1 b8700 loss=0.030
[ft-mun] ep1 b8720 loss=0.010
[ft-mun] ep1 b8740 loss=0.247
[ft-mun] ep1 b8760 loss=0.010
[ft-mun] ep1 b8780 loss=4.779
[ft-mun] ep1 b8800 loss=0.072
[ft-mun] ep1 b8820 loss=0.104
[ft-mun] ep1 b8840 loss=0.062
[ft-mun] ep1 b8860 loss=3.067
[ft-mun] ep1 b8880 loss=0.693
[ft-mun] ep1 b8900 loss=0.231
[ft-mun] ep1 b8920 loss=4.104
[ft-mun] ep1 b8940 loss=2.404
[ft-mun] ep1 b8960 loss=0.136
[ft-mun] ep1 b8980 loss=4.083
[ft-mun] ep1 b9000 loss=3.971
[ft-mun] ep1 b9020 loss=0.004
[ft-mun] ep1 b9040 loss=0.363
[ft-mun] ep1 b9060 loss=0.883
[ft-mun] ep1 b9080 loss=4.713
[ft-mun] ep1 b9100 loss=0.044
[ft-mun] ep1 b9120 loss=0.383
[ft-mun] ep1 b9140 loss=4.700
[ft-mun] ep1 b9160 loss=4.261
[ft-mun] ep1 b9180 loss=2.542
[ft-mun] ep1 b9200 loss=0.845
[ft-mun] ep1 b9220 loss=2.565
[ft-mun] ep1 b9240 loss=4.199
[ft-mun] ep1 b9260 loss=2.431
[ft-mun] ep1 b9280 loss=0.651
[ft-mun] ep1 b9300 loss=0.457
[ft-mun] ep1 b9320 loss=0.144
[ft-mun] ep1 b9340 loss=0.140
[ft-mun] ep1 b9360 loss=0.539
[ft-mun] ep1 b9380 loss=2.235
[ft-mun] ep1 b9400 loss=0.008
[ft-mun] ep1 b9420 loss=0.642
[ft-mun] ep1 b9440 loss=0.251
[ft-mun] ep1 b9460 loss=5.323
[ft-mun] ep1 b9480 loss=0.199
[ft-mun] ep1 b9500 loss=0.108
[ft-mun] ep1 b9520 loss=2.601
[ft-mun] ep1 b9540 loss=0.011
[ft-mun] ep1 b9560 loss=2.238
[ft-mun] ep1 b9580 loss=0.208
[ft-mun] ep1 b9600 loss=0.453
[ft-mun] ep1 b9620 loss=2.461
[ft-mun] ep1 b9640 loss=0.268
[ft-mun] ep1 b9660 loss=0.165
[ft-mun] ep1 b9680 loss=3.068
[ft-mun] ep1 b9700 loss=0.050
[ft-mun] ep1 b9720 loss=0.175
[ft-mun] ep1 b9740 loss=2.520
[ft-mun] ep1 b9760 loss=0.091
[ft-mun] ep1 b9780 loss=0.203
[ft-mun] ep1 b9800 loss=3.855
[ft-mun] ep1 b9820 loss=0.913
[ft-mun] ep1 b9840 loss=1.388
[ft-mun] ep1 b9860 loss=3.330
[ft-mun] ep1 b9880 loss=0.540
[ft-mun] ep1 b9900 loss=2.451
[ft-mun] ep1 b9920 loss=1.642
[ft-mun] ep1 b9940 loss=3.680
[ft-mun] ep1 b9960 loss=0.137
[ft-mun] ep1 b9980 loss=3.563
[ft-mun] ep1 b10000 loss=1.879
[ft-mun] ep1 b10020 loss=0.419
[ft-mun] ep1 b10040 loss=0.198
[ft-mun] ep1 b10060 loss=0.060
[ft-mun] ep1 b10080 loss=1.960
[ft-mun] ep1 b10100 loss=0.031
[ft-mun] ep1 b10120 loss=0.312
[ft-mun] ep1 b10140 loss=3.620
[ft-mun] ep1 b10160 loss=0.081
[ft-mun] ep1 b10180 loss=0.054
[ft-mun] ep1 b10200 loss=0.005
[ft-mun] ep1 b10220 loss=0.124
[ft-mun] ep1 b10240 loss=3.782
[ft-mun] ep1 b10260 loss=0.015
[ft-mun] ep1 b10280 loss=1.450
[ft-mun] ep1 b10300 loss=3.102
[ft-mun] ep1 b10320 loss=5.160
[ft-mun] ep1 b10340 loss=5.159
[ft-mun] ep1 b10360 loss=0.288
[ft-mun] ep1 b10380 loss=1.678
[ft-mun] ep1 b10400 loss=3.668
[ft-mun] ep1 b10420 loss=0.006
[ft-mun] ep1 b10440 loss=0.584
[ft-mun] ep1 b10460 loss=2.498
[ft-mun] ep1 b10480 loss=5.307
[ft-mun] ep1 b10500 loss=2.881
[ft-mun] ep1 b10520 loss=4.189
[ft-mun] ep1 b10540 loss=0.155
[ft-mun] ep1 b10560 loss=3.321
[ft-mun] ep1 b10580 loss=0.009
[ft-mun] ep1 b10600 loss=0.024
[ft-mun] ep1 b10620 loss=4.272
[ft-mun] ep1 b10640 loss=0.410
[ft-mun] ep1 b10660 loss=0.032
[ft-mun] ep1 b10680 loss=0.067
[ft-mun] ep1 b10700 loss=2.386
[ft-mun] ep1 b10720 loss=1.325
[ft-mun] ep1 b10740 loss=0.295
[ft-mun] ep1 b10760 loss=0.008
[ft-mun] ep1 b10780 loss=1.230
[ft-mun] ep1 b10800 loss=3.599
[ft-mun] ep1 b10820 loss=3.208
[ft-mun] ep1 b10840 loss=1.211
[ft-mun] ep1 b10860 loss=4.267
[ft-mun] ep1 b10880 loss=0.274
[ft-mun] ep1 b10900 loss=0.145
[ft-mun] ep1 b10920 loss=2.165
[ft-mun] ep1 b10940 loss=0.511
[ft-mun] ep1 b10960 loss=0.134
[ft-mun] ep1 b10980 loss=0.084
[ft-mun] ep1 b11000 loss=0.664
[ft-mun] ep1 b11020 loss=0.245
[ft-mun] ep1 b11040 loss=0.303
[ft-mun] ep1 b11060 loss=0.160
[ft-mun] ep1 b11080 loss=0.139
[ft-mun] ep1 b11100 loss=3.149
[ft-mun] ep1 b11120 loss=0.093
[ft-mun] ep1 b11140 loss=0.135
[ft-mun] ep1 b11160 loss=0.006
[ft-mun] ep1 b11180 loss=0.288
[ft-mun] ep1 b11200 loss=0.322
[ft-mun] ep1 b11220 loss=1.117
[ft-mun] ep1 b11240 loss=4.783
[ft-mun] ep1 b11260 loss=0.063
[ft-mun] ep1 b11280 loss=3.312
[ft-mun] ep1 b11300 loss=0.395
[ft-mun] ep1 b11320 loss=0.020
[ft-mun] ep1 b11340 loss=0.406
[ft-mun] ep1 b11360 loss=0.574
[ft-mun] ep1 b11380 loss=2.272
[ft-mun] ep1 b11400 loss=0.213
[ft-mun] ep1 b11420 loss=3.559
[ft-mun] ep1 b11440 loss=0.277
[ft-mun] ep1 b11460 loss=2.952
[ft-mun] ep1 b11480 loss=1.924
[ft-mun] ep1 b11500 loss=0.581
[ft-mun] ep1 b11520 loss=1.731
[ft-mun] ep1 b11540 loss=0.068
[ft-mun] ep1 b11560 loss=1.413
[ft-mun] ep1 b11580 loss=5.416
[ft-mun] ep1 b11600 loss=0.426
[ft-mun] ep1 b11620 loss=0.125
[ft-mun] ep1 b11640 loss=0.316
[ft-mun] ep1 b11660 loss=0.096
[ft-mun] ep1 b11680 loss=0.550
[ft-mun] ep1 b11700 loss=0.143
[ft-mun] ep1 b11720 loss=0.022
[ft-mun] ep1 b11740 loss=0.086
[ft-mun] ep1 b11760 loss=3.237
[ft-mun] ep1 b11780 loss=0.093
[ft-mun] ep1 b11800 loss=0.092
[ft-mun] ep1 b11820 loss=2.050
[ft-mun] ep1 b11840 loss=0.038
[ft-mun] ep1 b11860 loss=0.027
[ft-mun] ep1 b11880 loss=0.338
[ft-mun] ep1 b11900 loss=0.017
[ft-mun] ep1 b11920 loss=1.552
[ft-mun] ep1 b11940 loss=2.555
[ft-mun] ep1 b11960 loss=3.240
[ft-mun] ep1 b11980 loss=0.196
[ft-mun] ep1 b12000 loss=2.805
[ft-mun] ep1 b12020 loss=3.453
[ft-mun] ep1 b12040 loss=2.189
[ft-mun] ep1 b12060 loss=0.040
[ft-mun] ep1 b12080 loss=1.281
[ft-mun] ep1 b12100 loss=0.114
[ft-mun] ep1 b12120 loss=1.783
[ft-mun] ep1 b12140 loss=0.062
[ft-mun] ep1 b12160 loss=2.599
[ft-mun] ep1 b12180 loss=0.205
[ft-mun] ep1 b12200 loss=3.617
[ft-mun] ep1 b12220 loss=0.604
[ft-mun] ep1 b12240 loss=0.393
[ft-mun] ep1 b12260 loss=0.281
[ft-mun] ep1 b12280 loss=0.236
[ft-mun] ep1 b12300 loss=0.061
[ft-mun] ep1 b12320 loss=3.531
[ft-mun] ep1 b12340 loss=4.392
[ft-mun] ep1 b12360 loss=0.227
[ft-mun] ep1 b12380 loss=3.783
[ft-mun] ep1 b12400 loss=0.008
[ft-mun] ep1 b12420 loss=0.022
[ft-mun] ep1 b12440 loss=0.156
[ft-mun] ep1 b12460 loss=2.485
[ft-mun] ep1 b12480 loss=2.513
[ft-mun] ep1 b12500 loss=1.620
[ft-mun] ep1 b12520 loss=3.665
[ft-mun] ep1 b12540 loss=5.369
[ft-mun] ep1 b12560 loss=0.051
[ft-mun] ep1 b12580 loss=2.725
[ft-mun] ep1 b12600 loss=0.322
[ft-mun] ep1 b12620 loss=0.355
[ft-mun] ep1 b12640 loss=0.728
[ft-mun] ep1 b12660 loss=0.046
[ft-mun] ep1 b12680 loss=0.008
[ft-mun] ep1 b12700 loss=0.175
[ft-mun] ep1 b12720 loss=0.493
[ft-mun] ep1 b12740 loss=1.828
[ft-mun] ep1 b12760 loss=0.010
[ft-mun] ep1 b12780 loss=0.141
[ft-mun] ep1 b12800 loss=3.656
[ft-mun] ep1 b12820 loss=3.724
[ft-mun] ep1 b12840 loss=1.375
[ft-mun] ep1 b12860 loss=0.378
[ft-mun] ep1 b12880 loss=0.118
[ft-mun] ep1 b12900 loss=0.045
[ft-mun] ep1 b12920 loss=0.412
[ft-mun] ep1 b12940 loss=0.394
[ft-mun] ep1 b12960 loss=3.989
[ft-mun] ep1 b12980 loss=0.263
[ft-mun] ep1 b13000 loss=0.035
[ft-mun] ep1 b13020 loss=3.785
[ft-mun] ep1 b13040 loss=0.104
[ft-mun] ep1 b13060 loss=2.774
[ft-mun] ep1 b13080 loss=0.469
[ft-mun] ep1 b13100 loss=0.068
[ft-mun] ep1 b13120 loss=2.768
[ft-mun] ep1 b13140 loss=2.190
[ft-mun] ep1 b13160 loss=0.179
[ft-mun] ep1 b13180 loss=0.082
[ft-mun] ep1 b13200 loss=4.729
[ft-mun] ep1 b13220 loss=2.346
[ft-mun] ep1 b13240 loss=0.592
[ft-mun] ep1 b13260 loss=0.011
[ft-mun] ep1 b13280 loss=0.024
[ft-mun] ep1 b13300 loss=5.665
[ft-mun] ep1 b13320 loss=0.135
[ft-mun] ep1 b13340 loss=0.088
[ft-mun] ep1 b13360 loss=0.189
[ft-mun] ep1 b13380 loss=0.193
[ft-mun] ep1 b13400 loss=0.081
[ft-mun] ep1 b13420 loss=0.202
[ft-mun] ep1 b13440 loss=2.444
[ft-mun] ep1 b13460 loss=0.029
[ft-mun] ep1 b13480 loss=0.028
[ft-mun] ep1 b13500 loss=1.721
[ft-mun] ep1 b13520 loss=5.118
[ft-mun] ep1 b13540 loss=0.110
[ft-mun] ep1 b13560 loss=2.989
[ft-mun] ep1 b13580 loss=0.362
[ft-mun] ep1 b13600 loss=0.205
[ft-mun] ep1 b13620 loss=0.051
[ft-mun] ep1 b13640 loss=0.072
[ft-mun] ep1 b13660 loss=0.279
[ft-mun] ep1 b13680 loss=0.014
[ft-mun] ep1 b13700 loss=0.181
[ft-mun] ep1 b13720 loss=0.041
[ft-mun] ep1 b13740 loss=5.312
[ft-mun] ep1 b13760 loss=0.085
[ft-mun] ep1 b13780 loss=0.079
[ft-mun] ep1 b13800 loss=2.260
[ft-mun] ep1 b13820 loss=1.848
[ft-mun] ep1 b13840 loss=0.049
[ft-mun] ep1 b13860 loss=0.071
[ft-mun] ep1 b13880 loss=0.096
[ft-mun] ep1 b13900 loss=0.577
[ft-mun] ep1 b13920 loss=3.098
[ft-mun] ep1 b13940 loss=0.024
[ft-mun] ep1 b13960 loss=0.137
[ft-mun] ep1 b13980 loss=3.134
[ft-mun] ep1 b14000 loss=0.082
[ft-mun] ep1 b14020 loss=0.436
[ft-mun] ep1 b14040 loss=0.421
[ft-mun] ep1 b14060 loss=0.396
[ft-mun] ep1 b14080 loss=1.054
[ft-mun] ep1 b14100 loss=0.520
[ft-mun] ep1 b14120 loss=2.270
[ft-mun] ep1 b14140 loss=4.299
[ft-mun] ep1 b14160 loss=0.202
[ft-mun] ep1 b14180 loss=0.694
[ft-mun] ep1 b14200 loss=3.811
[ft-mun] ep1 b14220 loss=0.121
[ft-mun] ep1 b14240 loss=0.778
[ft-mun] ep1 b14260 loss=0.020
[ft-mun] ep1 b14280 loss=0.061
[ft-mun] ep1 b14300 loss=0.008
[ft-mun] ep1 b14320 loss=0.032
[ft-mun] ep1 b14340 loss=0.509
[ft-mun] ep1 b14360 loss=0.115
[ft-mun] ep1 b14380 loss=2.613
[ft-mun] ep1 b14400 loss=4.422
[ft-mun] ep1 b14420 loss=3.016
[ft-mun] ep1 b14440 loss=0.167
[ft-mun] ep1 b14460 loss=0.133
[ft-mun] ep1 b14480 loss=0.016
[ft-mun] ep1 b14500 loss=0.111
[ft-mun] ep1 b14520 loss=3.439
[ft-mun] ep1 b14540 loss=1.927
[ft-mun] ep1 b14560 loss=2.416
[ft-mun] ep1 b14580 loss=1.726
[ft-mun] ep1 b14600 loss=3.762
[ft-mun] ep1 b14620 loss=0.150
[ft-mun] ep1 b14640 loss=0.085
[ft-mun] ep1 b14660 loss=0.509
[ft-mun] ep1 b14680 loss=0.061
[ft-mun] ep1 b14700 loss=0.341
[ft-mun] ep1 b14720 loss=2.173
[ft-mun] ep1 b14740 loss=2.464
[ft-mun] ep1 b14760 loss=2.609
[ft-mun] ep1 b14780 loss=0.068
[ft-mun] ep1 b14800 loss=0.582
[ft-mun] ep1 b14820 loss=0.091
[ft-mun] ep1 b14840 loss=2.193
[ft-mun] ep1 b14860 loss=2.479
[ft-mun] ep1 b14880 loss=0.036
[ft-mun] ep1 b14900 loss=0.559
[ft-mun] ep1 b14920 loss=0.033
[ft-mun] ep1 b14940 loss=0.034
[ft-mun] ep1 b14960 loss=0.168
[ft-mun] ep1 b14980 loss=0.076
[ft-mun] ep1 b15000 loss=3.642
[ft-mun] ep1 b15020 loss=3.811
[ft-mun] ep1 b15040 loss=3.067
[ft-mun] ep1 b15060 loss=0.269
[ft-mun] ep1 b15080 loss=0.234
[ft-mun] ep1 b15100 loss=0.522
[ft-mun] ep1 b15120 loss=1.915
[ft-mun] ep1 b15140 loss=3.181
[ft-mun] ep1 b15160 loss=0.741
[ft-mun] ep1 b15180 loss=0.046
[ft-mun] ep1 b15200 loss=4.843
[ft-mun] ep1 b15220 loss=0.430
[ft-mun] ep1 b15240 loss=0.122
[ft-mun] ep1 b15260 loss=4.254
[ft-mun] ep1 b15280 loss=0.137
[ft-mun] ep1 b15300 loss=4.752
[ft-mun] ep1 b15320 loss=1.210
[ft-mun] ep1 b15340 loss=0.825
[ft-mun] ep1 b15360 loss=0.428
[ft-mun] ep1 b15380 loss=4.403
[ft-mun] ep1 b15400 loss=0.187
[ft-mun] ep1 b15420 loss=0.211
[ft-mun] ep1 b15440 loss=3.183
[ft-mun] ep1 b15460 loss=0.047
[ft-mun] ep1 b15480 loss=0.147
[ft-mun] ep1 b15500 loss=2.156
[ft-mun] ep1 b15520 loss=0.180
[ft-mun] ep1 b15540 loss=1.213
[ft-mun] ep1 b15560 loss=0.093
[ft-mun] ep1 b15580 loss=0.215
[ft-mun] ep1 b15600 loss=4.322
[ft-mun] ep1 b15620 loss=4.943
[ft-mun] ep1 b15640 loss=0.314
[ft-mun] ep1 b15660 loss=3.662
[ft-mun] ep1 b15680 loss=0.153
[ft-mun] ep1 b15700 loss=4.836
[ft-mun] ep1 b15720 loss=0.168
[ft-mun] ep1 b15740 loss=0.015
[ft-mun] ep1 b15760 loss=0.504
[ft-mun] ep1 b15780 loss=0.176
[ft-mun] ep1 b15800 loss=2.839
[ft-mun] ep1 b15820 loss=3.462
[ft-mun] ep1 b15840 loss=2.418
[ft-mun] ep1 b15860 loss=0.061
[ft-mun] ep1 b15880 loss=0.167
[ft-mun] ep1 b15900 loss=0.273
[ft-mun] ep1 b15920 loss=0.032
[ft-mun] ep1 b15940 loss=0.051
[ft-mun] ep1 b15960 loss=4.699
[ft-mun] ep1 b15980 loss=2.911
[ft-mun] ep1 b16000 loss=0.008
[ft-mun] ep1 b16020 loss=0.111
[ft-mun] ep1 b16040 loss=0.271
[ft-mun] ep1 b16060 loss=0.299
[ft-mun] ep1 b16080 loss=0.119
[ft-mun] ep1 b16100 loss=3.269
[ft-mun] ep1 b16120 loss=0.841
[ft-mun] ep1 b16140 loss=0.423
[ft-mun] ep1 b16160 loss=5.325
[ft-mun] ep1 b16180 loss=3.798
[ft-mun] ep1 b16200 loss=0.009
[ft-mun] ep1 b16220 loss=0.008
[ft-mun] ep1 b16240 loss=0.262
[ft-mun] ep1 b16260 loss=4.567
[ft-mun] ep1 b16280 loss=0.515
[ft-mun] ep1 b16300 loss=0.055
[ft-mun] ep1 b16320 loss=0.080
[ft-mun] ep1 b16340 loss=0.016
[ft-mun] ep1 b16360 loss=3.287
[ft-mun] ep1 b16380 loss=3.896
[ft-mun] ep1 b16400 loss=0.178
[ft-mun] ep1 b16420 loss=0.467
[ft-mun] ep1 b16440 loss=0.451
[ft-mun] ep1 b16460 loss=1.662
[ft-mun] ep1 b16480 loss=0.095
[ft-mun] ep1 b16500 loss=1.539
[ft-mun] ep1 b16520 loss=0.186
[ft-mun] ep1 b16540 loss=0.909
[ft-mun] ep1 b16560 loss=2.455
[ft-mun] ep1 b16580 loss=0.093
[ft-mun] ep1 b16600 loss=0.030
[ft-mun] ep1 b16620 loss=0.081
[ft-mun] ep1 b16640 loss=0.224
[ft-mun] ep1 b16660 loss=0.246
[ft-mun] ep1 b16680 loss=0.413
[ft-mun] ep1 b16700 loss=0.026
[ft-mun] ep1 b16720 loss=4.642
[ft-mun] ep1 b16740 loss=0.089
[ft-mun] ep1 b16760 loss=0.054
[ft-mun] ep1 b16780 loss=4.395
[ft-mun] ep1 b16800 loss=0.350
[ft-mun] ep1 b16820 loss=0.241
[ft-mun] ep1 b16840 loss=0.746
[ft-mun] ep1 b16860 loss=3.321
[ft-mun] ep1 b16880 loss=0.015
[ft-mun] ep1 b16900 loss=0.161
[ft-mun] ep1 b16920 loss=0.084
[ft-mun] ep1 b16940 loss=2.513
[ft-mun] ep1 b16960 loss=0.002
[ft-mun] ep1 b16980 loss=0.012
[ft-mun] ep1 b17000 loss=0.428
[ft-mun] ep1 b17020 loss=2.907
[ft-mun] ep1 b17040 loss=2.363
[ft-mun] ep1 b17060 loss=0.009
[ft-mun] ep1 b17080 loss=0.054
[ft-mun] ep1 b17100 loss=0.018
[ft-mun] ep1 b17120 loss=4.392
[ft-mun] ep1 b17140 loss=0.004
[ft-mun] ep1 b17160 loss=0.249
[ft-mun] ep1 b17180 loss=0.081
[ft-mun] ep1 b17200 loss=2.922
[ft-mun] ep1 b17220 loss=0.234
[ft-mun] ep1 b17240 loss=3.411
[ft-mun] ep1 b17260 loss=0.121
[ft-mun] ep1 b17280 loss=0.012
[ft-mun] ep1 b17300 loss=4.131
[ft-mun] ep1 b17320 loss=3.474
[ft-mun] ep1 b17340 loss=0.132
[ft-mun] ep1 b17360 loss=0.181
[ft-mun] ep1 b17380 loss=0.006
[ft-mun] ep1 b17400 loss=0.514
[ft-mun] ep1 b17420 loss=0.071
[ft-mun] ep1 b17440 loss=0.068
[ft-mun] ep1 b17460 loss=4.805
[ft-mun] ep1 b17480 loss=0.174
[ft-mun] ep1 b17500 loss=0.186
[ft-mun] ep1 b17520 loss=2.998
[ft-mun] ep1 b17540 loss=0.008
[ft-mun] ep1 b17560 loss=2.219
[ft-mun] ep1 b17580 loss=2.250
[ft-mun] ep1 b17600 loss=3.023
[ft-mun] ep1 b17620 loss=1.923
[ft-mun] ep1 b17640 loss=3.525
[ft-mun] ep1 b17660 loss=5.085
[ft-mun] ep1 b17680 loss=0.034
[ft-mun] ep1 b17700 loss=1.409
[ft-mun] ep1 b17720 loss=0.447
[ft-mun] ep1 b17740 loss=0.149
[ft-mun] ep1 b17760 loss=4.633
[ft-mun] ep1 b17780 loss=0.485
[ft-mun] ep1 b17800 loss=2.663
[ft-mun] ep1 b17820 loss=2.144
[ft-mun] ep1 b17840 loss=1.549
[ft-mun] ep1 b17860 loss=0.178
[ft-mun] ep1 b17880 loss=0.299
[ft-mun] ep1 b17900 loss=0.508
[ft-mun] ep1 b17920 loss=0.293
[ft-mun] ep1 b17940 loss=2.023
[ft-mun] ep1 b17960 loss=0.248
[ft-mun] ep1 b17980 loss=2.273
[ft-mun] ep1 b18000 loss=0.091
[ft-mun] ep1 b18020 loss=1.860
[ft-mun] ep1 b18040 loss=0.003
[ft-mun] ep1 b18060 loss=0.391
[ft-mun] ep1 b18080 loss=0.043
[ft-mun] ep1 b18100 loss=0.867
[ft-mun] ep1 b18120 loss=3.725
[ft-mun] ep1 b18140 loss=3.292
[ft-mun] ep1 b18160 loss=0.456
[ft-mun] ep1 b18180 loss=0.173
[ft-mun] ep1 b18200 loss=2.329
[ft-mun] ep1 b18220 loss=0.138
[ft-mun] ep1 b18240 loss=3.160
[ft-mun] ep1 b18260 loss=0.460
[ft-mun] ep1 b18280 loss=4.564
[ft-mun] ep1 b18300 loss=3.335
[ft-mun] ep1 b18320 loss=3.106
[ft-mun] ep1 b18340 loss=0.090
[ft-mun] ep1 b18360 loss=0.251
[ft-mun] ep1 b18380 loss=0.107
[ft-mun] ep1 b18400 loss=0.600
[ft-mun] ep1 b18420 loss=0.224
[ft-mun] ep1 b18440 loss=0.058
[ft-mun] ep1 b18460 loss=3.960
[ft-mun] ep1 b18480 loss=0.023
[ft-mun] ep1 b18500 loss=0.076
[ft-mun] ep1 b18520 loss=2.631
[ft-mun] ep1 b18540 loss=1.828
[ft-mun] ep1 b18560 loss=0.863
[ft-mun] ep1 b18580 loss=0.172
[ft-mun] ep1 b18600 loss=0.139
[ft-mun] ep1 b18620 loss=3.216
[ft-mun] ep1 b18640 loss=4.805
[ft-mun] ep1 b18660 loss=1.547
[ft-mun] ep1 b18680 loss=0.039
[ft-mun] ep1 b18700 loss=0.107
[ft-mun] ep1 b18720 loss=0.734
[ft-mun] ep1 b18740 loss=3.013
[ft-mun] ep1 b18760 loss=2.055
[ft-mun] ep1 b18780 loss=0.036
[ft-mun] ep1 b18800 loss=2.824
[ft-mun] ep1 b18820 loss=2.876
[ft-mun] ep1 b18840 loss=2.264
[ft-mun] ep1 b18860 loss=0.555
[ft-mun] ep1 b18880 loss=0.390
[ft-mun] ep1 b18900 loss=0.097
[ft-mun] ep1 b18920 loss=2.022
[ft-mun] ep1 b18940 loss=1.552
[ft-mun] ep1 b18960 loss=0.101
[ft-mun] ep1 b18980 loss=0.106
[ft-mun] ep1 b19000 loss=2.737
[ft-mun] ep1 b19020 loss=1.746
[ft-mun] ep1 b19040 loss=2.931
[ft-mun] ep1 b19060 loss=0.055
[ft-mun] ep1 b19080 loss=0.180
[ft-mun] ep1 b19100 loss=0.445
[ft-mun] ep1 b19120 loss=4.450
[ft-mun] ep1 b19140 loss=0.029
[ft-mun] ep1 b19160 loss=0.854
[ft-mun] ep1 b19180 loss=0.090
[ft-mun] ep1 b19200 loss=0.007
[ft-mun] ep1 b19220 loss=0.241
[ft-mun] ep1 b19240 loss=0.825
[ft-mun] ep1 b19260 loss=2.609
[ft-mun] ep1 b19280 loss=0.263
[ft-mun] ep1 b19300 loss=0.112
[ft-mun] ep1 b19320 loss=0.025
[ft-mun] ep1 b19340 loss=0.398
[ft-mun] ep1 b19360 loss=0.049
[ft-mun] ep1 b19380 loss=0.531
[ft-mun] ep1 b19400 loss=1.453
[ft-mun] ep1 b19420 loss=0.345
[ft-mun] ep1 b19440 loss=3.755
[ft-mun] ep1 b19460 loss=0.531
[ft-mun] ep1 b19480 loss=0.036
[ft-mun] ep1 b19500 loss=3.113
[ft-mun] ep1 b19520 loss=0.348
[ft-mun] ep1 b19540 loss=0.532
[ft-mun] ep1 b19560 loss=2.077
[ft-mun] ep1 b19580 loss=5.642
[ft-mun] ep1 b19600 loss=0.025
[ft-mun] ep1 b19620 loss=0.090
[ft-mun] ep1 b19640 loss=0.208
[ft-mun] ep1 b19660 loss=0.019
[ft-mun] ep1 b19680 loss=2.476
[ft-mun] ep1 b19700 loss=0.499
[ft-mun] ep1 b19720 loss=0.018
[ft-mun] ep1 b19740 loss=0.084
[ft-mun] ep1 b19760 loss=2.802
[ft-mun] ep1 b19780 loss=3.615
[ft-mun] ep1 b19800 loss=0.436
[ft-mun] ep1 b19820 loss=0.198
[ft-mun] ep1 b19840 loss=0.371
[ft-mun] ep1 b19860 loss=1.384
[ft-mun] ep1 b19880 loss=2.391
[ft-mun] ep1 b19900 loss=0.096
[ft-mun] ep1 b19920 loss=0.427
[ft-mun] ep1 b19940 loss=0.298
[ft-mun] ep1 b19960 loss=2.882
[ft-mun] ep1 b19980 loss=0.173
[ft-mun] ep1 b20000 loss=3.393
[ft-mun] ep1 b20020 loss=2.746
[ft-mun] ep1 b20040 loss=0.003
[ft-mun] ep1 b20060 loss=1.531
[ft-mun] ep1 b20080 loss=0.175
[ft-mun] ep1 b20100 loss=0.023
[ft-mun] ep1 b20120 loss=1.961
[ft-mun] ep1 b20140 loss=3.040
[ft-mun] ep1 b20160 loss=2.920
[ft-mun] ep1 b20180 loss=0.393
[ft-mun] ep1 b20200 loss=0.027
[ft-mun] ep1 b20220 loss=0.433
[ft-mun] ep1 b20240 loss=0.315
[ft-mun] ep1 b20260 loss=0.168
[ft-mun] ep1 b20280 loss=3.967
[ft-mun] ep1 b20300 loss=4.108
[ft-mun] ep1 b20320 loss=0.012
[ft-mun] ep1 b20340 loss=0.538
[ft-mun] ep1 b20360 loss=0.579
[ft-mun] ep1 b20380 loss=0.449
[ft-mun] ep1 b20400 loss=3.878
[ft-mun] ep1 b20420 loss=0.077
[ft-mun] ep1 b20440 loss=2.182
[ft-mun] ep1 b20460 loss=0.033
[ft-mun] ep1 b20480 loss=0.073
[ft-mun] ep1 b20500 loss=0.546
[ft-mun] ep1 b20520 loss=0.422
[ft-mun] ep1 b20540 loss=2.613
[ft-mun] ep1 b20560 loss=0.252
[ft-mun] ep1 b20580 loss=4.259
[ft-mun] ep1 b20600 loss=0.065
[ft-mun] ep1 b20620 loss=0.393
[ft-mun] ep1 b20640 loss=0.030
[ft-mun] ep1 b20660 loss=4.728
[ft-mun] ep1 b20680 loss=5.101
[ft-mun] ep1 b20700 loss=0.274
[ft-mun] ep1 b20720 loss=0.156
[ft-mun] ep1 b20740 loss=0.727
[ft-mun] ep1 b20760 loss=4.128
[ft-mun] ep1 b20780 loss=3.152
[ft-mun] ep1 b20800 loss=0.020
[ft-mun] ep1 b20820 loss=4.373
[ft-mun] ep1 b20840 loss=2.241
[ft-mun] ep1 b20860 loss=0.166
[ft-mun] ep1 b20880 loss=4.576
[ft-mun] ep1 b20900 loss=0.118
[ft-mun] ep1 b20920 loss=4.229
[ft-mun] ep1 b20940 loss=1.915
[ft-mun] ep1 b20960 loss=1.550
[ft-mun] ep1 b20980 loss=0.021
[ft-mun] ep1 b21000 loss=0.203
[ft-mun] ep1 b21020 loss=0.012
[ft-mun] ep1 b21040 loss=5.545
[ft-mun] ep1 b21060 loss=3.733
[ft-mun] ep1 b21080 loss=2.415
[ft-mun] ep1 b21100 loss=0.016
[ft-mun] ep1 b21120 loss=4.720
[ft-mun] ep1 b21140 loss=0.013
[ft-mun] ep1 b21160 loss=0.438
[ft-mun] ep1 b21180 loss=0.080
[ft-mun] ep1 b21200 loss=4.110
[ft-mun] ep1 b21220 loss=2.835
[ft-mun] ep1 b21240 loss=0.304
[ft-mun] ep1 b21260 loss=0.499
[ft-mun] ep1 b21280 loss=2.675
[ft-mun] ep1 b21300 loss=0.018
[ft-mun] ep1 b21320 loss=0.036
[ft-mun] ep1 b21340 loss=3.744
[ft-mun] ep1 b21360 loss=0.126
[ft-mun] ep1 b21380 loss=4.436
[ft-mun] ep1 b21400 loss=2.982
[ft-mun] ep1 b21420 loss=0.023
[ft-mun] ep1 b21440 loss=4.940
[ft-mun] ep1 b21460 loss=1.431
[ft-mun] ep1 b21480 loss=0.084
[ft-mun] ep1 b21500 loss=1.332
[ft-mun] ep1 b21520 loss=0.220
[ft-mun] ep1 b21540 loss=3.990
[ft-mun] ep1 b21560 loss=0.522
[ft-mun] ep1 b21580 loss=2.471
[ft-mun] ep1 b21600 loss=0.154
[ft-mun] ep1 b21620 loss=0.045
[ft-mun] ep1 b21640 loss=0.087
[ft-mun] ep1 b21660 loss=1.184
[ft-mun] ep1 b21680 loss=0.130
[ft-mun] ep1 b21700 loss=1.609
[ft-mun] ep1 b21720 loss=4.479
[ft-mun] ep1 b21740 loss=1.666
[ft-mun] ep1 b21760 loss=5.336
[ft-mun] ep1 b21780 loss=1.868
[ft-mun] ep1 b21800 loss=0.351
[ft-mun] ep1 b21820 loss=0.133
[ft-mun] ep1 b21840 loss=0.175
[ft-mun] ep1 b21860 loss=0.060
[ft-mun] ep1 b21880 loss=2.429
[ft-mun] ep1 b21900 loss=0.331
[ft-mun] ep1 b21920 loss=3.545
[ft-mun] ep1 b21940 loss=3.486
[ft-mun] ep1 b21960 loss=0.232
[ft-mun] ep1 b21980 loss=0.135
[ft-mun] ep1 b22000 loss=1.764
[ft-mun] ep1 b22020 loss=0.195
[ft-mun] ep1 b22040 loss=0.391
[ft-mun] ep1 b22060 loss=0.005
[ft-mun] ep1 b22080 loss=0.198
[ft-mun] ep1 b22100 loss=0.089
[ft-mun] ep1 b22120 loss=0.568
[ft-mun] ep1 b22140 loss=0.198
[ft-mun] ep1 b22160 loss=0.079
[ft-mun] ep1 b22180 loss=0.081
[ft-mun] ep1 b22200 loss=0.339
[ft-mun] ep1 b22220 loss=0.118
[ft-mun] ep1 b22240 loss=0.002
[ft-mun] ep1 b22260 loss=3.612
[ft-mun] ep1 b22280 loss=0.109
[ft-mun] ep1 b22300 loss=0.068
[ft-mun] ep1 b22320 loss=0.041
[ft-mun] ep1 b22340 loss=0.546
[ft-mun] ep1 b22360 loss=0.373
[ft-mun] ep1 b22380 loss=0.483
[ft-mun] ep1 b22400 loss=0.029
[ft-mun] ep1 b22420 loss=0.253
[ft-mun] ep1 b22440 loss=0.030
[ft-mun] ep1 b22460 loss=0.218
[ft-mun] ep1 b22480 loss=0.020
[ft-mun] ep1 b22500 loss=0.436
/home/clutch/Desktop/Vachak/ml/translation/scripts/finetune_mundari.py:247: FutureWarning: `torch.cuda.amp.autocast(args...)` is deprecated. Please use `torch.amp.autocast('cuda', args...)` instead.
  with torch.cuda.amp.autocast(dtype=torch.float16):
[ft-mun] ep1 train_loss=1.387 dev_loss=1.325
[ft-mun] ep2 b0 loss=0.221
[ft-mun] ep2 b20 loss=0.368
[ft-mun] ep2 b40 loss=0.021
[ft-mun] ep2 b60 loss=0.165
[ft-mun] ep2 b80 loss=0.012
[ft-mun] ep2 b100 loss=0.109
[ft-mun] ep2 b120 loss=0.014
[ft-mun] ep2 b140 loss=0.028
[ft-mun] ep2 b160 loss=3.881
[ft-mun] ep2 b180 loss=5.946
[ft-mun] ep2 b200 loss=3.299
[ft-mun] ep2 b220 loss=2.626
[ft-mun] ep2 b240 loss=0.899
[ft-mun] ep2 b260 loss=2.086
[ft-mun] ep2 b280 loss=3.463
[ft-mun] ep2 b300 loss=0.499
[ft-mun] ep2 b320 loss=0.330
[ft-mun] ep2 b340 loss=0.167
[ft-mun] ep2 b360 loss=0.015
[ft-mun] ep2 b380 loss=0.003
[ft-mun] ep2 b400 loss=0.023
[ft-mun] ep2 b420 loss=0.327
[ft-mun] ep2 b440 loss=0.010
[ft-mun] ep2 b460 loss=0.192
[ft-mun] ep2 b480 loss=0.099
[ft-mun] ep2 b500 loss=0.464
[ft-mun] ep2 b520 loss=0.253
[ft-mun] ep2 b540 loss=0.416
[ft-mun] ep2 b560 loss=0.220
[ft-mun] ep2 b580 loss=0.004
[ft-mun] ep2 b600 loss=3.242
[ft-mun] ep2 b620 loss=0.243
[ft-mun] ep2 b640 loss=4.369
[ft-mun] ep2 b660 loss=0.265
[ft-mun] ep2 b680 loss=2.310
[ft-mun] ep2 b700 loss=0.247
[ft-mun] ep2 b720 loss=4.195
[ft-mun] ep2 b740 loss=0.277
[ft-mun] ep2 b760 loss=0.058
[ft-mun] ep2 b780 loss=0.063
[ft-mun] ep2 b800 loss=0.124
[ft-mun] ep2 b820 loss=0.236
[ft-mun] ep2 b840 loss=0.363
[ft-mun] ep2 b860 loss=0.081
[ft-mun] ep2 b880 loss=0.437
[ft-mun] ep2 b900 loss=0.241
[ft-mun] ep2 b920 loss=0.019
[ft-mun] ep2 b940 loss=3.054
[ft-mun] ep2 b960 loss=0.026
[ft-mun] ep2 b980 loss=1.865
[ft-mun] ep2 b1000 loss=0.584
[ft-mun] ep2 b1020 loss=0.061
[ft-mun] ep2 b1040 loss=0.091
[ft-mun] ep2 b1060 loss=0.751
[ft-mun] ep2 b1080 loss=0.152
[ft-mun] ep2 b1100 loss=3.694
[ft-mun] ep2 b1120 loss=0.066
[ft-mun] ep2 b1140 loss=0.064
[ft-mun] ep2 b1160 loss=0.353
[ft-mun] ep2 b1180 loss=0.355
[ft-mun] ep2 b1200 loss=0.056
[ft-mun] ep2 b1220 loss=0.253
[ft-mun] ep2 b1240 loss=2.140
[ft-mun] ep2 b1260 loss=0.107
[ft-mun] ep2 b1280 loss=4.337
[ft-mun] ep2 b1300 loss=0.018
[ft-mun] ep2 b1320 loss=0.022
[ft-mun] ep2 b1340 loss=0.106
[ft-mun] ep2 b1360 loss=2.087
[ft-mun] ep2 b1380 loss=5.589
[ft-mun] ep2 b1400 loss=0.076
[ft-mun] ep2 b1420 loss=0.187
[ft-mun] ep2 b1440 loss=0.247
[ft-mun] ep2 b1460 loss=0.273
[ft-mun] ep2 b1480 loss=0.032
[ft-mun] ep2 b1500 loss=0.133
[ft-mun] ep2 b1520 loss=4.087
[ft-mun] ep2 b1540 loss=0.165
[ft-mun] ep2 b1560 loss=0.044
[ft-mun] ep2 b1580 loss=0.124
[ft-mun] ep2 b1600 loss=0.268
[ft-mun] ep2 b1620 loss=0.382
[ft-mun] ep2 b1640 loss=0.172
[ft-mun] ep2 b1660 loss=1.554
[ft-mun] ep2 b1680 loss=0.272
[ft-mun] ep2 b1700 loss=0.214
[ft-mun] ep2 b1720 loss=0.093
[ft-mun] ep2 b1740 loss=2.772
[ft-mun] ep2 b1760 loss=0.722
[ft-mun] ep2 b1780 loss=0.814
[ft-mun] ep2 b1800 loss=5.286
[ft-mun] ep2 b1820 loss=0.291
[ft-mun] ep2 b1840 loss=0.009
[ft-mun] ep2 b1860 loss=2.373
[ft-mun] ep2 b1880 loss=0.085
[ft-mun] ep2 b1900 loss=0.068
[ft-mun] ep2 b1920 loss=0.708
[ft-mun] ep2 b1940 loss=0.303
[ft-mun] ep2 b1960 loss=0.231
[ft-mun] ep2 b1980 loss=0.058
[ft-mun] ep2 b2000 loss=4.377
[ft-mun] ep2 b2020 loss=0.037
[ft-mun] ep2 b2040 loss=0.052
[ft-mun] ep2 b2060 loss=4.351
[ft-mun] ep2 b2080 loss=0.078
[ft-mun] ep2 b2100 loss=0.186
[ft-mun] ep2 b2120 loss=2.530
[ft-mun] ep2 b2140 loss=5.049
[ft-mun] ep2 b2160 loss=0.108
[ft-mun] ep2 b2180 loss=0.063
[ft-mun] ep2 b2200 loss=3.516
[ft-mun] ep2 b2220 loss=1.887
[ft-mun] ep2 b2240 loss=0.366
[ft-mun] ep2 b2260 loss=0.157
[ft-mun] ep2 b2280 loss=0.865
[ft-mun] ep2 b2300 loss=0.376
[ft-mun] ep2 b2320 loss=0.770
[ft-mun] ep2 b2340 loss=0.714
[ft-mun] ep2 b2360 loss=0.023
[ft-mun] ep2 b2380 loss=0.176
[ft-mun] ep2 b2400 loss=3.880
[ft-mun] ep2 b2420 loss=0.033
[ft-mun] ep2 b2440 loss=0.031
[ft-mun] ep2 b2460 loss=0.189
[ft-mun] ep2 b2480 loss=2.033
[ft-mun] ep2 b2500 loss=2.647
[ft-mun] ep2 b2520 loss=2.085
[ft-mun] ep2 b2540 loss=0.214
[ft-mun] ep2 b2560 loss=4.271
[ft-mun] ep2 b2580 loss=4.776
[ft-mun] ep2 b2600 loss=0.159
[ft-mun] ep2 b2620 loss=0.023
[ft-mun] ep2 b2640 loss=2.605
[ft-mun] ep2 b2660 loss=0.350
[ft-mun] ep2 b2680 loss=0.083
[ft-mun] ep2 b2700 loss=1.952
[ft-mun] ep2 b2720 loss=0.020
[ft-mun] ep2 b2740 loss=0.122
[ft-mun] ep2 b2760 loss=0.059
[ft-mun] ep2 b2780 loss=0.099
[ft-mun] ep2 b2800 loss=0.025
[ft-mun] ep2 b2820 loss=4.805
[ft-mun] ep2 b2840 loss=3.546
[ft-mun] ep2 b2860 loss=4.382
[ft-mun] ep2 b2880 loss=0.212
[ft-mun] ep2 b2900 loss=5.929
[ft-mun] ep2 b2920 loss=0.054
[ft-mun] ep2 b2940 loss=3.210
[ft-mun] ep2 b2960 loss=2.110
[ft-mun] ep2 b2980 loss=0.050
[ft-mun] ep2 b3000 loss=0.095
[ft-mun] ep2 b3020 loss=0.264
[ft-mun] ep2 b3040 loss=3.081
[ft-mun] ep2 b3060 loss=0.034
[ft-mun] ep2 b3080 loss=3.471
[ft-mun] ep2 b3100 loss=5.987
[ft-mun] ep2 b3120 loss=0.186
[ft-mun] ep2 b3140 loss=4.012
[ft-mun] ep2 b3160 loss=0.257
[ft-mun] ep2 b3180 loss=2.577
[ft-mun] ep2 b3200 loss=0.250
[ft-mun] ep2 b3220 loss=0.484
[ft-mun] ep2 b3240 loss=0.461
[ft-mun] ep2 b3260 loss=0.265
[ft-mun] ep2 b3280 loss=0.260
[ft-mun] ep2 b3300 loss=4.461
[ft-mun] ep2 b3320 loss=0.007
[ft-mun] ep2 b3340 loss=0.824
[ft-mun] ep2 b3360 loss=0.135
[ft-mun] ep2 b3380 loss=0.055
[ft-mun] ep2 b3400 loss=3.455
[ft-mun] ep2 b3420 loss=0.184
[ft-mun] ep2 b3440 loss=4.413
[ft-mun] ep2 b3460 loss=0.027
[ft-mun] ep2 b3480 loss=0.315
[ft-mun] ep2 b3500 loss=0.022
[ft-mun] ep2 b3520 loss=0.093
[ft-mun] ep2 b3540 loss=2.597
[ft-mun] ep2 b3560 loss=0.289
[ft-mun] ep2 b3580 loss=1.353
[ft-mun] ep2 b3600 loss=0.209
[ft-mun] ep2 b3620 loss=0.343
[ft-mun] ep2 b3640 loss=0.004
[ft-mun] ep2 b3660 loss=0.533
[ft-mun] ep2 b3680 loss=0.221
[ft-mun] ep2 b3700 loss=0.155
[ft-mun] ep2 b3720 loss=0.546
[ft-mun] ep2 b3740 loss=0.045
[ft-mun] ep2 b3760 loss=0.008
[ft-mun] ep2 b3780 loss=2.767
[ft-mun] ep2 b3800 loss=3.199
[ft-mun] ep2 b3820 loss=0.136
[ft-mun] ep2 b3840 loss=0.021
[ft-mun] ep2 b3860 loss=3.720
[ft-mun] ep2 b3880 loss=4.897
[ft-mun] ep2 b3900 loss=4.342
[ft-mun] ep2 b3920 loss=0.289
[ft-mun] ep2 b3940 loss=0.004
[ft-mun] ep2 b3960 loss=1.242
[ft-mun] ep2 b3980 loss=4.052
[ft-mun] ep2 b4000 loss=0.024
[ft-mun] ep2 b4020 loss=0.159
[ft-mun] ep2 b4040 loss=0.021
[ft-mun] ep2 b4060 loss=0.147
[ft-mun] ep2 b4080 loss=0.018
[ft-mun] ep2 b4100 loss=0.099
[ft-mun] ep2 b4120 loss=0.092
[ft-mun] ep2 b4140 loss=0.082
[ft-mun] ep2 b4160 loss=0.217
[ft-mun] ep2 b4180 loss=0.096
[ft-mun] ep2 b4200 loss=2.432
[ft-mun] ep2 b4220 loss=0.145
[ft-mun] ep2 b4240 loss=3.148
[ft-mun] ep2 b4260 loss=0.041
[ft-mun] ep2 b4280 loss=0.171
[ft-mun] ep2 b4300 loss=0.563
[ft-mun] ep2 b4320 loss=1.970
[ft-mun] ep2 b4340 loss=0.112
[ft-mun] ep2 b4360 loss=4.068
[ft-mun] ep2 b4380 loss=0.017
[ft-mun] ep2 b4400 loss=0.466
[ft-mun] ep2 b4420 loss=2.715
[ft-mun] ep2 b4440 loss=0.011
[ft-mun] ep2 b4460 loss=2.956
[ft-mun] ep2 b4480 loss=0.097
[ft-mun] ep2 b4500 loss=3.304
[ft-mun] ep2 b4520 loss=3.153
[ft-mun] ep2 b4540 loss=0.121
[ft-mun] ep2 b4560 loss=2.509
[ft-mun] ep2 b4580 loss=1.767
[ft-mun] ep2 b4600 loss=0.399
[ft-mun] ep2 b4620 loss=0.066
[ft-mun] ep2 b4640 loss=0.314
[ft-mun] ep2 b4660 loss=0.220
[ft-mun] ep2 b4680 loss=0.047
[ft-mun] ep2 b4700 loss=0.777
[ft-mun] ep2 b4720 loss=0.022
[ft-mun] ep2 b4740 loss=0.344
[ft-mun] ep2 b4760 loss=0.308
[ft-mun] ep2 b4780 loss=0.114
[ft-mun] ep2 b4800 loss=0.029
[ft-mun] ep2 b4820 loss=2.567
[ft-mun] ep2 b4840 loss=0.069
[ft-mun] ep2 b4860 loss=0.025
[ft-mun] ep2 b4880 loss=2.198
[ft-mun] ep2 b4900 loss=3.806
[ft-mun] ep2 b4920 loss=2.525
[ft-mun] ep2 b4940 loss=0.152
[ft-mun] ep2 b4960 loss=0.015
[ft-mun] ep2 b4980 loss=0.063
[ft-mun] ep2 b5000 loss=0.041
[ft-mun] ep2 b5020 loss=1.971
[ft-mun] ep2 b5040 loss=2.475
[ft-mun] ep2 b5060 loss=2.620
[ft-mun] ep2 b5080 loss=0.076
[ft-mun] ep2 b5100 loss=4.222
[ft-mun] ep2 b5120 loss=0.075
[ft-mun] ep2 b5140 loss=3.969
[ft-mun] ep2 b5160 loss=3.238
[ft-mun] ep2 b5180 loss=1.884
[ft-mun] ep2 b5200 loss=0.020
[ft-mun] ep2 b5220 loss=0.171
[ft-mun] ep2 b5240 loss=0.786
[ft-mun] ep2 b5260 loss=0.089
[ft-mun] ep2 b5280 loss=0.090
[ft-mun] ep2 b5300 loss=0.024
[ft-mun] ep2 b5320 loss=0.026
[ft-mun] ep2 b5340 loss=3.449
[ft-mun] ep2 b5360 loss=1.788
[ft-mun] ep2 b5380 loss=1.996
[ft-mun] ep2 b5400 loss=1.797
[ft-mun] ep2 b5420 loss=0.054
[ft-mun] ep2 b5440 loss=0.028
[ft-mun] ep2 b5460 loss=0.822
[ft-mun] ep2 b5480 loss=0.050
[ft-mun] ep2 b5500 loss=0.391
[ft-mun] ep2 b5520 loss=0.041
[ft-mun] ep2 b5540 loss=1.306
[ft-mun] ep2 b5560 loss=3.224
[ft-mun] ep2 b5580 loss=0.289
[ft-mun] ep2 b5600 loss=3.404
[ft-mun] ep2 b5620 loss=0.016
[ft-mun] ep2 b5640 loss=0.017
[ft-mun] ep2 b5660 loss=3.221
[ft-mun] ep2 b5680 loss=0.015
[ft-mun] ep2 b5700 loss=0.388
[ft-mun] ep2 b5720 loss=0.015
[ft-mun] ep2 b5740 loss=0.007
[ft-mun] ep2 b5760 loss=4.417
[ft-mun] ep2 b5780 loss=3.066
[ft-mun] ep2 b5800 loss=0.091
[ft-mun] ep2 b5820 loss=0.098
[ft-mun] ep2 b5840 loss=0.057
[ft-mun] ep2 b5860 loss=2.754
[ft-mun] ep2 b5880 loss=0.702
[ft-mun] ep2 b5900 loss=1.094
[ft-mun] ep2 b5920 loss=0.156
[ft-mun] ep2 b5940 loss=3.658
[ft-mun] ep2 b5960 loss=0.287
[ft-mun] ep2 b5980 loss=3.191
[ft-mun] ep2 b6000 loss=1.331
[ft-mun] ep2 b6020 loss=0.029
[ft-mun] ep2 b6040 loss=0.248
[ft-mun] ep2 b6060 loss=4.123
[ft-mun] ep2 b6080 loss=2.811
[ft-mun] ep2 b6100 loss=0.366
[ft-mun] ep2 b6120 loss=0.117
[ft-mun] ep2 b6140 loss=0.229
[ft-mun] ep2 b6160 loss=3.274
[ft-mun] ep2 b6180 loss=2.969
[ft-mun] ep2 b6200 loss=0.294
[ft-mun] ep2 b6220 loss=0.255
[ft-mun] ep2 b6240 loss=0.097
[ft-mun] ep2 b6260 loss=2.692
[ft-mun] ep2 b6280 loss=2.029
[ft-mun] ep2 b6300 loss=0.071
[ft-mun] ep2 b6320 loss=0.098
[ft-mun] ep2 b6340 loss=2.282
[ft-mun] ep2 b6360 loss=0.238
[ft-mun] ep2 b6380 loss=0.024
[ft-mun] ep2 b6400 loss=1.910
[ft-mun] ep2 b6420 loss=2.525
[ft-mun] ep2 b6440 loss=0.139
[ft-mun] ep2 b6460 loss=0.054
[ft-mun] ep2 b6480 loss=0.180
[ft-mun] ep2 b6500 loss=0.010
[ft-mun] ep2 b6520 loss=0.060
[ft-mun] ep2 b6540 loss=2.863
[ft-mun] ep2 b6560 loss=0.160
[ft-mun] ep2 b6580 loss=3.195
[ft-mun] ep2 b6600 loss=0.188
[ft-mun] ep2 b6620 loss=0.050
[ft-mun] ep2 b6640 loss=2.286
[ft-mun] ep2 b6660 loss=0.211
[ft-mun] ep2 b6680 loss=0.443
[ft-mun] ep2 b6700 loss=0.182
[ft-mun] ep2 b6720 loss=0.690
[ft-mun] ep2 b6740 loss=0.087
[ft-mun] ep2 b6760 loss=4.696
[ft-mun] ep2 b6780 loss=0.041
[ft-mun] ep2 b6800 loss=0.578
[ft-mun] ep2 b6820 loss=0.232
[ft-mun] ep2 b6840 loss=0.233
[ft-mun] ep2 b6860 loss=0.231
[ft-mun] ep2 b6880 loss=0.031
[ft-mun] ep2 b6900 loss=0.323
[ft-mun] ep2 b6920 loss=0.343
[ft-mun] ep2 b6940 loss=0.259
[ft-mun] ep2 b6960 loss=0.014
[ft-mun] ep2 b6980 loss=1.607
[ft-mun] ep2 b7000 loss=0.175
[ft-mun] ep2 b7020 loss=0.108
[ft-mun] ep2 b7040 loss=0.110
[ft-mun] ep2 b7060 loss=0.402
[ft-mun] ep2 b7080 loss=0.178
[ft-mun] ep2 b7100 loss=0.033
[ft-mun] ep2 b7120 loss=0.126
[ft-mun] ep2 b7140 loss=4.686
[ft-mun] ep2 b7160 loss=0.020
[ft-mun] ep2 b7180 loss=3.102
[ft-mun] ep2 b7200 loss=0.064
[ft-mun] ep2 b7220 loss=0.309
[ft-mun] ep2 b7240 loss=0.433
[ft-mun] ep2 b7260 loss=0.018
[ft-mun] ep2 b7280 loss=0.105
[ft-mun] ep2 b7300 loss=3.487
[ft-mun] ep2 b7320 loss=0.038
[ft-mun] ep2 b7340 loss=0.226
[ft-mun] ep2 b7360 loss=3.390
[ft-mun] ep2 b7380 loss=0.530
[ft-mun] ep2 b7400 loss=0.314
[ft-mun] ep2 b7420 loss=0.755
[ft-mun] ep2 b7440 loss=2.194
[ft-mun] ep2 b7460 loss=0.337
[ft-mun] ep2 b7480 loss=0.445
[ft-mun] ep2 b7500 loss=0.064
[ft-mun] ep2 b7520 loss=4.744
[ft-mun] ep2 b7540 loss=0.015
[ft-mun] ep2 b7560 loss=2.437
[ft-mun] ep2 b7580 loss=0.446
[ft-mun] ep2 b7600 loss=0.015
[ft-mun] ep2 b7620 loss=0.083
[ft-mun] ep2 b7640 loss=1.835
[ft-mun] ep2 b7660 loss=0.847
[ft-mun] ep2 b7680 loss=1.626
[ft-mun] ep2 b7700 loss=0.410
[ft-mun] ep2 b7720 loss=4.529
[ft-mun] ep2 b7740 loss=0.579
[ft-mun] ep2 b7760 loss=0.231
[ft-mun] ep2 b7780 loss=2.479
[ft-mun] ep2 b7800 loss=0.215
[ft-mun] ep2 b7820 loss=0.212
[ft-mun] ep2 b7840 loss=0.070
[ft-mun] ep2 b7860 loss=3.511
[ft-mun] ep2 b7880 loss=2.752
[ft-mun] ep2 b7900 loss=0.013
[ft-mun] ep2 b7920 loss=2.268
[ft-mun] ep2 b7940 loss=2.053
[ft-mun] ep2 b7960 loss=1.487
[ft-mun] ep2 b7980 loss=0.070
[ft-mun] ep2 b8000 loss=0.103
[ft-mun] ep2 b8020 loss=0.253
[ft-mun] ep2 b8040 loss=0.357
[ft-mun] ep2 b8060 loss=0.169
[ft-mun] ep2 b8080 loss=0.754
[ft-mun] ep2 b8100 loss=3.630
[ft-mun] ep2 b8120 loss=1.832
[ft-mun] ep2 b8140 loss=0.474
[ft-mun] ep2 b8160 loss=3.715
[ft-mun] ep2 b8180 loss=0.028
[ft-mun] ep2 b8200 loss=3.212
[ft-mun] ep2 b8220 loss=0.114
[ft-mun] ep2 b8240 loss=3.497
[ft-mun] ep2 b8260 loss=4.971
[ft-mun] ep2 b8280 loss=2.360
[ft-mun] ep2 b8300 loss=0.098
[ft-mun] ep2 b8320 loss=0.181
[ft-mun] ep2 b8340 loss=0.022
[ft-mun] ep2 b8360 loss=0.167
[ft-mun] ep2 b8380 loss=3.950
[ft-mun] ep2 b8400 loss=4.411
[ft-mun] ep2 b8420 loss=4.521
[ft-mun] ep2 b8440 loss=0.056
[ft-mun] ep2 b8460 loss=2.526
[ft-mun] ep2 b8480 loss=0.821
[ft-mun] ep2 b8500 loss=2.792
[ft-mun] ep2 b8520 loss=0.068
[ft-mun] ep2 b8540 loss=0.008
[ft-mun] ep2 b8560 loss=0.032
[ft-mun] ep2 b8580 loss=0.358
[ft-mun] ep2 b8600 loss=0.003
[ft-mun] ep2 b8620 loss=0.018
[ft-mun] ep2 b8640 loss=0.629
[ft-mun] ep2 b8660 loss=0.145
[ft-mun] ep2 b8680 loss=0.025
[ft-mun] ep2 b8700 loss=5.943
[ft-mun] ep2 b8720 loss=0.813
[ft-mun] ep2 b8740 loss=3.805
[ft-mun] ep2 b8760 loss=4.734
[ft-mun] ep2 b8780 loss=1.674
[ft-mun] ep2 b8800 loss=0.245
[ft-mun] ep2 b8820 loss=3.939
[ft-mun] ep2 b8840 loss=3.301
[ft-mun] ep2 b8860 loss=0.120
[ft-mun] ep2 b8880 loss=3.858
[ft-mun] ep2 b8900 loss=0.605
[ft-mun] ep2 b8920 loss=2.314
[ft-mun] ep2 b8940 loss=0.774
[ft-mun] ep2 b8960 loss=0.080
[ft-mun] ep2 b8980 loss=0.073
[ft-mun] ep2 b9000 loss=0.125
[ft-mun] ep2 b9020 loss=2.311
[ft-mun] ep2 b9040 loss=3.351
[ft-mun] ep2 b9060 loss=0.137
[ft-mun] ep2 b9080 loss=0.026
[ft-mun] ep2 b9100 loss=3.318
[ft-mun] ep2 b9120 loss=3.305
[ft-mun] ep2 b9140 loss=1.002
[ft-mun] ep2 b9160 loss=0.221
[ft-mun] ep2 b9180 loss=0.053
[ft-mun] ep2 b9200 loss=0.261
[ft-mun] ep2 b9220 loss=0.015
[ft-mun] ep2 b9240 loss=2.448
[ft-mun] ep2 b9260 loss=0.710
[ft-mun] ep2 b9280 loss=2.872
[ft-mun] ep2 b9300 loss=0.043
[ft-mun] ep2 b9320 loss=3.939
[ft-mun] ep2 b9340 loss=4.174
[ft-mun] ep2 b9360 loss=0.005
[ft-mun] ep2 b9380 loss=0.255
[ft-mun] ep2 b9400 loss=0.222
[ft-mun] ep2 b9420 loss=0.292
[ft-mun] ep2 b9440 loss=3.780
[ft-mun] ep2 b9460 loss=0.218
[ft-mun] ep2 b9480 loss=0.200
[ft-mun] ep2 b9500 loss=3.085
[ft-mun] ep2 b9520 loss=0.879
[ft-mun] ep2 b9540 loss=0.058
[ft-mun] ep2 b9560 loss=0.117
[ft-mun] ep2 b9580 loss=5.035
[ft-mun] ep2 b9600 loss=2.150
[ft-mun] ep2 b9620 loss=0.185
[ft-mun] ep2 b9640 loss=0.307
[ft-mun] ep2 b9660 loss=0.274
[ft-mun] ep2 b9680 loss=0.202
[ft-mun] ep2 b9700 loss=0.263
[ft-mun] ep2 b9720 loss=2.583
[ft-mun] ep2 b9740 loss=0.196
[ft-mun] ep2 b9760 loss=0.195
[ft-mun] ep2 b9780 loss=0.014
[ft-mun] ep2 b9800 loss=0.200
[ft-mun] ep2 b9820 loss=0.076
[ft-mun] ep2 b9840 loss=0.182
[ft-mun] ep2 b9860 loss=1.898
[ft-mun] ep2 b9880 loss=2.405
[ft-mun] ep2 b9900 loss=4.655
[ft-mun] ep2 b9920 loss=0.076
[ft-mun] ep2 b9940 loss=2.711
[ft-mun] ep2 b9960 loss=3.697
[ft-mun] ep2 b9980 loss=4.158
[ft-mun] ep2 b10000 loss=0.342
[ft-mun] ep2 b10020 loss=2.998
[ft-mun] ep2 b10040 loss=0.160
[ft-mun] ep2 b10060 loss=4.210
[ft-mun] ep2 b10080 loss=4.043
[ft-mun] ep2 b10100 loss=0.006
[ft-mun] ep2 b10120 loss=2.239
[ft-mun] ep2 b10140 loss=0.152
[ft-mun] ep2 b10160 loss=0.088
[ft-mun] ep2 b10180 loss=0.158
[ft-mun] ep2 b10200 loss=0.210
[ft-mun] ep2 b10220 loss=4.553
[ft-mun] ep2 b10240 loss=0.052
[ft-mun] ep2 b10260 loss=3.324
[ft-mun] ep2 b10280 loss=5.984
[ft-mun] ep2 b10300 loss=3.354
[ft-mun] ep2 b10320 loss=0.013
[ft-mun] ep2 b10340 loss=0.070
[ft-mun] ep2 b10360 loss=0.460
[ft-mun] ep2 b10380 loss=4.918
[ft-mun] ep2 b10400 loss=3.777
[ft-mun] ep2 b10420 loss=3.500
[ft-mun] ep2 b10440 loss=0.312
[ft-mun] ep2 b10460 loss=3.730
[ft-mun] ep2 b10480 loss=0.147
[ft-mun] ep2 b10500 loss=0.832
[ft-mun] ep2 b10520 loss=0.052
[ft-mun] ep2 b10540 loss=2.453
[ft-mun] ep2 b10560 loss=1.929
[ft-mun] ep2 b10580 loss=0.432
[ft-mun] ep2 b10600 loss=0.141
[ft-mun] ep2 b10620 loss=4.993
[ft-mun] ep2 b10640 loss=0.023
[ft-mun] ep2 b10660 loss=2.114
[ft-mun] ep2 b10680 loss=0.187
[ft-mun] ep2 b10700 loss=0.071
[ft-mun] ep2 b10720 loss=3.378
[ft-mun] ep2 b10740 loss=0.026
[ft-mun] ep2 b10760 loss=0.463
[ft-mun] ep2 b10780 loss=0.012
[ft-mun] ep2 b10800 loss=3.110
[ft-mun] ep2 b10820 loss=0.197
[ft-mun] ep2 b10840 loss=3.112
[ft-mun] ep2 b10860 loss=0.391
[ft-mun] ep2 b10880 loss=0.395
[ft-mun] ep2 b10900 loss=0.270
[ft-mun] ep2 b10920 loss=2.267
[ft-mun] ep2 b10940 loss=1.625
[ft-mun] ep2 b10960 loss=0.030
[ft-mun] ep2 b10980 loss=0.584
[ft-mun] ep2 b11000 loss=0.261
[ft-mun] ep2 b11020 loss=3.916
[ft-mun] ep2 b11040 loss=0.010
[ft-mun] ep2 b11060 loss=0.503
[ft-mun] ep2 b11080 loss=0.121
[ft-mun] ep2 b11100 loss=0.171
[ft-mun] ep2 b11120 loss=2.170
[ft-mun] ep2 b11140 loss=0.056
[ft-mun] ep2 b11160 loss=0.129
[ft-mun] ep2 b11180 loss=2.382
[ft-mun] ep2 b11200 loss=0.043
[ft-mun] ep2 b11220 loss=3.779
[ft-mun] ep2 b11240 loss=0.048
[ft-mun] ep2 b11260 loss=2.523
[ft-mun] ep2 b11280 loss=3.661
[ft-mun] ep2 b11300 loss=2.273
[ft-mun] ep2 b11320 loss=0.010
[ft-mun] ep2 b11340 loss=0.064
[ft-mun] ep2 b11360 loss=0.077
[ft-mun] ep2 b11380 loss=3.909
[ft-mun] ep2 b11400 loss=0.009
[ft-mun] ep2 b11420 loss=4.754
[ft-mun] ep2 b11440 loss=4.561
[ft-mun] ep2 b11460 loss=0.016
[ft-mun] ep2 b11480 loss=4.055
[ft-mun] ep2 b11500 loss=1.642
[ft-mun] ep2 b11520 loss=0.536
[ft-mun] ep2 b11540 loss=0.082
[ft-mun] ep2 b11560 loss=4.172
[ft-mun] ep2 b11580 loss=3.573
[ft-mun] ep2 b11600 loss=0.387
[ft-mun] ep2 b11620 loss=0.386
[ft-mun] ep2 b11640 loss=3.244
[ft-mun] ep2 b11660 loss=4.885
[ft-mun] ep2 b11680 loss=0.760
[ft-mun] ep2 b11700 loss=0.130
[ft-mun] ep2 b11720 loss=3.247
[ft-mun] ep2 b11740 loss=0.192
[ft-mun] ep2 b11760 loss=0.077
[ft-mun] ep2 b11780 loss=3.709
[ft-mun] ep2 b11800 loss=0.236
[ft-mun] ep2 b11820 loss=2.477
[ft-mun] ep2 b11840 loss=5.430
[ft-mun] ep2 b11860 loss=5.477
[ft-mun] ep2 b11880 loss=2.020
[ft-mun] ep2 b11900 loss=0.113
[ft-mun] ep2 b11920 loss=1.261
[ft-mun] ep2 b11940 loss=0.022
[ft-mun] ep2 b11960 loss=0.465
[ft-mun] ep2 b11980 loss=0.153
[ft-mun] ep2 b12000 loss=2.247
[ft-mun] ep2 b12020 loss=0.167
[ft-mun] ep2 b12040 loss=0.046
[ft-mun] ep2 b12060 loss=0.418
[ft-mun] ep2 b12080 loss=0.077
[ft-mun] ep2 b12100 loss=0.024
[ft-mun] ep2 b12120 loss=0.258
[ft-mun] ep2 b12140 loss=3.341
[ft-mun] ep2 b12160 loss=0.013
[ft-mun] ep2 b12180 loss=0.051
[ft-mun] ep2 b12200 loss=0.137
[ft-mun] ep2 b12220 loss=0.318
[ft-mun] ep2 b12240 loss=0.095
[ft-mun] ep2 b12260 loss=0.007
[ft-mun] ep2 b12280 loss=3.193
[ft-mun] ep2 b12300 loss=3.195
[ft-mun] ep2 b12320 loss=2.461
[ft-mun] ep2 b12340 loss=4.090
[ft-mun] ep2 b12360 loss=0.014
[ft-mun] ep2 b12380 loss=2.898
[ft-mun] ep2 b12400 loss=0.333
[ft-mun] ep2 b12420 loss=0.229
[ft-mun] ep2 b12440 loss=0.035
[ft-mun] ep2 b12460 loss=3.003
[ft-mun] ep2 b12480 loss=0.128
[ft-mun] ep2 b12500 loss=4.663
[ft-mun] ep2 b12520 loss=0.242
[ft-mun] ep2 b12540 loss=0.178
[ft-mun] ep2 b12560 loss=0.095
[ft-mun] ep2 b12580 loss=0.079
[ft-mun] ep2 b12600 loss=0.083
[ft-mun] ep2 b12620 loss=0.090
[ft-mun] ep2 b12640 loss=0.014
[ft-mun] ep2 b12660 loss=0.697
[ft-mun] ep2 b12680 loss=0.222
[ft-mun] ep2 b12700 loss=0.509
[ft-mun] ep2 b12720 loss=0.825
[ft-mun] ep2 b12740 loss=2.688
[ft-mun] ep2 b12760 loss=0.134
[ft-mun] ep2 b12780 loss=0.243
[ft-mun] ep2 b12800 loss=3.174
[ft-mun] ep2 b12820 loss=2.902
[ft-mun] ep2 b12840 loss=1.729
[ft-mun] ep2 b12860 loss=0.262
[ft-mun] ep2 b12880 loss=0.291
[ft-mun] ep2 b12900 loss=3.089
[ft-mun] ep2 b12920 loss=3.076
[ft-mun] ep2 b12940 loss=0.347
[ft-mun] ep2 b12960 loss=4.510
[ft-mun] ep2 b12980 loss=0.056
[ft-mun] ep2 b13000 loss=0.278
[ft-mun] ep2 b13020 loss=0.099
[ft-mun] ep2 b13040 loss=0.224
[ft-mun] ep2 b13060 loss=0.014
[ft-mun] ep2 b13080 loss=0.343
[ft-mun] ep2 b13100 loss=0.126
[ft-mun] ep2 b13120 loss=0.512
[ft-mun] ep2 b13140 loss=0.098
[ft-mun] ep2 b13160 loss=2.592
[ft-mun] ep2 b13180 loss=4.502
[ft-mun] ep2 b13200 loss=0.037
[ft-mun] ep2 b13220 loss=2.518
[ft-mun] ep2 b13240 loss=3.681
[ft-mun] ep2 b13260 loss=5.093
[ft-mun] ep2 b13280 loss=0.012
[ft-mun] ep2 b13300 loss=2.586
[ft-mun] ep2 b13320 loss=0.244
[ft-mun] ep2 b13340 loss=0.506
[ft-mun] ep2 b13360 loss=0.116
[ft-mun] ep2 b13380 loss=0.422
[ft-mun] ep2 b13400 loss=2.909
[ft-mun] ep2 b13420 loss=0.311
[ft-mun] ep2 b13440 loss=4.768
[ft-mun] ep2 b13460 loss=0.180
[ft-mun] ep2 b13480 loss=0.004
[ft-mun] ep2 b13500 loss=0.332
[ft-mun] ep2 b13520 loss=2.176
[ft-mun] ep2 b13540 loss=0.013
[ft-mun] ep2 b13560 loss=3.109
[ft-mun] ep2 b13580 loss=0.116
[ft-mun] ep2 b13600 loss=0.528
[ft-mun] ep2 b13620 loss=4.184
[ft-mun] ep2 b13640 loss=2.529
[ft-mun] ep2 b13660 loss=0.024
[ft-mun] ep2 b13680 loss=0.395
[ft-mun] ep2 b13700 loss=0.118
[ft-mun] ep2 b13720 loss=0.147
[ft-mun] ep2 b13740 loss=0.232
[ft-mun] ep2 b13760 loss=3.224
[ft-mun] ep2 b13780 loss=0.130
[ft-mun] ep2 b13800 loss=1.241
[ft-mun] ep2 b13820 loss=0.161
[ft-mun] ep2 b13840 loss=1.539
[ft-mun] ep2 b13860 loss=0.169
[ft-mun] ep2 b13880 loss=0.056
[ft-mun] ep2 b13900 loss=3.958
[ft-mun] ep2 b13920 loss=0.046
[ft-mun] ep2 b13940 loss=4.524
[ft-mun] ep2 b13960 loss=0.128
[ft-mun] ep2 b13980 loss=0.051
[ft-mun] ep2 b14000 loss=0.727
[ft-mun] ep2 b14020 loss=0.180
[ft-mun] ep2 b14040 loss=0.004
[ft-mun] ep2 b14060 loss=1.337
[ft-mun] ep2 b14080 loss=0.158
[ft-mun] ep2 b14100 loss=2.612
[ft-mun] ep2 b14120 loss=0.015
[ft-mun] ep2 b14140 loss=4.448
[ft-mun] ep2 b14160 loss=2.429
[ft-mun] ep2 b14180 loss=4.920
[ft-mun] ep2 b14200 loss=0.111
[ft-mun] ep2 b14220 loss=0.020
[ft-mun] ep2 b14240 loss=0.220
[ft-mun] ep2 b14260 loss=1.837
[ft-mun] ep2 b14280 loss=2.422
[ft-mun] ep2 b14300 loss=0.065
[ft-mun] ep2 b14320 loss=0.043
[ft-mun] ep2 b14340 loss=0.583
[ft-mun] ep2 b14360 loss=0.100
[ft-mun] ep2 b14380 loss=0.021
[ft-mun] ep2 b14400 loss=0.246
[ft-mun] ep2 b14420 loss=0.020
[ft-mun] ep2 b14440 loss=0.019
[ft-mun] ep2 b14460 loss=3.080
[ft-mun] ep2 b14480 loss=0.024
[ft-mun] ep2 b14500 loss=4.629
[ft-mun] ep2 b14520 loss=0.538
[ft-mun] ep2 b14540 loss=0.029
[ft-mun] ep2 b14560 loss=0.456
[ft-mun] ep2 b14580 loss=0.075
[ft-mun] ep2 b14600 loss=0.128
[ft-mun] ep2 b14620 loss=0.081
[ft-mun] ep2 b14640 loss=5.881
[ft-mun] ep2 b14660 loss=0.033
[ft-mun] ep2 b14680 loss=0.035
[ft-mun] ep2 b14700 loss=0.052
[ft-mun] ep2 b14720 loss=1.684
[ft-mun] ep2 b14740 loss=0.083
[ft-mun] ep2 b14760 loss=0.014
[ft-mun] ep2 b14780 loss=0.028
[ft-mun] ep2 b14800 loss=0.016
[ft-mun] ep2 b14820 loss=0.088
[ft-mun] ep2 b14840 loss=1.452
[ft-mun] ep2 b14860 loss=0.035
[ft-mun] ep2 b14880 loss=4.424
[ft-mun] ep2 b14900 loss=2.829
[ft-mun] ep2 b14920 loss=0.401
[ft-mun] ep2 b14940 loss=0.669
[ft-mun] ep2 b14960 loss=4.062
[ft-mun] ep2 b14980 loss=0.243
[ft-mun] ep2 b15000 loss=0.031
[ft-mun] ep2 b15020 loss=0.038
[ft-mun] ep2 b15040 loss=0.168
[ft-mun] ep2 b15060 loss=3.521
[ft-mun] ep2 b15080 loss=0.098
[ft-mun] ep2 b15100 loss=2.946
[ft-mun] ep2 b15120 loss=0.231
[ft-mun] ep2 b15140 loss=0.166
[ft-mun] ep2 b15160 loss=0.130
[ft-mun] ep2 b15180 loss=0.378
[ft-mun] ep2 b15200 loss=0.049
[ft-mun] ep2 b15220 loss=0.269
[ft-mun] ep2 b15240 loss=0.022
[ft-mun] ep2 b15260 loss=0.241
[ft-mun] ep2 b15280 loss=0.142
[ft-mun] ep2 b15300 loss=0.023
[ft-mun] ep2 b15320 loss=3.972
[ft-mun] ep2 b15340 loss=0.049
[ft-mun] ep2 b15360 loss=0.105
[ft-mun] ep2 b15380 loss=2.997
[ft-mun] ep2 b15400 loss=0.031
[ft-mun] ep2 b15420 loss=0.144
[ft-mun] ep2 b15440 loss=0.012
[ft-mun] ep2 b15460 loss=4.214
[ft-mun] ep2 b15480 loss=2.135
[ft-mun] ep2 b15500 loss=0.628
[ft-mun] ep2 b15520 loss=0.041
[ft-mun] ep2 b15540 loss=0.024
[ft-mun] ep2 b15560 loss=4.766
[ft-mun] ep2 b15580 loss=0.268
[ft-mun] ep2 b15600 loss=0.008
[ft-mun] ep2 b15620 loss=0.185
[ft-mun] ep2 b15640 loss=0.435
[ft-mun] ep2 b15660 loss=5.627
[ft-mun] ep2 b15680 loss=0.115
[ft-mun] ep2 b15700 loss=0.298
[ft-mun] ep2 b15720 loss=0.076
[ft-mun] ep2 b15740 loss=2.910
[ft-mun] ep2 b15760 loss=0.162
[ft-mun] ep2 b15780 loss=4.029
[ft-mun] ep2 b15800 loss=0.311
[ft-mun] ep2 b15820 loss=0.008
[ft-mun] ep2 b15840 loss=0.272
[ft-mun] ep2 b15860 loss=0.031
[ft-mun] ep2 b15880 loss=0.269
[ft-mun] ep2 b15900 loss=3.450
[ft-mun] ep2 b15920 loss=0.067
[ft-mun] ep2 b15940 loss=0.066
[ft-mun] ep2 b15960 loss=2.803
[ft-mun] ep2 b15980 loss=3.607
[ft-mun] ep2 b16000 loss=3.532
[ft-mun] ep2 b16020 loss=0.040
[ft-mun] ep2 b16040 loss=0.294
[ft-mun] ep2 b16060 loss=0.094
[ft-mun] ep2 b16080 loss=3.262
[ft-mun] ep2 b16100 loss=0.006
[ft-mun] ep2 b16120 loss=0.742
[ft-mun] ep2 b16140 loss=0.443
[ft-mun] ep2 b16160 loss=3.818
[ft-mun] ep2 b16180 loss=0.038
[ft-mun] ep2 b16200 loss=0.246
[ft-mun] ep2 b16220 loss=4.355
[ft-mun] ep2 b16240 loss=3.933
[ft-mun] ep2 b16260 loss=3.756
[ft-mun] ep2 b16280 loss=2.991
[ft-mun] ep2 b16300 loss=5.064
[ft-mun] ep2 b16320 loss=0.023
[ft-mun] ep2 b16340 loss=1.250
[ft-mun] ep2 b16360 loss=0.261
[ft-mun] ep2 b16380 loss=0.290
[ft-mun] ep2 b16400 loss=0.025
[ft-mun] ep2 b16420 loss=0.010
[ft-mun] ep2 b16440 loss=0.108
[ft-mun] ep2 b16460 loss=3.827
[ft-mun] ep2 b16480 loss=4.021
[ft-mun] ep2 b16500 loss=0.160
[ft-mun] ep2 b16520 loss=0.116
[ft-mun] ep2 b16540 loss=0.838
[ft-mun] ep2 b16560 loss=0.003
[ft-mun] ep2 b16580 loss=0.159
[ft-mun] ep2 b16600 loss=0.114
[ft-mun] ep2 b16620 loss=0.496
[ft-mun] ep2 b16640 loss=0.319
[ft-mun] ep2 b16660 loss=3.164
[ft-mun] ep2 b16680 loss=0.676
[ft-mun] ep2 b16700 loss=0.014
[ft-mun] ep2 b16720 loss=4.794
[ft-mun] ep2 b16740 loss=2.525
[ft-mun] ep2 b16760 loss=0.008
[ft-mun] ep2 b16780 loss=0.190
[ft-mun] ep2 b16800 loss=3.176
[ft-mun] ep2 b16820 loss=0.200
[ft-mun] ep2 b16840 loss=0.422
[ft-mun] ep2 b16860 loss=0.260
[ft-mun] ep2 b16880 loss=1.197
[ft-mun] ep2 b16900 loss=0.115
[ft-mun] ep2 b16920 loss=1.522
[ft-mun] ep2 b16940 loss=0.024
[ft-mun] ep2 b16960 loss=3.130
[ft-mun] ep2 b16980 loss=0.540
[ft-mun] ep2 b17000 loss=4.405
[ft-mun] ep2 b17020 loss=4.956
[ft-mun] ep2 b17040 loss=0.043
[ft-mun] ep2 b17060 loss=0.207
[ft-mun] ep2 b17080 loss=4.030
[ft-mun] ep2 b17100 loss=0.069
[ft-mun] ep2 b17120 loss=2.960
[ft-mun] ep2 b17140 loss=0.056
[ft-mun] ep2 b17160 loss=0.005
[ft-mun] ep2 b17180 loss=2.437
[ft-mun] ep2 b17200 loss=0.237
[ft-mun] ep2 b17220 loss=0.007
[ft-mun] ep2 b17240 loss=0.655
[ft-mun] ep2 b17260 loss=0.236
[ft-mun] ep2 b17280 loss=0.121
[ft-mun] ep2 b17300 loss=3.841
[ft-mun] ep2 b17320 loss=0.436
[ft-mun] ep2 b17340 loss=0.142
[ft-mun] ep2 b17360 loss=2.602
[ft-mun] ep2 b17380 loss=0.443
[ft-mun] ep2 b17400 loss=0.042
[ft-mun] ep2 b17420 loss=0.082
[ft-mun] ep2 b17440 loss=0.107
[ft-mun] ep2 b17460 loss=0.086
[ft-mun] ep2 b17480 loss=1.027
[ft-mun] ep2 b17500 loss=1.552
[ft-mun] ep2 b17520 loss=0.414
[ft-mun] ep2 b17540 loss=0.092
[ft-mun] ep2 b17560 loss=4.076
[ft-mun] ep2 b17580 loss=3.092
[ft-mun] ep2 b17600 loss=0.091
[ft-mun] ep2 b17620 loss=1.966
[ft-mun] ep2 b17640 loss=0.527
[ft-mun] ep2 b17660 loss=0.008
[ft-mun] ep2 b17680 loss=0.005
[ft-mun] ep2 b17700 loss=0.543
[ft-mun] ep2 b17720 loss=3.649
[ft-mun] ep2 b17740 loss=3.239
[ft-mun] ep2 b17760 loss=0.432
[ft-mun] ep2 b17780 loss=0.555
[ft-mun] ep2 b17800 loss=0.400
[ft-mun] ep2 b17820 loss=4.827
[ft-mun] ep2 b17840 loss=0.057
[ft-mun] ep2 b17860 loss=0.112
[ft-mun] ep2 b17880 loss=2.301
[ft-mun] ep2 b17900 loss=0.598
[ft-mun] ep2 b17920 loss=0.075
[ft-mun] ep2 b17940 loss=3.253
[ft-mun] ep2 b17960 loss=0.137
[ft-mun] ep2 b17980 loss=3.192
[ft-mun] ep2 b18000 loss=3.312
[ft-mun] ep2 b18020 loss=0.116
[ft-mun] ep2 b18040 loss=0.375
[ft-mun] ep2 b18060 loss=2.756
[ft-mun] ep2 b18080 loss=4.006
[ft-mun] ep2 b18100 loss=1.347
[ft-mun] ep2 b18120 loss=2.460
[ft-mun] ep2 b18140 loss=0.416
[ft-mun] ep2 b18160 loss=1.727
[ft-mun] ep2 b18180 loss=0.224
[ft-mun] ep2 b18200 loss=0.422
[ft-mun] ep2 b18220 loss=0.365
[ft-mun] ep2 b18240 loss=2.604
[ft-mun] ep2 b18260 loss=4.600
[ft-mun] ep2 b18280 loss=2.506
[ft-mun] ep2 b18300 loss=2.123
[ft-mun] ep2 b18320 loss=0.478
[ft-mun] ep2 b18340 loss=3.723
[ft-mun] ep2 b18360 loss=0.018
[ft-mun] ep2 b18380 loss=0.308
[ft-mun] ep2 b18400 loss=0.704
[ft-mun] ep2 b18420 loss=2.555
[ft-mun] ep2 b18440 loss=0.475
[ft-mun] ep2 b18460 loss=0.005
[ft-mun] ep2 b18480 loss=4.573
[ft-mun] ep2 b18500 loss=0.011
[ft-mun] ep2 b18520 loss=0.148
[ft-mun] ep2 b18540 loss=0.609
[ft-mun] ep2 b18560 loss=0.287
[ft-mun] ep2 b18580 loss=3.590
[ft-mun] ep2 b18600 loss=0.016
[ft-mun] ep2 b18620 loss=3.176
[ft-mun] ep2 b18640 loss=0.384
[ft-mun] ep2 b18660 loss=0.111
[ft-mun] ep2 b18680 loss=3.718
[ft-mun] ep2 b18700 loss=0.746
[ft-mun] ep2 b18720 loss=0.538
[ft-mun] ep2 b18740 loss=0.047
[ft-mun] ep2 b18760 loss=0.484
[ft-mun] ep2 b18780 loss=0.616
[ft-mun] ep2 b18800 loss=0.180
[ft-mun] ep2 b18820 loss=3.369
[ft-mun] ep2 b18840 loss=0.057
[ft-mun] ep2 b18860 loss=0.349
[ft-mun] ep2 b18880 loss=0.070
[ft-mun] ep2 b18900 loss=3.051
[ft-mun] ep2 b18920 loss=0.005
[ft-mun] ep2 b18940 loss=2.961
[ft-mun] ep2 b18960 loss=0.100
[ft-mun] ep2 b18980 loss=3.334
[ft-mun] ep2 b19000 loss=0.429
[ft-mun] ep2 b19020 loss=0.009
[ft-mun] ep2 b19040 loss=4.190
[ft-mun] ep2 b19060 loss=0.944
[ft-mun] ep2 b19080 loss=0.172
[ft-mun] ep2 b19100 loss=0.076
[ft-mun] ep2 b19120 loss=0.039
[ft-mun] ep2 b19140 loss=0.169
[ft-mun] ep2 b19160 loss=1.726
[ft-mun] ep2 b19180 loss=0.376
[ft-mun] ep2 b19200 loss=0.031
[ft-mun] ep2 b19220 loss=1.989
[ft-mun] ep2 b19240 loss=4.067
[ft-mun] ep2 b19260 loss=0.505
[ft-mun] ep2 b19280 loss=2.823
[ft-mun] ep2 b19300 loss=0.178
[ft-mun] ep2 b19320 loss=2.493
[ft-mun] ep2 b19340 loss=0.054
[ft-mun] ep2 b19360 loss=0.561
[ft-mun] ep2 b19380 loss=2.822
[ft-mun] ep2 b19400 loss=0.274
[ft-mun] ep2 b19420 loss=3.212
[ft-mun] ep2 b19440 loss=2.441
[ft-mun] ep2 b19460 loss=1.720
[ft-mun] ep2 b19480 loss=0.263
[ft-mun] ep2 b19500 loss=5.243
[ft-mun] ep2 b19520 loss=0.219
[ft-mun] ep2 b19540 loss=0.009
[ft-mun] ep2 b19560 loss=1.964
[ft-mun] ep2 b19580 loss=0.212
[ft-mun] ep2 b19600 loss=0.718
[ft-mun] ep2 b19620 loss=0.155
[ft-mun] ep2 b19640 loss=0.430
[ft-mun] ep2 b19660 loss=0.165
[ft-mun] ep2 b19680 loss=0.083
[ft-mun] ep2 b19700 loss=0.198
[ft-mun] ep2 b19720 loss=4.021
[ft-mun] ep2 b19740 loss=0.167
[ft-mun] ep2 b19760 loss=0.276
[ft-mun] ep2 b19780 loss=0.043
[ft-mun] ep2 b19800 loss=2.825
[ft-mun] ep2 b19820 loss=0.400
[ft-mun] ep2 b19840 loss=0.061
[ft-mun] ep2 b19860 loss=0.052
[ft-mun] ep2 b19880 loss=4.784
[ft-mun] ep2 b19900 loss=0.431
[ft-mun] ep2 b19920 loss=0.012
[ft-mun] ep2 b19940 loss=0.032
[ft-mun] ep2 b19960 loss=3.225
[ft-mun] ep2 b19980 loss=4.688
[ft-mun] ep2 b20000 loss=0.104
[ft-mun] ep2 b20020 loss=0.077
[ft-mun] ep2 b20040 loss=3.563
[ft-mun] ep2 b20060 loss=0.019
[ft-mun] ep2 b20080 loss=4.128
[ft-mun] ep2 b20100 loss=3.541
[ft-mun] ep2 b20120 loss=4.115
[ft-mun] ep2 b20140 loss=0.105
[ft-mun] ep2 b20160 loss=0.050
[ft-mun] ep2 b20180 loss=3.277
[ft-mun] ep2 b20200 loss=2.160
[ft-mun] ep2 b20220 loss=2.444
[ft-mun] ep2 b20240 loss=0.033
[ft-mun] ep2 b20260 loss=1.964
[ft-mun] ep2 b20280 loss=0.104
[ft-mun] ep2 b20300 loss=0.133
[ft-mun] ep2 b20320 loss=4.829
[ft-mun] ep2 b20340 loss=0.342
[ft-mun] ep2 b20360 loss=0.059
[ft-mun] ep2 b20380 loss=0.357
[ft-mun] ep2 b20400 loss=2.151
[ft-mun] ep2 b20420 loss=2.418
[ft-mun] ep2 b20440 loss=0.014
[ft-mun] ep2 b20460 loss=2.558
[ft-mun] ep2 b20480 loss=0.030
[ft-mun] ep2 b20500 loss=0.192
[ft-mun] ep2 b20520 loss=0.139
[ft-mun] ep2 b20540 loss=3.239
[ft-mun] ep2 b20560 loss=0.020
[ft-mun] ep2 b20580 loss=0.025
[ft-mun] ep2 b20600 loss=0.049
[ft-mun] ep2 b20620 loss=0.104
[ft-mun] ep2 b20640 loss=0.022
[ft-mun] ep2 b20660 loss=0.051
[ft-mun] ep2 b20680 loss=0.157
[ft-mun] ep2 b20700 loss=0.020
[ft-mun] ep2 b20720 loss=2.404
[ft-mun] ep2 b20740 loss=0.246
[ft-mun] ep2 b20760 loss=0.104
[ft-mun] ep2 b20780 loss=3.689
[ft-mun] ep2 b20800 loss=3.481
[ft-mun] ep2 b20820 loss=3.828
[ft-mun] ep2 b20840 loss=0.015
[ft-mun] ep2 b20860 loss=2.718
[ft-mun] ep2 b20880 loss=0.315
[ft-mun] ep2 b20900 loss=2.870
[ft-mun] ep2 b20920 loss=0.033
[ft-mun] ep2 b20940 loss=0.014
[ft-mun] ep2 b20960 loss=0.026
[ft-mun] ep2 b20980 loss=0.052
[ft-mun] ep2 b21000 loss=0.034
[ft-mun] ep2 b21020 loss=0.033
[ft-mun] ep2 b21040 loss=2.569
[ft-mun] ep2 b21060 loss=0.176
[ft-mun] ep2 b21080 loss=3.344
[ft-mun] ep2 b21100 loss=0.100
[ft-mun] ep2 b21120 loss=0.145
[ft-mun] ep2 b21140 loss=0.270
[ft-mun] ep2 b21160 loss=0.088
[ft-mun] ep2 b21180 loss=2.998
[ft-mun] ep2 b21200 loss=4.490
[ft-mun] ep2 b21220 loss=0.008
[ft-mun] ep2 b21240 loss=0.016
[ft-mun] ep2 b21260 loss=0.419
[ft-mun] ep2 b21280 loss=2.693
[ft-mun] ep2 b21300 loss=0.094
[ft-mun] ep2 b21320 loss=0.514
[ft-mun] ep2 b21340 loss=3.126
[ft-mun] ep2 b21360 loss=0.023
[ft-mun] ep2 b21380 loss=0.010
[ft-mun] ep2 b21400 loss=0.108
[ft-mun] ep2 b21420 loss=2.575
[ft-mun] ep2 b21440 loss=4.902
[ft-mun] ep2 b21460 loss=3.016
[ft-mun] ep2 b21480 loss=0.156
[ft-mun] ep2 b21500 loss=0.058
[ft-mun] ep2 b21520 loss=0.153
[ft-mun] ep2 b21540 loss=3.223
[ft-mun] ep2 b21560 loss=4.139
[ft-mun] ep2 b21580 loss=1.960
[ft-mun] ep2 b21600 loss=3.062
[ft-mun] ep2 b21620 loss=2.334
[ft-mun] ep2 b21640 loss=0.045
[ft-mun] ep2 b21660 loss=2.521
[ft-mun] ep2 b21680 loss=0.155
[ft-mun] ep2 b21700 loss=3.138
[ft-mun] ep2 b21720 loss=0.015
[ft-mun] ep2 b21740 loss=0.715
[ft-mun] ep2 b21760 loss=0.060
[ft-mun] ep2 b21780 loss=0.136
[ft-mun] ep2 b21800 loss=2.590
[ft-mun] ep2 b21820 loss=2.774
[ft-mun] ep2 b21840 loss=5.940
[ft-mun] ep2 b21860 loss=0.079
[ft-mun] ep2 b21880 loss=2.914
[ft-mun] ep2 b21900 loss=4.188
[ft-mun] ep2 b21920 loss=2.930
[ft-mun] ep2 b21940 loss=4.404
[ft-mun] ep2 b21960 loss=0.010
[ft-mun] ep2 b21980 loss=0.123
[ft-mun] ep2 b22000 loss=0.296
[ft-mun] ep2 b22020 loss=0.083
[ft-mun] ep2 b22040 loss=3.633
[ft-mun] ep2 b22060 loss=4.281
[ft-mun] ep2 b22080 loss=0.088
[ft-mun] ep2 b22100 loss=3.681
[ft-mun] ep2 b22120 loss=0.154
[ft-mun] ep2 b22140 loss=0.313
[ft-mun] ep2 b22160 loss=0.373
[ft-mun] ep2 b22180 loss=1.918
[ft-mun] ep2 b22200 loss=0.009
[ft-mun] ep2 b22220 loss=0.074
[ft-mun] ep2 b22240 loss=0.733
[ft-mun] ep2 b22260 loss=0.014
[ft-mun] ep2 b22280 loss=3.881
[ft-mun] ep2 b22300 loss=0.091
[ft-mun] ep2 b22320 loss=4.231
[ft-mun] ep2 b22340 loss=0.577
[ft-mun] ep2 b22360 loss=3.026
[ft-mun] ep2 b22380 loss=0.893
[ft-mun] ep2 b22400 loss=0.057
[ft-mun] ep2 b22420 loss=0.166
[ft-mun] ep2 b22440 loss=0.171
[ft-mun] ep2 b22460 loss=3.239
[ft-mun] ep2 b22480 loss=0.096
[ft-mun] ep2 b22500 loss=3.205
[ft-mun] ep2 train_loss=1.327 dev_loss=1.292
[ft-mun] saved adapter -> ml/finetune/it2_sat_combined
