[ft-mun] 45027 train / 5002 dev -> sat_Olck
/home/clutch/.local/lib/python3.14/site-packages/transformers/tokenization_utils_base.py:3953: UserWarning: `as_target_tokenizer` is deprecated and will be removed in v5 of Transformers. You can tokenize your labels by using the argument `text_target` of the regular `__call__` method (either in the same call as your input texts if you use the same keyword arguments, or in a separate call.
  warnings.warn(
[ft-mun] resumed 432 LoRA tensors from disk, continuing
/home/clutch/Desktop/Vachak/ml/translation/scripts/finetune_mundari.py:195: FutureWarning: `torch.cuda.amp.GradScaler(args...)` is deprecated. Please use `torch.amp.GradScaler('cuda', args...)` instead.
  scaler = torch.cuda.amp.GradScaler()
/home/clutch/Desktop/Vachak/ml/translation/scripts/finetune_mundari.py:203: FutureWarning: `torch.cuda.amp.autocast(args...)` is deprecated. Please use `torch.amp.autocast('cuda', args...)` instead.
  with torch.cuda.amp.autocast(dtype=torch.float16):
trainable params: 3,538,944 || all params: 199,050,240 || trainable%: 1.7779
[ft-mun] ep1 b0 loss=3.375
[ft-mun] ep1 b20 loss=2.630
[ft-mun] ep1 b40 loss=2.671
[ft-mun] ep1 b60 loss=3.426
[ft-mun] ep1 b80 loss=2.171
[ft-mun] ep1 b100 loss=2.187
[ft-mun] ep1 b120 loss=2.497
[ft-mun] ep1 b140 loss=2.546
[ft-mun] ep1 b160 loss=1.876
[ft-mun] ep1 b180 loss=4.373
[ft-mun] ep1 b200 loss=3.584
[ft-mun] ep1 b220 loss=3.851
[ft-mun] ep1 b240 loss=2.489
[ft-mun] ep1 b260 loss=3.586
[ft-mun] ep1 b280 loss=2.586
[ft-mun] ep1 b300 loss=2.754
[ft-mun] ep1 b320 loss=2.371
[ft-mun] ep1 b340 loss=2.006
[ft-mun] ep1 b360 loss=2.566
[ft-mun] ep1 b380 loss=3.473
[ft-mun] ep1 b400 loss=4.267
[ft-mun] ep1 b420 loss=2.765
[ft-mun] ep1 b440 loss=3.130
[ft-mun] ep1 b460 loss=2.715
[ft-mun] ep1 b480 loss=1.905
[ft-mun] ep1 b500 loss=3.690
[ft-mun] ep1 b520 loss=2.506
[ft-mun] ep1 b540 loss=2.793
[ft-mun] ep1 b560 loss=2.307
[ft-mun] ep1 b580 loss=2.425
[ft-mun] ep1 b600 loss=4.999
[ft-mun] ep1 b620 loss=2.132
[ft-mun] ep1 b640 loss=3.754
[ft-mun] ep1 b660 loss=3.172
[ft-mun] ep1 b680 loss=3.722
[ft-mun] ep1 b700 loss=4.325
[ft-mun] ep1 b720 loss=3.334
[ft-mun] ep1 b740 loss=3.483
[ft-mun] ep1 b760 loss=2.443
[ft-mun] ep1 b780 loss=3.058
[ft-mun] ep1 b800 loss=2.572
[ft-mun] ep1 b820 loss=2.079
[ft-mun] ep1 b840 loss=2.268
[ft-mun] ep1 b860 loss=3.103
[ft-mun] ep1 b880 loss=3.604
[ft-mun] ep1 b900 loss=3.682
[ft-mun] ep1 b920 loss=2.998
[ft-mun] ep1 b940 loss=2.440
[ft-mun] ep1 b960 loss=2.401
[ft-mun] ep1 b980 loss=2.179
[ft-mun] ep1 b1000 loss=3.895
[ft-mun] ep1 b1020 loss=3.487
[ft-mun] ep1 b1040 loss=2.411
[ft-mun] ep1 b1060 loss=2.905
[ft-mun] ep1 b1080 loss=3.200
[ft-mun] ep1 b1100 loss=3.920
[ft-mun] ep1 b1120 loss=2.058
[ft-mun] ep1 b1140 loss=2.149
[ft-mun] ep1 b1160 loss=3.642
[ft-mun] ep1 b1180 loss=3.850
[ft-mun] ep1 b1200 loss=3.888
[ft-mun] ep1 b1220 loss=4.027
[ft-mun] ep1 b1240 loss=2.406
[ft-mun] ep1 b1260 loss=4.404
[ft-mun] ep1 b1280 loss=2.050
[ft-mun] ep1 b1300 loss=3.271
[ft-mun] ep1 b1320 loss=2.668
[ft-mun] ep1 b1340 loss=2.999
[ft-mun] ep1 b1360 loss=2.643
[ft-mun] ep1 b1380 loss=2.127
[ft-mun] ep1 b1400 loss=2.642
[ft-mun] ep1 b1420 loss=3.018
[ft-mun] ep1 b1440 loss=3.598
[ft-mun] ep1 b1460 loss=2.363
[ft-mun] ep1 b1480 loss=3.253
[ft-mun] ep1 b1500 loss=3.680
[ft-mun] ep1 b1520 loss=3.885
[ft-mun] ep1 b1540 loss=2.160
[ft-mun] ep1 b1560 loss=3.370
[ft-mun] ep1 b1580 loss=3.395
[ft-mun] ep1 b1600 loss=2.198
[ft-mun] ep1 b1620 loss=4.816
[ft-mun] ep1 b1640 loss=2.481
[ft-mun] ep1 b1660 loss=2.419
[ft-mun] ep1 b1680 loss=5.064
[ft-mun] ep1 b1700 loss=3.108
[ft-mun] ep1 b1720 loss=2.362
[ft-mun] ep1 b1740 loss=2.421
[ft-mun] ep1 b1760 loss=2.714
[ft-mun] ep1 b1780 loss=2.473
[ft-mun] ep1 b1800 loss=2.814
[ft-mun] ep1 b1820 loss=2.837
[ft-mun] ep1 b1840 loss=1.973
[ft-mun] ep1 b1860 loss=3.056
[ft-mun] ep1 b1880 loss=3.131
[ft-mun] ep1 b1900 loss=2.246
[ft-mun] ep1 b1920 loss=3.314
[ft-mun] ep1 b1940 loss=2.419
[ft-mun] ep1 b1960 loss=2.317
[ft-mun] ep1 b1980 loss=2.566
[ft-mun] ep1 b2000 loss=2.002
[ft-mun] ep1 b2020 loss=2.114
[ft-mun] ep1 b2040 loss=2.114
[ft-mun] ep1 b2060 loss=2.242
[ft-mun] ep1 b2080 loss=2.660
[ft-mun] ep1 b2100 loss=2.415
[ft-mun] ep1 b2120 loss=2.373
[ft-mun] ep1 b2140 loss=4.685
[ft-mun] ep1 b2160 loss=2.860
[ft-mun] ep1 b2180 loss=2.036
[ft-mun] ep1 b2200 loss=2.393
[ft-mun] ep1 b2220 loss=2.528
[ft-mun] ep1 b2240 loss=1.861
[ft-mun] ep1 b2260 loss=3.361
[ft-mun] ep1 b2280 loss=2.659
[ft-mun] ep1 b2300 loss=1.958
[ft-mun] ep1 b2320 loss=1.844
[ft-mun] ep1 b2340 loss=2.238
[ft-mun] ep1 b2360 loss=2.251
[ft-mun] ep1 b2380 loss=2.508
[ft-mun] ep1 b2400 loss=2.224
[ft-mun] ep1 b2420 loss=2.607
[ft-mun] ep1 b2440 loss=2.556
[ft-mun] ep1 b2460 loss=3.568
[ft-mun] ep1 b2480 loss=3.165
[ft-mun] ep1 b2500 loss=4.704
[ft-mun] ep1 b2520 loss=3.221
[ft-mun] ep1 b2540 loss=3.225
[ft-mun] ep1 b2560 loss=2.371
[ft-mun] ep1 b2580 loss=2.406
[ft-mun] ep1 b2600 loss=2.484
[ft-mun] ep1 b2620 loss=2.622
[ft-mun] ep1 b2640 loss=2.223
[ft-mun] ep1 b2660 loss=2.736
[ft-mun] ep1 b2680 loss=3.745
[ft-mun] ep1 b2700 loss=2.477
[ft-mun] ep1 b2720 loss=4.672
[ft-mun] ep1 b2740 loss=1.978
[ft-mun] ep1 b2760 loss=2.287
[ft-mun] ep1 b2780 loss=2.422
[ft-mun] ep1 b2800 loss=2.701
[ft-mun] ep1 b2820 loss=2.865
[ft-mun] ep1 b2840 loss=3.340
[ft-mun] ep1 b2860 loss=3.003
[ft-mun] ep1 b2880 loss=2.575
[ft-mun] ep1 b2900 loss=2.149
[ft-mun] ep1 b2920 loss=2.985
[ft-mun] ep1 b2940 loss=3.486
[ft-mun] ep1 b2960 loss=2.625
[ft-mun] ep1 b2980 loss=3.443
[ft-mun] ep1 b3000 loss=3.639
[ft-mun] ep1 b3020 loss=4.198
[ft-mun] ep1 b3040 loss=3.536
[ft-mun] ep1 b3060 loss=2.522
[ft-mun] ep1 b3080 loss=2.488
[ft-mun] ep1 b3100 loss=2.379
[ft-mun] ep1 b3120 loss=2.250
[ft-mun] ep1 b3140 loss=2.375
[ft-mun] ep1 b3160 loss=1.923
[ft-mun] ep1 b3180 loss=4.489
[ft-mun] ep1 b3200 loss=2.586
[ft-mun] ep1 b3220 loss=2.705
[ft-mun] ep1 b3240 loss=3.697
[ft-mun] ep1 b3260 loss=3.094
[ft-mun] ep1 b3280 loss=3.801
[ft-mun] ep1 b3300 loss=2.668
[ft-mun] ep1 b3320 loss=2.483
[ft-mun] ep1 b3340 loss=2.508
[ft-mun] ep1 b3360 loss=2.267
[ft-mun] ep1 b3380 loss=2.319
[ft-mun] ep1 b3400 loss=2.779
[ft-mun] ep1 b3420 loss=3.751
[ft-mun] ep1 b3440 loss=3.019
[ft-mun] ep1 b3460 loss=2.464
[ft-mun] ep1 b3480 loss=2.555
[ft-mun] ep1 b3500 loss=2.613
[ft-mun] ep1 b3520 loss=2.423
[ft-mun] ep1 b3540 loss=4.673
[ft-mun] ep1 b3560 loss=2.743
[ft-mun] ep1 b3580 loss=2.266
[ft-mun] ep1 b3600 loss=2.336
[ft-mun] ep1 b3620 loss=2.034
[ft-mun] ep1 b3640 loss=3.178
[ft-mun] ep1 b3660 loss=2.223
[ft-mun] ep1 b3680 loss=3.068
[ft-mun] ep1 b3700 loss=2.422
[ft-mun] ep1 b3720 loss=2.372
[ft-mun] ep1 b3740 loss=1.950
[ft-mun] ep1 b3760 loss=2.601
[ft-mun] ep1 b3780 loss=3.028
[ft-mun] ep1 b3800 loss=2.268
[ft-mun] ep1 b3820 loss=2.686
[ft-mun] ep1 b3840 loss=2.574
[ft-mun] ep1 b3860 loss=3.882
[ft-mun] ep1 b3880 loss=2.578
[ft-mun] ep1 b3900 loss=2.217
[ft-mun] ep1 b3920 loss=2.033
[ft-mun] ep1 b3940 loss=1.967
[ft-mun] ep1 b3960 loss=3.110
[ft-mun] ep1 b3980 loss=2.252
[ft-mun] ep1 b4000 loss=2.144
[ft-mun] ep1 b4020 loss=2.577
[ft-mun] ep1 b4040 loss=2.052
[ft-mun] ep1 b4060 loss=3.201
[ft-mun] ep1 b4080 loss=3.623
[ft-mun] ep1 b4100 loss=2.163
[ft-mun] ep1 b4120 loss=4.081
[ft-mun] ep1 b4140 loss=2.039
[ft-mun] ep1 b4160 loss=4.430
[ft-mun] ep1 b4180 loss=2.574
[ft-mun] ep1 b4200 loss=4.156
[ft-mun] ep1 b4220 loss=3.394
[ft-mun] ep1 b4240 loss=5.281
[ft-mun] ep1 b4260 loss=3.646
[ft-mun] ep1 b4280 loss=2.797
[ft-mun] ep1 b4300 loss=4.546
[ft-mun] ep1 b4320 loss=1.938
[ft-mun] ep1 b4340 loss=2.406
[ft-mun] ep1 b4360 loss=4.118
[ft-mun] ep1 b4380 loss=2.657
[ft-mun] ep1 b4400 loss=2.396
[ft-mun] ep1 b4420 loss=2.223
[ft-mun] ep1 b4440 loss=4.068
[ft-mun] ep1 b4460 loss=2.174
[ft-mun] ep1 b4480 loss=2.064
[ft-mun] ep1 b4500 loss=3.432
[ft-mun] ep1 b4520 loss=3.431
[ft-mun] ep1 b4540 loss=4.533
[ft-mun] ep1 b4560 loss=3.632
[ft-mun] ep1 b4580 loss=1.809
[ft-mun] ep1 b4600 loss=2.523
[ft-mun] ep1 b4620 loss=4.811
[ft-mun] ep1 b4640 loss=2.624
[ft-mun] ep1 b4660 loss=2.553
[ft-mun] ep1 b4680 loss=2.873
[ft-mun] ep1 b4700 loss=4.662
[ft-mun] ep1 b4720 loss=4.456
[ft-mun] ep1 b4740 loss=2.754
[ft-mun] ep1 b4760 loss=2.506
[ft-mun] ep1 b4780 loss=3.700
[ft-mun] ep1 b4800 loss=4.623
[ft-mun] ep1 b4820 loss=3.074
[ft-mun] ep1 b4840 loss=2.597
[ft-mun] ep1 b4860 loss=3.617
[ft-mun] ep1 b4880 loss=2.429
[ft-mun] ep1 b4900 loss=1.959
[ft-mun] ep1 b4920 loss=2.360
[ft-mun] ep1 b4940 loss=2.473
[ft-mun] ep1 b4960 loss=2.226
[ft-mun] ep1 b4980 loss=2.188
[ft-mun] ep1 b5000 loss=2.228
[ft-mun] ep1 b5020 loss=3.630
[ft-mun] ep1 b5040 loss=2.159
[ft-mun] ep1 b5060 loss=3.435
[ft-mun] ep1 b5080 loss=3.133
[ft-mun] ep1 b5100 loss=2.412
[ft-mun] ep1 b5120 loss=1.863
[ft-mun] ep1 b5140 loss=2.340
[ft-mun] ep1 b5160 loss=2.144
[ft-mun] ep1 b5180 loss=2.506
[ft-mun] ep1 b5200 loss=2.319
[ft-mun] ep1 b5220 loss=2.111
[ft-mun] ep1 b5240 loss=3.125
[ft-mun] ep1 b5260 loss=2.519
[ft-mun] ep1 b5280 loss=2.909
[ft-mun] ep1 b5300 loss=2.950
[ft-mun] ep1 b5320 loss=1.856
[ft-mun] ep1 b5340 loss=4.879
[ft-mun] ep1 b5360 loss=3.511
[ft-mun] ep1 b5380 loss=3.952
[ft-mun] ep1 b5400 loss=2.338
[ft-mun] ep1 b5420 loss=2.623
[ft-mun] ep1 b5440 loss=3.809
[ft-mun] ep1 b5460 loss=2.682
[ft-mun] ep1 b5480 loss=2.216
[ft-mun] ep1 b5500 loss=2.220
[ft-mun] ep1 b5520 loss=2.537
[ft-mun] ep1 b5540 loss=2.697
[ft-mun] ep1 b5560 loss=1.941
[ft-mun] ep1 b5580 loss=1.976
[ft-mun] ep1 b5600 loss=2.141
[ft-mun] ep1 b5620 loss=2.766
[ft-mun] ep1 b5640 loss=2.174
[ft-mun] ep1 b5660 loss=2.138
[ft-mun] ep1 b5680 loss=1.920
[ft-mun] ep1 b5700 loss=4.171
[ft-mun] ep1 b5720 loss=2.228
[ft-mun] ep1 b5740 loss=3.086
[ft-mun] ep1 b5760 loss=1.745
[ft-mun] ep1 b5780 loss=2.164
[ft-mun] ep1 b5800 loss=3.592
[ft-mun] ep1 b5820 loss=2.346
[ft-mun] ep1 b5840 loss=1.970
[ft-mun] ep1 b5860 loss=2.481
[ft-mun] ep1 b5880 loss=2.286
[ft-mun] ep1 b5900 loss=2.970
[ft-mun] ep1 b5920 loss=2.327
[ft-mun] ep1 b5940 loss=2.318
[ft-mun] ep1 b5960 loss=2.150
[ft-mun] ep1 b5980 loss=2.810
[ft-mun] ep1 b6000 loss=2.596
[ft-mun] ep1 b6020 loss=2.537
[ft-mun] ep1 b6040 loss=2.319
[ft-mun] ep1 b6060 loss=3.340
[ft-mun] ep1 b6080 loss=2.842
[ft-mun] ep1 b6100 loss=2.668
[ft-mun] ep1 b6120 loss=2.311
[ft-mun] ep1 b6140 loss=3.000
[ft-mun] ep1 b6160 loss=2.880
[ft-mun] ep1 b6180 loss=4.048
[ft-mun] ep1 b6200 loss=2.445
[ft-mun] ep1 b6220 loss=4.930
[ft-mun] ep1 b6240 loss=3.570
[ft-mun] ep1 b6260 loss=4.647
[ft-mun] ep1 b6280 loss=2.457
[ft-mun] ep1 b6300 loss=2.293
[ft-mun] ep1 b6320 loss=2.829
[ft-mun] ep1 b6340 loss=2.269
[ft-mun] ep1 b6360 loss=2.973
[ft-mun] ep1 b6380 loss=4.167
[ft-mun] ep1 b6400 loss=2.647
[ft-mun] ep1 b6420 loss=3.415
[ft-mun] ep1 b6440 loss=2.449
[ft-mun] ep1 b6460 loss=2.461
[ft-mun] ep1 b6480 loss=4.012
[ft-mun] ep1 b6500 loss=1.919
[ft-mun] ep1 b6520 loss=2.303
[ft-mun] ep1 b6540 loss=2.317
[ft-mun] ep1 b6560 loss=1.871
[ft-mun] ep1 b6580 loss=2.038
[ft-mun] ep1 b6600 loss=2.374
[ft-mun] ep1 b6620 loss=2.793
[ft-mun] ep1 b6640 loss=2.080
[ft-mun] ep1 b6660 loss=2.374
[ft-mun] ep1 b6680 loss=3.279
[ft-mun] ep1 b6700 loss=3.159
[ft-mun] ep1 b6720 loss=2.478
[ft-mun] ep1 b6740 loss=2.207
[ft-mun] ep1 b6760 loss=2.854
[ft-mun] ep1 b6780 loss=3.753
[ft-mun] ep1 b6800 loss=2.338
[ft-mun] ep1 b6820 loss=2.448
[ft-mun] ep1 b6840 loss=3.941
[ft-mun] ep1 b6860 loss=1.910
[ft-mun] ep1 b6880 loss=4.224
[ft-mun] ep1 b6900 loss=2.819
[ft-mun] ep1 b6920 loss=3.511
[ft-mun] ep1 b6940 loss=2.517
[ft-mun] ep1 b6960 loss=4.076
[ft-mun] ep1 b6980 loss=4.823
[ft-mun] ep1 b7000 loss=3.591
[ft-mun] ep1 b7020 loss=2.017
[ft-mun] ep1 b7040 loss=4.539
[ft-mun] ep1 b7060 loss=1.817
[ft-mun] ep1 b7080 loss=5.265
[ft-mun] ep1 b7100 loss=2.615
[ft-mun] ep1 b7120 loss=3.822
[ft-mun] ep1 b7140 loss=3.391
[ft-mun] ep1 b7160 loss=5.810
[ft-mun] ep1 b7180 loss=3.141
[ft-mun] ep1 b7200 loss=1.930
[ft-mun] ep1 b7220 loss=2.929
[ft-mun] ep1 b7240 loss=2.302
[ft-mun] ep1 b7260 loss=2.340
[ft-mun] ep1 b7280 loss=3.116
[ft-mun] ep1 b7300 loss=2.265
[ft-mun] ep1 b7320 loss=4.376
[ft-mun] ep1 b7340 loss=2.746
[ft-mun] ep1 b7360 loss=3.744
[ft-mun] ep1 b7380 loss=4.412
[ft-mun] ep1 b7400 loss=2.342
[ft-mun] ep1 b7420 loss=2.203
[ft-mun] ep1 b7440 loss=3.196
[ft-mun] ep1 b7460 loss=2.859
[ft-mun] ep1 b7480 loss=2.647
[ft-mun] ep1 b7500 loss=5.452
[ft-mun] ep1 b7520 loss=2.658
[ft-mun] ep1 b7540 loss=2.554
[ft-mun] ep1 b7560 loss=3.704
[ft-mun] ep1 b7580 loss=1.926
[ft-mun] ep1 b7600 loss=2.368
[ft-mun] ep1 b7620 loss=2.138
[ft-mun] ep1 b7640 loss=2.330
[ft-mun] ep1 b7660 loss=2.873
[ft-mun] ep1 b7680 loss=2.478
[ft-mun] ep1 b7700 loss=3.888
[ft-mun] ep1 b7720 loss=2.243
[ft-mun] ep1 b7740 loss=3.564
[ft-mun] ep1 b7760 loss=2.577
[ft-mun] ep1 b7780 loss=2.668
[ft-mun] ep1 b7800 loss=2.273
[ft-mun] ep1 b7820 loss=3.948
[ft-mun] ep1 b7840 loss=2.610
[ft-mun] ep1 b7860 loss=2.567
[ft-mun] ep1 b7880 loss=2.145
[ft-mun] ep1 b7900 loss=4.620
[ft-mun] ep1 b7920 loss=2.374
[ft-mun] ep1 b7940 loss=3.588
[ft-mun] ep1 b7960 loss=3.241
[ft-mun] ep1 b7980 loss=2.126
[ft-mun] ep1 b8000 loss=2.196
[ft-mun] ep1 b8020 loss=5.228
[ft-mun] ep1 b8040 loss=3.305
[ft-mun] ep1 b8060 loss=2.249
[ft-mun] ep1 b8080 loss=3.133
[ft-mun] ep1 b8100 loss=2.017
[ft-mun] ep1 b8120 loss=2.000
[ft-mun] ep1 b8140 loss=2.590
[ft-mun] ep1 b8160 loss=2.699
[ft-mun] ep1 b8180 loss=3.762
[ft-mun] ep1 b8200 loss=2.736
[ft-mun] ep1 b8220 loss=2.167
[ft-mun] ep1 b8240 loss=1.911
[ft-mun] ep1 b8260 loss=2.783
[ft-mun] ep1 b8280 loss=2.216
[ft-mun] ep1 b8300 loss=2.928
[ft-mun] ep1 b8320 loss=2.923
[ft-mun] ep1 b8340 loss=3.535
[ft-mun] ep1 b8360 loss=2.382
[ft-mun] ep1 b8380 loss=2.188
[ft-mun] ep1 b8400 loss=1.986
[ft-mun] ep1 b8420 loss=2.720
[ft-mun] ep1 b8440 loss=3.206
[ft-mun] ep1 b8460 loss=1.884
[ft-mun] ep1 b8480 loss=3.352
[ft-mun] ep1 b8500 loss=2.196
[ft-mun] ep1 b8520 loss=3.486
[ft-mun] ep1 b8540 loss=2.538
[ft-mun] ep1 b8560 loss=3.586
[ft-mun] ep1 b8580 loss=2.554
[ft-mun] ep1 b8600 loss=2.079
[ft-mun] ep1 b8620 loss=2.619
[ft-mun] ep1 b8640 loss=2.535
[ft-mun] ep1 b8660 loss=2.446
[ft-mun] ep1 b8680 loss=2.557
[ft-mun] ep1 b8700 loss=3.944
[ft-mun] ep1 b8720 loss=3.673
[ft-mun] ep1 b8740 loss=2.247
[ft-mun] ep1 b8760 loss=2.156
[ft-mun] ep1 b8780 loss=4.342
[ft-mun] ep1 b8800 loss=2.240
[ft-mun] ep1 b8820 loss=4.794
[ft-mun] ep1 b8840 loss=2.270
[ft-mun] ep1 b8860 loss=5.161
[ft-mun] ep1 b8880 loss=2.567
[ft-mun] ep1 b8900 loss=2.446
[ft-mun] ep1 b8920 loss=4.357
[ft-mun] ep1 b8940 loss=2.364
[ft-mun] ep1 b8960 loss=1.935
[ft-mun] ep1 b8980 loss=4.074
[ft-mun] ep1 b9000 loss=2.057
[ft-mun] ep1 b9020 loss=2.264
[ft-mun] ep1 b9040 loss=3.079
[ft-mun] ep1 b9060 loss=1.987
[ft-mun] ep1 b9080 loss=3.257
[ft-mun] ep1 b9100 loss=2.634
[ft-mun] ep1 b9120 loss=2.306
[ft-mun] ep1 b9140 loss=2.164
[ft-mun] ep1 b9160 loss=3.957
[ft-mun] ep1 b9180 loss=2.446
[ft-mun] ep1 b9200 loss=2.248
[ft-mun] ep1 b9220 loss=3.493
[ft-mun] ep1 b9240 loss=1.955
[ft-mun] ep1 b9260 loss=2.960
[ft-mun] ep1 b9280 loss=2.726
[ft-mun] ep1 b9300 loss=2.244
[ft-mun] ep1 b9320 loss=4.403
[ft-mun] ep1 b9340 loss=2.784
[ft-mun] ep1 b9360 loss=4.505
[ft-mun] ep1 b9380 loss=2.364
[ft-mun] ep1 b9400 loss=3.783
[ft-mun] ep1 b9420 loss=2.236
[ft-mun] ep1 b9440 loss=4.622
[ft-mun] ep1 b9460 loss=3.097
[ft-mun] ep1 b9480 loss=2.196
[ft-mun] ep1 b9500 loss=3.516
[ft-mun] ep1 b9520 loss=2.299
[ft-mun] ep1 b9540 loss=4.314
[ft-mun] ep1 b9560 loss=3.555
[ft-mun] ep1 b9580 loss=2.770
[ft-mun] ep1 b9600 loss=2.217
[ft-mun] ep1 b9620 loss=2.636
[ft-mun] ep1 b9640 loss=2.208
[ft-mun] ep1 b9660 loss=3.319
[ft-mun] ep1 b9680 loss=1.908
[ft-mun] ep1 b9700 loss=2.544
[ft-mun] ep1 b9720 loss=2.507
[ft-mun] ep1 b9740 loss=2.723
[ft-mun] ep1 b9760 loss=2.359
[ft-mun] ep1 b9780 loss=2.670
[ft-mun] ep1 b9800 loss=2.376
[ft-mun] ep1 b9820 loss=2.134
[ft-mun] ep1 b9840 loss=2.313
[ft-mun] ep1 b9860 loss=3.265
[ft-mun] ep1 b9880 loss=2.199
[ft-mun] ep1 b9900 loss=2.439
[ft-mun] ep1 b9920 loss=3.526
[ft-mun] ep1 b9940 loss=2.224
[ft-mun] ep1 b9960 loss=3.008
[ft-mun] ep1 b9980 loss=4.753
[ft-mun] ep1 b10000 loss=2.657
[ft-mun] ep1 b10020 loss=3.801
[ft-mun] ep1 b10040 loss=5.148
[ft-mun] ep1 b10060 loss=4.539
[ft-mun] ep1 b10080 loss=2.751
[ft-mun] ep1 b10100 loss=2.040
[ft-mun] ep1 b10120 loss=2.854
[ft-mun] ep1 b10140 loss=2.065
[ft-mun] ep1 b10160 loss=2.189
[ft-mun] ep1 b10180 loss=2.780
[ft-mun] ep1 b10200 loss=2.566
[ft-mun] ep1 b10220 loss=3.641
[ft-mun] ep1 b10240 loss=2.799
[ft-mun] ep1 b10260 loss=3.220
[ft-mun] ep1 b10280 loss=2.882
[ft-mun] ep1 b10300 loss=2.340
[ft-mun] ep1 b10320 loss=4.913
[ft-mun] ep1 b10340 loss=2.664
[ft-mun] ep1 b10360 loss=3.707
[ft-mun] ep1 b10380 loss=3.457
[ft-mun] ep1 b10400 loss=2.108
[ft-mun] ep1 b10420 loss=2.552
[ft-mun] ep1 b10440 loss=4.072
[ft-mun] ep1 b10460 loss=2.186
[ft-mun] ep1 b10480 loss=3.608
[ft-mun] ep1 b10500 loss=2.329
[ft-mun] ep1 b10520 loss=2.381
[ft-mun] ep1 b10540 loss=2.595
[ft-mun] ep1 b10560 loss=4.224
[ft-mun] ep1 b10580 loss=2.002
[ft-mun] ep1 b10600 loss=2.637
[ft-mun] ep1 b10620 loss=3.549
[ft-mun] ep1 b10640 loss=4.982
[ft-mun] ep1 b10660 loss=4.350
[ft-mun] ep1 b10680 loss=3.536
[ft-mun] ep1 b10700 loss=2.267
[ft-mun] ep1 b10720 loss=4.234
[ft-mun] ep1 b10740 loss=5.551
[ft-mun] ep1 b10760 loss=4.236
[ft-mun] ep1 b10780 loss=2.604
[ft-mun] ep1 b10800 loss=3.516
[ft-mun] ep1 b10820 loss=2.321
[ft-mun] ep1 b10840 loss=4.032
[ft-mun] ep1 b10860 loss=5.323
[ft-mun] ep1 b10880 loss=4.767
[ft-mun] ep1 b10900 loss=2.258
[ft-mun] ep1 b10920 loss=2.025
[ft-mun] ep1 b10940 loss=2.589
[ft-mun] ep1 b10960 loss=3.512
[ft-mun] ep1 b10980 loss=2.516
[ft-mun] ep1 b11000 loss=2.351
[ft-mun] ep1 b11020 loss=2.647
[ft-mun] ep1 b11040 loss=2.999
[ft-mun] ep1 b11060 loss=2.060
[ft-mun] ep1 b11080 loss=2.059
[ft-mun] ep1 b11100 loss=2.180
[ft-mun] ep1 b11120 loss=2.677
[ft-mun] ep1 b11140 loss=2.223
[ft-mun] ep1 b11160 loss=2.644
[ft-mun] ep1 b11180 loss=2.631
[ft-mun] ep1 b11200 loss=5.380
[ft-mun] ep1 b11220 loss=4.513
[ft-mun] ep1 b11240 loss=4.051
[ft-mun] ep1 b11260 loss=3.692
[ft-mun] ep1 b11280 loss=3.121
[ft-mun] ep1 b11300 loss=2.863
[ft-mun] ep1 b11320 loss=3.892
[ft-mun] ep1 b11340 loss=4.292
[ft-mun] ep1 b11360 loss=2.558
[ft-mun] ep1 b11380 loss=2.333
[ft-mun] ep1 b11400 loss=2.435
[ft-mun] ep1 b11420 loss=2.526
[ft-mun] ep1 b11440 loss=3.880
[ft-mun] ep1 b11460 loss=2.593
[ft-mun] ep1 b11480 loss=3.353
[ft-mun] ep1 b11500 loss=2.003
[ft-mun] ep1 b11520 loss=2.137
[ft-mun] ep1 b11540 loss=2.963
[ft-mun] ep1 b11560 loss=2.149
[ft-mun] ep1 b11580 loss=3.632
[ft-mun] ep1 b11600 loss=2.697
[ft-mun] ep1 b11620 loss=2.151
[ft-mun] ep1 b11640 loss=2.673
[ft-mun] ep1 b11660 loss=3.238
[ft-mun] ep1 b11680 loss=3.993
[ft-mun] ep1 b11700 loss=3.374
[ft-mun] ep1 b11720 loss=3.294
[ft-mun] ep1 b11740 loss=2.151
[ft-mun] ep1 b11760 loss=2.880
[ft-mun] ep1 b11780 loss=3.544
[ft-mun] ep1 b11800 loss=2.449
[ft-mun] ep1 b11820 loss=2.776
[ft-mun] ep1 b11840 loss=1.955
[ft-mun] ep1 b11860 loss=3.586
[ft-mun] ep1 b11880 loss=3.635
[ft-mun] ep1 b11900 loss=3.160
[ft-mun] ep1 b11920 loss=4.661
[ft-mun] ep1 b11940 loss=2.443
[ft-mun] ep1 b11960 loss=2.294
[ft-mun] ep1 b11980 loss=2.546
[ft-mun] ep1 b12000 loss=2.174
[ft-mun] ep1 b12020 loss=3.710
[ft-mun] ep1 b12040 loss=2.143
[ft-mun] ep1 b12060 loss=2.670
[ft-mun] ep1 b12080 loss=4.369
[ft-mun] ep1 b12100 loss=2.200
[ft-mun] ep1 b12120 loss=4.017
[ft-mun] ep1 b12140 loss=2.066
[ft-mun] ep1 b12160 loss=2.130
[ft-mun] ep1 b12180 loss=4.139
[ft-mun] ep1 b12200 loss=2.477
[ft-mun] ep1 b12220 loss=2.042
[ft-mun] ep1 b12240 loss=2.526
[ft-mun] ep1 b12260 loss=2.239
[ft-mun] ep1 b12280 loss=2.116
[ft-mun] ep1 b12300 loss=2.802
[ft-mun] ep1 b12320 loss=2.506
[ft-mun] ep1 b12340 loss=3.915
[ft-mun] ep1 b12360 loss=2.532
[ft-mun] ep1 b12380 loss=2.043
[ft-mun] ep1 b12400 loss=2.464
[ft-mun] ep1 b12420 loss=3.074
[ft-mun] ep1 b12440 loss=3.082
[ft-mun] ep1 b12460 loss=2.589
[ft-mun] ep1 b12480 loss=2.122
[ft-mun] ep1 b12500 loss=2.586
[ft-mun] ep1 b12520 loss=3.141
[ft-mun] ep1 b12540 loss=4.053
[ft-mun] ep1 b12560 loss=2.965
[ft-mun] ep1 b12580 loss=2.610
[ft-mun] ep1 b12600 loss=3.311
[ft-mun] ep1 b12620 loss=2.179
[ft-mun] ep1 b12640 loss=2.394
[ft-mun] ep1 b12660 loss=2.335
[ft-mun] ep1 b12680 loss=3.030
[ft-mun] ep1 b12700 loss=2.144
[ft-mun] ep1 b12720 loss=2.633
[ft-mun] ep1 b12740 loss=4.580
[ft-mun] ep1 b12760 loss=3.599
[ft-mun] ep1 b12780 loss=1.838
[ft-mun] ep1 b12800 loss=2.507
[ft-mun] ep1 b12820 loss=2.170
[ft-mun] ep1 b12840 loss=2.248
[ft-mun] ep1 b12860 loss=2.367
[ft-mun] ep1 b12880 loss=2.505
[ft-mun] ep1 b12900 loss=3.835
[ft-mun] ep1 b12920 loss=3.810
[ft-mun] ep1 b12940 loss=3.404
[ft-mun] ep1 b12960 loss=2.095
[ft-mun] ep1 b12980 loss=1.953
[ft-mun] ep1 b13000 loss=2.685
[ft-mun] ep1 b13020 loss=3.802
[ft-mun] ep1 b13040 loss=2.808
[ft-mun] ep1 b13060 loss=3.080
[ft-mun] ep1 b13080 loss=1.994
[ft-mun] ep1 b13100 loss=1.995
[ft-mun] ep1 b13120 loss=2.509
[ft-mun] ep1 b13140 loss=2.091
[ft-mun] ep1 b13160 loss=2.527
[ft-mun] ep1 b13180 loss=2.178
[ft-mun] ep1 b13200 loss=3.473
[ft-mun] ep1 b13220 loss=2.787
[ft-mun] ep1 b13240 loss=4.429
[ft-mun] ep1 b13260 loss=2.815
[ft-mun] ep1 b13280 loss=4.145
[ft-mun] ep1 b13300 loss=4.219
[ft-mun] ep1 b13320 loss=3.259
[ft-mun] ep1 b13340 loss=3.193
[ft-mun] ep1 b13360 loss=2.474
[ft-mun] ep1 b13380 loss=2.255
[ft-mun] ep1 b13400 loss=4.154
[ft-mun] ep1 b13420 loss=3.388
[ft-mun] ep1 b13440 loss=2.050
[ft-mun] ep1 b13460 loss=2.310
[ft-mun] ep1 b13480 loss=3.419
[ft-mun] ep1 b13500 loss=3.451
[ft-mun] ep1 b13520 loss=4.027
[ft-mun] ep1 b13540 loss=5.557
[ft-mun] ep1 b13560 loss=2.235
[ft-mun] ep1 b13580 loss=2.943
[ft-mun] ep1 b13600 loss=2.582
[ft-mun] ep1 b13620 loss=3.563
[ft-mun] ep1 b13640 loss=3.562
[ft-mun] ep1 b13660 loss=2.076
[ft-mun] ep1 b13680 loss=2.114
[ft-mun] ep1 b13700 loss=3.930
[ft-mun] ep1 b13720 loss=2.131
[ft-mun] ep1 b13740 loss=2.371
[ft-mun] ep1 b13760 loss=2.850
[ft-mun] ep1 b13780 loss=4.006
[ft-mun] ep1 b13800 loss=2.541
[ft-mun] ep1 b13820 loss=4.458
[ft-mun] ep1 b13840 loss=2.200
[ft-mun] ep1 b13860 loss=2.314
[ft-mun] ep1 b13880 loss=4.118
[ft-mun] ep1 b13900 loss=3.169
[ft-mun] ep1 b13920 loss=4.377
[ft-mun] ep1 b13940 loss=2.388
[ft-mun] ep1 b13960 loss=3.040
[ft-mun] ep1 b13980 loss=2.253
[ft-mun] ep1 b14000 loss=2.415
[ft-mun] ep1 b14020 loss=2.394
[ft-mun] ep1 b14040 loss=2.900
[ft-mun] ep1 b14060 loss=2.197
[ft-mun] ep1 b14080 loss=2.430
[ft-mun] ep1 b14100 loss=2.785
[ft-mun] ep1 b14120 loss=2.187
[ft-mun] ep1 b14140 loss=2.010
[ft-mun] ep1 b14160 loss=2.493
[ft-mun] ep1 b14180 loss=2.136
[ft-mun] ep1 b14200 loss=1.980
[ft-mun] ep1 b14220 loss=2.129
[ft-mun] ep1 b14240 loss=2.098
[ft-mun] ep1 b14260 loss=1.943
[ft-mun] ep1 b14280 loss=3.064
[ft-mun] ep1 b14300 loss=2.518
[ft-mun] ep1 b14320 loss=1.825
[ft-mun] ep1 b14340 loss=4.233
[ft-mun] ep1 b14360 loss=1.938
[ft-mun] ep1 b14380 loss=4.969
[ft-mun] ep1 b14400 loss=3.628
[ft-mun] ep1 b14420 loss=2.295
[ft-mun] ep1 b14440 loss=5.777
[ft-mun] ep1 b14460 loss=2.404
[ft-mun] ep1 b14480 loss=2.525
[ft-mun] ep1 b14500 loss=3.371
[ft-mun] ep1 b14520 loss=2.686
[ft-mun] ep1 b14540 loss=4.026
[ft-mun] ep1 b14560 loss=2.355
[ft-mun] ep1 b14580 loss=4.163
[ft-mun] ep1 b14600 loss=3.037
[ft-mun] ep1 b14620 loss=2.774
[ft-mun] ep1 b14640 loss=2.529
[ft-mun] ep1 b14660 loss=2.211
[ft-mun] ep1 b14680 loss=3.031
[ft-mun] ep1 b14700 loss=4.566
[ft-mun] ep1 b14720 loss=2.491
[ft-mun] ep1 b14740 loss=2.498
[ft-mun] ep1 b14760 loss=2.527
[ft-mun] ep1 b14780 loss=2.974
[ft-mun] ep1 b14800 loss=2.340
[ft-mun] ep1 b14820 loss=2.009
[ft-mun] ep1 b14840 loss=2.263
[ft-mun] ep1 b14860 loss=2.944
[ft-mun] ep1 b14880 loss=3.566
[ft-mun] ep1 b14900 loss=3.654
[ft-mun] ep1 b14920 loss=2.123
[ft-mun] ep1 b14940 loss=3.549
[ft-mun] ep1 b14960 loss=3.382
[ft-mun] ep1 b14980 loss=3.142
[ft-mun] ep1 b15000 loss=2.466
[ft-mun] ep1 b15020 loss=3.572
[ft-mun] ep1 b15040 loss=2.631
[ft-mun] ep1 b15060 loss=1.962
[ft-mun] ep1 b15080 loss=3.283
[ft-mun] ep1 b15100 loss=2.209
[ft-mun] ep1 b15120 loss=4.803
[ft-mun] ep1 b15140 loss=2.290
[ft-mun] ep1 b15160 loss=4.221
[ft-mun] ep1 b15180 loss=2.013
[ft-mun] ep1 b15200 loss=2.392
[ft-mun] ep1 b15220 loss=2.904
[ft-mun] ep1 b15240 loss=2.415
[ft-mun] ep1 b15260 loss=1.859
[ft-mun] ep1 b15280 loss=2.020
[ft-mun] ep1 b15300 loss=2.417
[ft-mun] ep1 b15320 loss=4.294
[ft-mun] ep1 b15340 loss=2.379
[ft-mun] ep1 b15360 loss=3.254
[ft-mun] ep1 b15380 loss=2.419
[ft-mun] ep1 b15400 loss=3.390
[ft-mun] ep1 b15420 loss=2.520
[ft-mun] ep1 b15440 loss=2.481
[ft-mun] ep1 b15460 loss=2.308
[ft-mun] ep1 b15480 loss=3.071
[ft-mun] ep1 b15500 loss=3.941
[ft-mun] ep1 b15520 loss=1.858
[ft-mun] ep1 b15540 loss=3.358
[ft-mun] ep1 b15560 loss=2.356
[ft-mun] ep1 b15580 loss=2.281
[ft-mun] ep1 b15600 loss=2.369
[ft-mun] ep1 b15620 loss=1.997
[ft-mun] ep1 b15640 loss=2.298
[ft-mun] ep1 b15660 loss=3.817
[ft-mun] ep1 b15680 loss=3.349
[ft-mun] ep1 b15700 loss=2.029
[ft-mun] ep1 b15720 loss=2.560
[ft-mun] ep1 b15740 loss=2.150
[ft-mun] ep1 b15760 loss=2.745
[ft-mun] ep1 b15780 loss=4.792
[ft-mun] ep1 b15800 loss=2.827
[ft-mun] ep1 b15820 loss=2.564
[ft-mun] ep1 b15840 loss=3.138
[ft-mun] ep1 b15860 loss=3.575
[ft-mun] ep1 b15880 loss=2.690
[ft-mun] ep1 b15900 loss=2.285
[ft-mun] ep1 b15920 loss=2.317
[ft-mun] ep1 b15940 loss=2.550
[ft-mun] ep1 b15960 loss=2.454
[ft-mun] ep1 b15980 loss=2.560
[ft-mun] ep1 b16000 loss=3.929
[ft-mun] ep1 b16020 loss=2.170
[ft-mun] ep1 b16040 loss=2.063
[ft-mun] ep1 b16060 loss=2.316
[ft-mun] ep1 b16080 loss=2.152
[ft-mun] ep1 b16100 loss=2.260
[ft-mun] ep1 b16120 loss=2.488
[ft-mun] ep1 b16140 loss=2.252
[ft-mun] ep1 b16160 loss=3.124
[ft-mun] ep1 b16180 loss=2.121
[ft-mun] ep1 b16200 loss=3.426
[ft-mun] ep1 b16220 loss=1.868
[ft-mun] ep1 b16240 loss=1.864
[ft-mun] ep1 b16260 loss=2.501
[ft-mun] ep1 b16280 loss=3.303
[ft-mun] ep1 b16300 loss=3.948
[ft-mun] ep1 b16320 loss=2.720
[ft-mun] ep1 b16340 loss=2.906
[ft-mun] ep1 b16360 loss=2.256
[ft-mun] ep1 b16380 loss=2.495
[ft-mun] ep1 b16400 loss=2.933
[ft-mun] ep1 b16420 loss=2.337
[ft-mun] ep1 b16440 loss=2.695
[ft-mun] ep1 b16460 loss=4.240
[ft-mun] ep1 b16480 loss=2.281
[ft-mun] ep1 b16500 loss=2.308
[ft-mun] ep1 b16520 loss=2.192
[ft-mun] ep1 b16540 loss=3.357
[ft-mun] ep1 b16560 loss=2.999
[ft-mun] ep1 b16580 loss=3.360
[ft-mun] ep1 b16600 loss=2.798
[ft-mun] ep1 b16620 loss=2.066
[ft-mun] ep1 b16640 loss=2.254
[ft-mun] ep1 b16660 loss=1.862
[ft-mun] ep1 b16680 loss=2.227
[ft-mun] ep1 b16700 loss=2.593
[ft-mun] ep1 b16720 loss=3.659
[ft-mun] ep1 b16740 loss=2.865
[ft-mun] ep1 b16760 loss=2.220
[ft-mun] ep1 b16780 loss=2.791
[ft-mun] ep1 b16800 loss=3.352
[ft-mun] ep1 b16820 loss=1.899
[ft-mun] ep1 b16840 loss=1.943
[ft-mun] ep1 b16860 loss=2.507
[ft-mun] ep1 b16880 loss=2.151
[ft-mun] ep1 b16900 loss=3.044
[ft-mun] ep1 b16920 loss=2.381
[ft-mun] ep1 b16940 loss=2.251
[ft-mun] ep1 b16960 loss=4.038
[ft-mun] ep1 b16980 loss=3.661
[ft-mun] ep1 b17000 loss=2.390
[ft-mun] ep1 b17020 loss=4.589
[ft-mun] ep1 b17040 loss=3.200
[ft-mun] ep1 b17060 loss=3.739
[ft-mun] ep1 b17080 loss=4.886
[ft-mun] ep1 b17100 loss=2.384
[ft-mun] ep1 b17120 loss=2.000
[ft-mun] ep1 b17140 loss=3.866
[ft-mun] ep1 b17160 loss=2.890
[ft-mun] ep1 b17180 loss=2.848
[ft-mun] ep1 b17200 loss=3.217
[ft-mun] ep1 b17220 loss=2.202
[ft-mun] ep1 b17240 loss=2.198
[ft-mun] ep1 b17260 loss=2.237
[ft-mun] ep1 b17280 loss=4.234
[ft-mun] ep1 b17300 loss=2.239
[ft-mun] ep1 b17320 loss=2.475
[ft-mun] ep1 b17340 loss=2.847
[ft-mun] ep1 b17360 loss=2.160
[ft-mun] ep1 b17380 loss=2.389
[ft-mun] ep1 b17400 loss=3.144
[ft-mun] ep1 b17420 loss=3.399
[ft-mun] ep1 b17440 loss=2.044
[ft-mun] ep1 b17460 loss=2.725
[ft-mun] ep1 b17480 loss=1.916
[ft-mun] ep1 b17500 loss=2.257
[ft-mun] ep1 b17520 loss=2.294
[ft-mun] ep1 b17540 loss=1.995
[ft-mun] ep1 b17560 loss=2.101
[ft-mun] ep1 b17580 loss=5.024
[ft-mun] ep1 b17600 loss=3.331
[ft-mun] ep1 b17620 loss=2.157
[ft-mun] ep1 b17640 loss=1.997
[ft-mun] ep1 b17660 loss=2.230
[ft-mun] ep1 b17680 loss=1.991
[ft-mun] ep1 b17700 loss=2.133
[ft-mun] ep1 b17720 loss=3.396
[ft-mun] ep1 b17740 loss=2.068
[ft-mun] ep1 b17760 loss=3.410
[ft-mun] ep1 b17780 loss=2.433
[ft-mun] ep1 b17800 loss=4.191
[ft-mun] ep1 b17820 loss=3.348
[ft-mun] ep1 b17840 loss=2.397
[ft-mun] ep1 b17860 loss=3.187
[ft-mun] ep1 b17880 loss=2.310
[ft-mun] ep1 b17900 loss=2.741
[ft-mun] ep1 b17920 loss=3.033
[ft-mun] ep1 b17940 loss=2.020
[ft-mun] ep1 b17960 loss=2.131
[ft-mun] ep1 b17980 loss=2.152
[ft-mun] ep1 b18000 loss=1.898
[ft-mun] ep1 b18020 loss=3.444
[ft-mun] ep1 b18040 loss=2.522
[ft-mun] ep1 b18060 loss=3.259
[ft-mun] ep1 b18080 loss=3.650
[ft-mun] ep1 b18100 loss=2.639
[ft-mun] ep1 b18120 loss=1.937
[ft-mun] ep1 b18140 loss=2.163
[ft-mun] ep1 b18160 loss=2.210
[ft-mun] ep1 b18180 loss=2.298
[ft-mun] ep1 b18200 loss=3.989
[ft-mun] ep1 b18220 loss=4.508
[ft-mun] ep1 b18240 loss=2.262
[ft-mun] ep1 b18260 loss=2.527
[ft-mun] ep1 b18280 loss=2.093
[ft-mun] ep1 b18300 loss=2.366
[ft-mun] ep1 b18320 loss=2.163
[ft-mun] ep1 b18340 loss=4.306
[ft-mun] ep1 b18360 loss=3.230
[ft-mun] ep1 b18380 loss=4.017
[ft-mun] ep1 b18400 loss=4.204
[ft-mun] ep1 b18420 loss=2.483
[ft-mun] ep1 b18440 loss=5.202
[ft-mun] ep1 b18460 loss=2.038
[ft-mun] ep1 b18480 loss=3.351
[ft-mun] ep1 b18500 loss=3.692
[ft-mun] ep1 b18520 loss=2.667
[ft-mun] ep1 b18540 loss=2.442
[ft-mun] ep1 b18560 loss=3.514
[ft-mun] ep1 b18580 loss=2.953
[ft-mun] ep1 b18600 loss=2.324
[ft-mun] ep1 b18620 loss=2.658
[ft-mun] ep1 b18640 loss=2.283
[ft-mun] ep1 b18660 loss=2.140
[ft-mun] ep1 b18680 loss=2.719
[ft-mun] ep1 b18700 loss=2.005
[ft-mun] ep1 b18720 loss=3.765
[ft-mun] ep1 b18740 loss=1.949
[ft-mun] ep1 b18760 loss=4.085
[ft-mun] ep1 b18780 loss=2.258
[ft-mun] ep1 b18800 loss=5.072
[ft-mun] ep1 b18820 loss=1.971
[ft-mun] ep1 b18840 loss=2.438
[ft-mun] ep1 b18860 loss=5.374
[ft-mun] ep1 b18880 loss=3.699
[ft-mun] ep1 b18900 loss=2.351
[ft-mun] ep1 b18920 loss=3.331
[ft-mun] ep1 b18940 loss=1.905
[ft-mun] ep1 b18960 loss=1.899
[ft-mun] ep1 b18980 loss=3.047
[ft-mun] ep1 b19000 loss=2.934
[ft-mun] ep1 b19020 loss=3.107
[ft-mun] ep1 b19040 loss=2.654
[ft-mun] ep1 b19060 loss=2.802
[ft-mun] ep1 b19080 loss=3.943
[ft-mun] ep1 b19100 loss=3.723
[ft-mun] ep1 b19120 loss=2.414
[ft-mun] ep1 b19140 loss=3.917
[ft-mun] ep1 b19160 loss=2.554
[ft-mun] ep1 b19180 loss=2.484
[ft-mun] ep1 b19200 loss=4.920
[ft-mun] ep1 b19220 loss=3.549
[ft-mun] ep1 b19240 loss=2.574
[ft-mun] ep1 b19260 loss=1.905
[ft-mun] ep1 b19280 loss=2.536
[ft-mun] ep1 b19300 loss=2.456
[ft-mun] ep1 b19320 loss=3.461
[ft-mun] ep1 b19340 loss=1.749
[ft-mun] ep1 b19360 loss=5.014
[ft-mun] ep1 b19380 loss=3.626
[ft-mun] ep1 b19400 loss=2.877
[ft-mun] ep1 b19420 loss=2.600
[ft-mun] ep1 b19440 loss=2.862
[ft-mun] ep1 b19460 loss=2.372
[ft-mun] ep1 b19480 loss=2.279
[ft-mun] ep1 b19500 loss=3.926
[ft-mun] ep1 b19520 loss=3.643
[ft-mun] ep1 b19540 loss=2.137
[ft-mun] ep1 b19560 loss=2.247
[ft-mun] ep1 b19580 loss=2.965
[ft-mun] ep1 b19600 loss=1.947
[ft-mun] ep1 b19620 loss=2.509
[ft-mun] ep1 b19640 loss=2.155
[ft-mun] ep1 b19660 loss=2.409
[ft-mun] ep1 b19680 loss=3.124
[ft-mun] ep1 b19700 loss=3.957
[ft-mun] ep1 b19720 loss=2.295
[ft-mun] ep1 b19740 loss=3.933
[ft-mun] ep1 b19760 loss=4.338
[ft-mun] ep1 b19780 loss=4.084
[ft-mun] ep1 b19800 loss=1.882
[ft-mun] ep1 b19820 loss=4.694
[ft-mun] ep1 b19840 loss=2.116
[ft-mun] ep1 b19860 loss=2.992
[ft-mun] ep1 b19880 loss=2.248
[ft-mun] ep1 b19900 loss=2.238
[ft-mun] ep1 b19920 loss=4.232
[ft-mun] ep1 b19940 loss=1.967
[ft-mun] ep1 b19960 loss=3.295
[ft-mun] ep1 b19980 loss=2.075
[ft-mun] ep1 b20000 loss=2.283
[ft-mun] ep1 b20020 loss=4.109
[ft-mun] ep1 b20040 loss=2.299
[ft-mun] ep1 b20060 loss=2.082
[ft-mun] ep1 b20080 loss=4.687
[ft-mun] ep1 b20100 loss=2.212
[ft-mun] ep1 b20120 loss=1.900
[ft-mun] ep1 b20140 loss=2.204
[ft-mun] ep1 b20160 loss=4.072
[ft-mun] ep1 b20180 loss=4.449
[ft-mun] ep1 b20200 loss=2.211
[ft-mun] ep1 b20220 loss=4.672
[ft-mun] ep1 b20240 loss=3.222
[ft-mun] ep1 b20260 loss=2.263
[ft-mun] ep1 b20280 loss=3.526
[ft-mun] ep1 b20300 loss=4.123
[ft-mun] ep1 b20320 loss=3.974
[ft-mun] ep1 b20340 loss=1.843
[ft-mun] ep1 b20360 loss=1.984
[ft-mun] ep1 b20380 loss=2.099
[ft-mun] ep1 b20400 loss=2.971
[ft-mun] ep1 b20420 loss=3.311
[ft-mun] ep1 b20440 loss=3.504
[ft-mun] ep1 b20460 loss=2.647
[ft-mun] ep1 b20480 loss=3.047
[ft-mun] ep1 b20500 loss=2.167
[ft-mun] ep1 b20520 loss=1.931
[ft-mun] ep1 b20540 loss=5.057
[ft-mun] ep1 b20560 loss=2.476
[ft-mun] ep1 b20580 loss=2.532
[ft-mun] ep1 b20600 loss=2.411
[ft-mun] ep1 b20620 loss=3.175
[ft-mun] ep1 b20640 loss=2.180
[ft-mun] ep1 b20660 loss=2.117
[ft-mun] ep1 b20680 loss=2.009
[ft-mun] ep1 b20700 loss=2.262
[ft-mun] ep1 b20720 loss=2.268
[ft-mun] ep1 b20740 loss=1.903
[ft-mun] ep1 b20760 loss=4.679
[ft-mun] ep1 b20780 loss=2.286
[ft-mun] ep1 b20800 loss=2.560
[ft-mun] ep1 b20820 loss=2.200
[ft-mun] ep1 b20840 loss=2.250
[ft-mun] ep1 b20860 loss=2.011
[ft-mun] ep1 b20880 loss=4.771
[ft-mun] ep1 b20900 loss=2.795
[ft-mun] ep1 b20920 loss=2.596
[ft-mun] ep1 b20940 loss=3.709
[ft-mun] ep1 b20960 loss=2.571
[ft-mun] ep1 b20980 loss=2.512
[ft-mun] ep1 b21000 loss=3.710
[ft-mun] ep1 b21020 loss=2.050
[ft-mun] ep1 b21040 loss=4.233
[ft-mun] ep1 b21060 loss=2.536
[ft-mun] ep1 b21080 loss=3.437
[ft-mun] ep1 b21100 loss=2.058
[ft-mun] ep1 b21120 loss=2.336
[ft-mun] ep1 b21140 loss=1.867
[ft-mun] ep1 b21160 loss=3.433
[ft-mun] ep1 b21180 loss=3.760
[ft-mun] ep1 b21200 loss=3.583
[ft-mun] ep1 b21220 loss=3.985
[ft-mun] ep1 b21240 loss=2.434
[ft-mun] ep1 b21260 loss=2.120
[ft-mun] ep1 b21280 loss=2.048
[ft-mun] ep1 b21300 loss=2.028
[ft-mun] ep1 b21320 loss=2.139
[ft-mun] ep1 b21340 loss=3.331
[ft-mun] ep1 b21360 loss=3.632
[ft-mun] ep1 b21380 loss=1.983
[ft-mun] ep1 b21400 loss=2.789
[ft-mun] ep1 b21420 loss=1.871
[ft-mun] ep1 b21440 loss=2.704
[ft-mun] ep1 b21460 loss=2.926
[ft-mun] ep1 b21480 loss=1.857
[ft-mun] ep1 b21500 loss=3.837
[ft-mun] ep1 b21520 loss=3.945
[ft-mun] ep1 b21540 loss=3.529
[ft-mun] ep1 b21560 loss=2.493
[ft-mun] ep1 b21580 loss=2.483
[ft-mun] ep1 b21600 loss=3.595
[ft-mun] ep1 b21620 loss=1.947
[ft-mun] ep1 b21640 loss=2.096
[ft-mun] ep1 b21660 loss=2.248
[ft-mun] ep1 b21680 loss=2.178
[ft-mun] ep1 b21700 loss=3.024
[ft-mun] ep1 b21720 loss=2.218
[ft-mun] ep1 b21740 loss=4.154
[ft-mun] ep1 b21760 loss=2.008
[ft-mun] ep1 b21780 loss=3.105
[ft-mun] ep1 b21800 loss=3.729
[ft-mun] ep1 b21820 loss=3.787
[ft-mun] ep1 b21840 loss=2.447
[ft-mun] ep1 b21860 loss=2.247
[ft-mun] ep1 b21880 loss=2.710
[ft-mun] ep1 b21900 loss=3.776
[ft-mun] ep1 b21920 loss=1.964
[ft-mun] ep1 b21940 loss=2.352
[ft-mun] ep1 b21960 loss=1.905
[ft-mun] ep1 b21980 loss=2.411
[ft-mun] ep1 b22000 loss=3.074
[ft-mun] ep1 b22020 loss=2.852
[ft-mun] ep1 b22040 loss=2.044
[ft-mun] ep1 b22060 loss=4.144
[ft-mun] ep1 b22080 loss=3.272
[ft-mun] ep1 b22100 loss=2.093
[ft-mun] ep1 b22120 loss=2.216
[ft-mun] ep1 b22140 loss=4.406
[ft-mun] ep1 b22160 loss=3.924
[ft-mun] ep1 b22180 loss=1.869
[ft-mun] ep1 b22200 loss=2.593
[ft-mun] ep1 b22220 loss=3.744
[ft-mun] ep1 b22240 loss=1.911
[ft-mun] ep1 b22260 loss=2.310
[ft-mun] ep1 b22280 loss=2.429
[ft-mun] ep1 b22300 loss=3.720
[ft-mun] ep1 b22320 loss=2.129
[ft-mun] ep1 b22340 loss=2.824
[ft-mun] ep1 b22360 loss=3.730
[ft-mun] ep1 b22380 loss=2.050
[ft-mun] ep1 b22400 loss=2.069
[ft-mun] ep1 b22420 loss=3.052
[ft-mun] ep1 b22440 loss=3.179
[ft-mun] ep1 b22460 loss=4.508
[ft-mun] ep1 b22480 loss=2.770
[ft-mun] ep1 b22500 loss=3.823
/home/clutch/Desktop/Vachak/ml/translation/scripts/finetune_mundari.py:221: FutureWarning: `torch.cuda.amp.autocast(args...)` is deprecated. Please use `torch.amp.autocast('cuda', args...)` instead.
  with torch.cuda.amp.autocast(dtype=torch.float16):
[ft-mun] ep1 train_loss=2.878 dev_loss=2.818
[ft-mun] ep2 b0 loss=4.249
[ft-mun] ep2 b20 loss=2.514
[ft-mun] ep2 b40 loss=3.341
[ft-mun] ep2 b60 loss=1.778
[ft-mun] ep2 b80 loss=3.247
[ft-mun] ep2 b100 loss=2.087
[ft-mun] ep2 b120 loss=2.430
[ft-mun] ep2 b140 loss=2.294
[ft-mun] ep2 b160 loss=4.622
[ft-mun] ep2 b180 loss=2.428
[ft-mun] ep2 b200 loss=2.377
[ft-mun] ep2 b220 loss=4.433
[ft-mun] ep2 b240 loss=3.097
[ft-mun] ep2 b260 loss=2.178
[ft-mun] ep2 b280 loss=3.269
[ft-mun] ep2 b300 loss=4.107
[ft-mun] ep2 b320 loss=2.558
[ft-mun] ep2 b340 loss=4.765
[ft-mun] ep2 b360 loss=2.147
[ft-mun] ep2 b380 loss=2.367
[ft-mun] ep2 b400 loss=3.982
[ft-mun] ep2 b420 loss=2.474
[ft-mun] ep2 b440 loss=3.656
[ft-mun] ep2 b460 loss=2.528
[ft-mun] ep2 b480 loss=2.182
[ft-mun] ep2 b500 loss=2.298
[ft-mun] ep2 b520 loss=3.001
[ft-mun] ep2 b540 loss=2.495
[ft-mun] ep2 b560 loss=1.852
[ft-mun] ep2 b580 loss=2.237
[ft-mun] ep2 b600 loss=4.407
[ft-mun] ep2 b620 loss=3.636
[ft-mun] ep2 b640 loss=2.119
[ft-mun] ep2 b660 loss=3.285
[ft-mun] ep2 b680 loss=3.909
[ft-mun] ep2 b700 loss=3.536
[ft-mun] ep2 b720 loss=3.782
[ft-mun] ep2 b740 loss=2.718
[ft-mun] ep2 b760 loss=2.347
[ft-mun] ep2 b780 loss=2.103
[ft-mun] ep2 b800 loss=3.235
[ft-mun] ep2 b820 loss=3.295
[ft-mun] ep2 b840 loss=2.487
[ft-mun] ep2 b860 loss=2.264
[ft-mun] ep2 b880 loss=3.909
[ft-mun] ep2 b900 loss=4.192
[ft-mun] ep2 b920 loss=2.200
[ft-mun] ep2 b940 loss=1.777
[ft-mun] ep2 b960 loss=2.125
[ft-mun] ep2 b980 loss=2.095
[ft-mun] ep2 b1000 loss=1.866
[ft-mun] ep2 b1020 loss=2.893
[ft-mun] ep2 b1040 loss=3.062
[ft-mun] ep2 b1060 loss=4.821
[ft-mun] ep2 b1080 loss=2.385
[ft-mun] ep2 b1100 loss=2.372
[ft-mun] ep2 b1120 loss=2.247
[ft-mun] ep2 b1140 loss=3.854
[ft-mun] ep2 b1160 loss=3.179
[ft-mun] ep2 b1180 loss=2.938
[ft-mun] ep2 b1200 loss=2.472
[ft-mun] ep2 b1220 loss=2.378
[ft-mun] ep2 b1240 loss=2.244
[ft-mun] ep2 b1260 loss=3.462
[ft-mun] ep2 b1280 loss=2.245
[ft-mun] ep2 b1300 loss=2.596
[ft-mun] ep2 b1320 loss=1.848
[ft-mun] ep2 b1340 loss=2.152
[ft-mun] ep2 b1360 loss=2.443
[ft-mun] ep2 b1380 loss=1.991
[ft-mun] ep2 b1400 loss=2.445
[ft-mun] ep2 b1420 loss=2.833
[ft-mun] ep2 b1440 loss=2.728
[ft-mun] ep2 b1460 loss=2.523
[ft-mun] ep2 b1480 loss=5.045
[ft-mun] ep2 b1500 loss=2.664
[ft-mun] ep2 b1520 loss=2.424
[ft-mun] ep2 b1540 loss=3.603
[ft-mun] ep2 b1560 loss=2.152
[ft-mun] ep2 b1580 loss=4.899
[ft-mun] ep2 b1600 loss=2.773
[ft-mun] ep2 b1620 loss=2.770
[ft-mun] ep2 b1640 loss=2.886
[ft-mun] ep2 b1660 loss=2.339
[ft-mun] ep2 b1680 loss=4.534
[ft-mun] ep2 b1700 loss=2.584
[ft-mun] ep2 b1720 loss=2.107
[ft-mun] ep2 b1740 loss=2.397
[ft-mun] ep2 b1760 loss=4.423
[ft-mun] ep2 b1780 loss=2.441
[ft-mun] ep2 b1800 loss=3.566
[ft-mun] ep2 b1820 loss=4.276
[ft-mun] ep2 b1840 loss=2.317
[ft-mun] ep2 b1860 loss=2.103
[ft-mun] ep2 b1880 loss=2.232
[ft-mun] ep2 b1900 loss=2.176
[ft-mun] ep2 b1920 loss=2.635
[ft-mun] ep2 b1940 loss=4.387
[ft-mun] ep2 b1960 loss=2.402
[ft-mun] ep2 b1980 loss=2.133
[ft-mun] ep2 b2000 loss=4.611
[ft-mun] ep2 b2020 loss=2.474
[ft-mun] ep2 b2040 loss=2.619
[ft-mun] ep2 b2060 loss=2.112
[ft-mun] ep2 b2080 loss=3.602
[ft-mun] ep2 b2100 loss=2.119
[ft-mun] ep2 b2120 loss=2.235
[ft-mun] ep2 b2140 loss=1.797
[ft-mun] ep2 b2160 loss=2.184
[ft-mun] ep2 b2180 loss=2.753
[ft-mun] ep2 b2200 loss=2.609
[ft-mun] ep2 b2220 loss=1.901
[ft-mun] ep2 b2240 loss=2.277
[ft-mun] ep2 b2260 loss=2.716
[ft-mun] ep2 b2280 loss=1.975
[ft-mun] ep2 b2300 loss=4.874
[ft-mun] ep2 b2320 loss=2.426
[ft-mun] ep2 b2340 loss=1.921
[ft-mun] ep2 b2360 loss=2.752
[ft-mun] ep2 b2380 loss=2.749
[ft-mun] ep2 b2400 loss=2.454
[ft-mun] ep2 b2420 loss=2.281
[ft-mun] ep2 b2440 loss=2.337
[ft-mun] ep2 b2460 loss=1.865
[ft-mun] ep2 b2480 loss=2.105
[ft-mun] ep2 b2500 loss=1.840
[ft-mun] ep2 b2520 loss=2.227
[ft-mun] ep2 b2540 loss=2.660
[ft-mun] ep2 b2560 loss=1.900
[ft-mun] ep2 b2580 loss=3.243
[ft-mun] ep2 b2600 loss=2.231
[ft-mun] ep2 b2620 loss=4.280
[ft-mun] ep2 b2640 loss=3.173
[ft-mun] ep2 b2660 loss=4.384
[ft-mun] ep2 b2680 loss=3.003
[ft-mun] ep2 b2700 loss=1.941
[ft-mun] ep2 b2720 loss=4.345
[ft-mun] ep2 b2740 loss=2.536
[ft-mun] ep2 b2760 loss=2.147
[ft-mun] ep2 b2780 loss=1.780
[ft-mun] ep2 b2800 loss=2.088
[ft-mun] ep2 b2820 loss=2.819
[ft-mun] ep2 b2840 loss=4.741
[ft-mun] ep2 b2860 loss=2.185
[ft-mun] ep2 b2880 loss=2.198
[ft-mun] ep2 b2900 loss=2.438
[ft-mun] ep2 b2920 loss=3.606
[ft-mun] ep2 b2940 loss=2.883
[ft-mun] ep2 b2960 loss=3.818
[ft-mun] ep2 b2980 loss=3.889
[ft-mun] ep2 b3000 loss=2.517
[ft-mun] ep2 b3020 loss=3.737
[ft-mun] ep2 b3040 loss=3.095
[ft-mun] ep2 b3060 loss=1.914
[ft-mun] ep2 b3080 loss=2.535
[ft-mun] ep2 b3100 loss=2.537
[ft-mun] ep2 b3120 loss=2.224
[ft-mun] ep2 b3140 loss=3.475
[ft-mun] ep2 b3160 loss=2.237
[ft-mun] ep2 b3180 loss=2.583
[ft-mun] ep2 b3200 loss=2.645
[ft-mun] ep2 b3220 loss=2.123
[ft-mun] ep2 b3240 loss=2.523
[ft-mun] ep2 b3260 loss=2.431
[ft-mun] ep2 b3280 loss=2.006
[ft-mun] ep2 b3300 loss=3.852
[ft-mun] ep2 b3320 loss=2.419
[ft-mun] ep2 b3340 loss=3.550
[ft-mun] ep2 b3360 loss=2.255
[ft-mun] ep2 b3380 loss=1.778
[ft-mun] ep2 b3400 loss=2.258
[ft-mun] ep2 b3420 loss=2.266
[ft-mun] ep2 b3440 loss=2.431
[ft-mun] ep2 b3460 loss=2.507
[ft-mun] ep2 b3480 loss=2.739
[ft-mun] ep2 b3500 loss=2.637
[ft-mun] ep2 b3520 loss=3.729
[ft-mun] ep2 b3540 loss=3.373
[ft-mun] ep2 b3560 loss=4.820
[ft-mun] ep2 b3580 loss=3.780
[ft-mun] ep2 b3600 loss=4.888
[ft-mun] ep2 b3620 loss=3.154
[ft-mun] ep2 b3640 loss=1.827
[ft-mun] ep2 b3660 loss=4.454
[ft-mun] ep2 b3680 loss=4.260
[ft-mun] ep2 b3700 loss=2.021
[ft-mun] ep2 b3720 loss=4.608
[ft-mun] ep2 b3740 loss=2.228
[ft-mun] ep2 b3760 loss=2.524
[ft-mun] ep2 b3780 loss=2.069
[ft-mun] ep2 b3800 loss=2.268
[ft-mun] ep2 b3820 loss=2.687
[ft-mun] ep2 b3840 loss=2.478
[ft-mun] ep2 b3860 loss=4.281
[ft-mun] ep2 b3880 loss=2.413
[ft-mun] ep2 b3900 loss=5.286
[ft-mun] ep2 b3920 loss=2.205
[ft-mun] ep2 b3940 loss=3.021
[ft-mun] ep2 b3960 loss=3.685
[ft-mun] ep2 b3980 loss=2.907
[ft-mun] ep2 b4000 loss=2.420
[ft-mun] ep2 b4020 loss=3.334
[ft-mun] ep2 b4040 loss=2.799
[ft-mun] ep2 b4060 loss=2.331
[ft-mun] ep2 b4080 loss=2.573
[ft-mun] ep2 b4100 loss=5.005
[ft-mun] ep2 b4120 loss=2.206
[ft-mun] ep2 b4140 loss=1.987
[ft-mun] ep2 b4160 loss=2.134
[ft-mun] ep2 b4180 loss=2.097
[ft-mun] ep2 b4200 loss=2.541
[ft-mun] ep2 b4220 loss=2.918
[ft-mun] ep2 b4240 loss=2.152
[ft-mun] ep2 b4260 loss=2.888
[ft-mun] ep2 b4280 loss=2.576
[ft-mun] ep2 b4300 loss=2.670
[ft-mun] ep2 b4320 loss=2.684
[ft-mun] ep2 b4340 loss=2.650
[ft-mun] ep2 b4360 loss=2.228
[ft-mun] ep2 b4380 loss=2.232
[ft-mun] ep2 b4400 loss=3.133
[ft-mun] ep2 b4420 loss=2.947
[ft-mun] ep2 b4440 loss=3.808
[ft-mun] ep2 b4460 loss=2.632
[ft-mun] ep2 b4480 loss=3.260
[ft-mun] ep2 b4500 loss=1.942
[ft-mun] ep2 b4520 loss=2.132
[ft-mun] ep2 b4540 loss=2.572
[ft-mun] ep2 b4560 loss=1.879
[ft-mun] ep2 b4580 loss=3.104
[ft-mun] ep2 b4600 loss=2.567
[ft-mun] ep2 b4620 loss=2.151
[ft-mun] ep2 b4640 loss=2.436
[ft-mun] ep2 b4660 loss=2.267
[ft-mun] ep2 b4680 loss=4.814
[ft-mun] ep2 b4700 loss=2.342
[ft-mun] ep2 b4720 loss=3.544
[ft-mun] ep2 b4740 loss=3.475
[ft-mun] ep2 b4760 loss=1.892
[ft-mun] ep2 b4780 loss=2.336
[ft-mun] ep2 b4800 loss=2.936
[ft-mun] ep2 b4820 loss=2.829
[ft-mun] ep2 b4840 loss=4.314
[ft-mun] ep2 b4860 loss=2.195
[ft-mun] ep2 b4880 loss=2.422
[ft-mun] ep2 b4900 loss=2.298
[ft-mun] ep2 b4920 loss=3.493
[ft-mun] ep2 b4940 loss=2.044
[ft-mun] ep2 b4960 loss=2.518
[ft-mun] ep2 b4980 loss=2.403
[ft-mun] ep2 b5000 loss=2.216
[ft-mun] ep2 b5020 loss=2.438
[ft-mun] ep2 b5040 loss=3.051
[ft-mun] ep2 b5060 loss=2.399
[ft-mun] ep2 b5080 loss=4.021
[ft-mun] ep2 b5100 loss=1.919
[ft-mun] ep2 b5120 loss=2.871
[ft-mun] ep2 b5140 loss=2.241
[ft-mun] ep2 b5160 loss=2.880
[ft-mun] ep2 b5180 loss=2.361
[ft-mun] ep2 b5200 loss=2.233
[ft-mun] ep2 b5220 loss=2.482
[ft-mun] ep2 b5240 loss=2.256
[ft-mun] ep2 b5260 loss=2.043
[ft-mun] ep2 b5280 loss=3.697
[ft-mun] ep2 b5300 loss=1.888
[ft-mun] ep2 b5320 loss=2.323
[ft-mun] ep2 b5340 loss=3.781
[ft-mun] ep2 b5360 loss=2.209
[ft-mun] ep2 b5380 loss=2.066
[ft-mun] ep2 b5400 loss=2.743
[ft-mun] ep2 b5420 loss=2.686
[ft-mun] ep2 b5440 loss=2.328
[ft-mun] ep2 b5460 loss=2.558
[ft-mun] ep2 b5480 loss=2.471
[ft-mun] ep2 b5500 loss=1.800
[ft-mun] ep2 b5520 loss=3.295
[ft-mun] ep2 b5540 loss=2.049
[ft-mun] ep2 b5560 loss=2.456
[ft-mun] ep2 b5580 loss=2.107
[ft-mun] ep2 b5600 loss=3.292
[ft-mun] ep2 b5620 loss=3.643
[ft-mun] ep2 b5640 loss=2.386
[ft-mun] ep2 b5660 loss=2.040
[ft-mun] ep2 b5680 loss=2.219
[ft-mun] ep2 b5700 loss=1.923
[ft-mun] ep2 b5720 loss=2.486
[ft-mun] ep2 b5740 loss=2.384
[ft-mun] ep2 b5760 loss=4.408
[ft-mun] ep2 b5780 loss=2.288
[ft-mun] ep2 b5800 loss=3.107
[ft-mun] ep2 b5820 loss=2.108
[ft-mun] ep2 b5840 loss=4.083
[ft-mun] ep2 b5860 loss=2.351
[ft-mun] ep2 b5880 loss=2.263
[ft-mun] ep2 b5900 loss=2.476
[ft-mun] ep2 b5920 loss=2.204
[ft-mun] ep2 b5940 loss=2.268
[ft-mun] ep2 b5960 loss=2.777
[ft-mun] ep2 b5980 loss=3.633
[ft-mun] ep2 b6000 loss=4.422
[ft-mun] ep2 b6020 loss=3.540
[ft-mun] ep2 b6040 loss=2.840
[ft-mun] ep2 b6060 loss=1.899
[ft-mun] ep2 b6080 loss=1.959
[ft-mun] ep2 b6100 loss=3.557
[ft-mun] ep2 b6120 loss=2.267
[ft-mun] ep2 b6140 loss=1.897
[ft-mun] ep2 b6160 loss=2.493
[ft-mun] ep2 b6180 loss=2.557
[ft-mun] ep2 b6200 loss=3.883
[ft-mun] ep2 b6220 loss=2.723
[ft-mun] ep2 b6240 loss=4.896
[ft-mun] ep2 b6260 loss=1.943
[ft-mun] ep2 b6280 loss=3.704
[ft-mun] ep2 b6300 loss=2.719
[ft-mun] ep2 b6320 loss=1.872
[ft-mun] ep2 b6340 loss=2.542
[ft-mun] ep2 b6360 loss=3.291
[ft-mun] ep2 b6380 loss=3.550
[ft-mun] ep2 b6400 loss=2.265
[ft-mun] ep2 b6420 loss=2.983
[ft-mun] ep2 b6440 loss=3.738
[ft-mun] ep2 b6460 loss=2.321
[ft-mun] ep2 b6480 loss=1.823
[ft-mun] ep2 b6500 loss=2.868
[ft-mun] ep2 b6520 loss=2.262
[ft-mun] ep2 b6540 loss=2.212
[ft-mun] ep2 b6560 loss=4.591
[ft-mun] ep2 b6580 loss=2.269
[ft-mun] ep2 b6600 loss=3.371
[ft-mun] ep2 b6620 loss=4.395
[ft-mun] ep2 b6640 loss=2.211
[ft-mun] ep2 b6660 loss=4.144
[ft-mun] ep2 b6680 loss=3.181
[ft-mun] ep2 b6700 loss=2.354
[ft-mun] ep2 b6720 loss=4.328
[ft-mun] ep2 b6740 loss=2.399
[ft-mun] ep2 b6760 loss=3.438
[ft-mun] ep2 b6780 loss=4.803
[ft-mun] ep2 b6800 loss=2.200
[ft-mun] ep2 b6820 loss=2.682
[ft-mun] ep2 b6840 loss=3.684
[ft-mun] ep2 b6860 loss=2.463
[ft-mun] ep2 b6880 loss=2.093
[ft-mun] ep2 b6900 loss=4.156
[ft-mun] ep2 b6920 loss=3.630
[ft-mun] ep2 b6940 loss=3.471
[ft-mun] ep2 b6960 loss=2.769
[ft-mun] ep2 b6980 loss=2.225
[ft-mun] ep2 b7000 loss=1.986
[ft-mun] ep2 b7020 loss=2.405
[ft-mun] ep2 b7040 loss=3.779
[ft-mun] ep2 b7060 loss=2.497
[ft-mun] ep2 b7080 loss=2.412
[ft-mun] ep2 b7100 loss=3.911
[ft-mun] ep2 b7120 loss=2.581
[ft-mun] ep2 b7140 loss=2.346
[ft-mun] ep2 b7160 loss=2.868
[ft-mun] ep2 b7180 loss=2.580
[ft-mun] ep2 b7200 loss=2.292
[ft-mun] ep2 b7220 loss=4.985
[ft-mun] ep2 b7240 loss=2.473
[ft-mun] ep2 b7260 loss=3.824
[ft-mun] ep2 b7280 loss=3.689
[ft-mun] ep2 b7300 loss=3.313
[ft-mun] ep2 b7320 loss=4.534
[ft-mun] ep2 b7340 loss=2.392
[ft-mun] ep2 b7360 loss=3.019
[ft-mun] ep2 b7380 loss=2.370
[ft-mun] ep2 b7400 loss=4.023
[ft-mun] ep2 b7420 loss=2.262
[ft-mun] ep2 b7440 loss=4.110
[ft-mun] ep2 b7460 loss=4.179
[ft-mun] ep2 b7480 loss=2.105
[ft-mun] ep2 b7500 loss=3.278
[ft-mun] ep2 b7520 loss=3.230
[ft-mun] ep2 b7540 loss=2.080
[ft-mun] ep2 b7560 loss=4.336
[ft-mun] ep2 b7580 loss=3.153
[ft-mun] ep2 b7600 loss=2.005
[ft-mun] ep2 b7620 loss=2.211
[ft-mun] ep2 b7640 loss=3.018
[ft-mun] ep2 b7660 loss=4.475
[ft-mun] ep2 b7680 loss=2.489
[ft-mun] ep2 b7700 loss=3.026
[ft-mun] ep2 b7720 loss=2.256
[ft-mun] ep2 b7740 loss=2.049
[ft-mun] ep2 b7760 loss=3.135
[ft-mun] ep2 b7780 loss=2.530
[ft-mun] ep2 b7800 loss=2.612
[ft-mun] ep2 b7820 loss=4.433
[ft-mun] ep2 b7840 loss=4.626
[ft-mun] ep2 b7860 loss=2.238
[ft-mun] ep2 b7880 loss=4.290
[ft-mun] ep2 b7900 loss=3.599
[ft-mun] ep2 b7920 loss=2.088
[ft-mun] ep2 b7940 loss=4.057
[ft-mun] ep2 b7960 loss=2.258
[ft-mun] ep2 b7980 loss=3.231
[ft-mun] ep2 b8000 loss=2.518
[ft-mun] ep2 b8020 loss=1.921
[ft-mun] ep2 b8040 loss=4.689
[ft-mun] ep2 b8060 loss=4.549
[ft-mun] ep2 b8080 loss=2.689
[ft-mun] ep2 b8100 loss=3.575
[ft-mun] ep2 b8120 loss=3.996
[ft-mun] ep2 b8140 loss=3.621
[ft-mun] ep2 b8160 loss=2.808
[ft-mun] ep2 b8180 loss=2.941
[ft-mun] ep2 b8200 loss=2.680
[ft-mun] ep2 b8220 loss=2.517
[ft-mun] ep2 b8240 loss=2.339
[ft-mun] ep2 b8260 loss=3.732
[ft-mun] ep2 b8280 loss=4.800
[ft-mun] ep2 b8300 loss=2.746
[ft-mun] ep2 b8320 loss=2.602
[ft-mun] ep2 b8340 loss=4.201
[ft-mun] ep2 b8360 loss=1.996
[ft-mun] ep2 b8380 loss=1.862
[ft-mun] ep2 b8400 loss=1.882
[ft-mun] ep2 b8420 loss=3.738
[ft-mun] ep2 b8440 loss=2.124
[ft-mun] ep2 b8460 loss=4.267
[ft-mun] ep2 b8480 loss=2.839
[ft-mun] ep2 b8500 loss=3.189
[ft-mun] ep2 b8520 loss=2.644
[ft-mun] ep2 b8540 loss=1.901
[ft-mun] ep2 b8560 loss=4.858
[ft-mun] ep2 b8580 loss=3.405
[ft-mun] ep2 b8600 loss=3.190
[ft-mun] ep2 b8620 loss=2.748
[ft-mun] ep2 b8640 loss=3.860
[ft-mun] ep2 b8660 loss=2.535
[ft-mun] ep2 b8680 loss=2.413
[ft-mun] ep2 b8700 loss=1.803
[ft-mun] ep2 b8720 loss=1.980
[ft-mun] ep2 b8740 loss=2.162
[ft-mun] ep2 b8760 loss=4.401
[ft-mun] ep2 b8780 loss=2.203
[ft-mun] ep2 b8800 loss=1.819
[ft-mun] ep2 b8820 loss=2.624
[ft-mun] ep2 b8840 loss=2.292
[ft-mun] ep2 b8860 loss=2.152
[ft-mun] ep2 b8880 loss=2.140
[ft-mun] ep2 b8900 loss=3.193
[ft-mun] ep2 b8920 loss=2.690
[ft-mun] ep2 b8940 loss=2.067
[ft-mun] ep2 b8960 loss=1.779
[ft-mun] ep2 b8980 loss=2.166
[ft-mun] ep2 b9000 loss=3.112
[ft-mun] ep2 b9020 loss=4.288
[ft-mun] ep2 b9040 loss=2.093
[ft-mun] ep2 b9060 loss=1.994
[ft-mun] ep2 b9080 loss=2.520
[ft-mun] ep2 b9100 loss=2.285
[ft-mun] ep2 b9120 loss=2.414
[ft-mun] ep2 b9140 loss=1.957
[ft-mun] ep2 b9160 loss=2.146
[ft-mun] ep2 b9180 loss=2.694
[ft-mun] ep2 b9200 loss=3.918
[ft-mun] ep2 b9220 loss=2.323
[ft-mun] ep2 b9240 loss=1.881
[ft-mun] ep2 b9260 loss=3.035
[ft-mun] ep2 b9280 loss=1.831
[ft-mun] ep2 b9300 loss=2.623
[ft-mun] ep2 b9320 loss=2.158
[ft-mun] ep2 b9340 loss=3.333
[ft-mun] ep2 b9360 loss=2.768
[ft-mun] ep2 b9380 loss=3.075
[ft-mun] ep2 b9400 loss=3.838
[ft-mun] ep2 b9420 loss=1.957
[ft-mun] ep2 b9440 loss=2.406
[ft-mun] ep2 b9460 loss=2.299
[ft-mun] ep2 b9480 loss=2.589
[ft-mun] ep2 b9500 loss=4.365
[ft-mun] ep2 b9520 loss=2.342
[ft-mun] ep2 b9540 loss=2.162
[ft-mun] ep2 b9560 loss=2.231
[ft-mun] ep2 b9580 loss=2.305
[ft-mun] ep2 b9600 loss=2.813
[ft-mun] ep2 b9620 loss=1.958
[ft-mun] ep2 b9640 loss=2.207
[ft-mun] ep2 b9660 loss=3.830
[ft-mun] ep2 b9680 loss=4.305
[ft-mun] ep2 b9700 loss=2.814
[ft-mun] ep2 b9720 loss=2.306
[ft-mun] ep2 b9740 loss=2.403
[ft-mun] ep2 b9760 loss=3.396
[ft-mun] ep2 b9780 loss=2.516
[ft-mun] ep2 b9800 loss=4.845
[ft-mun] ep2 b9820 loss=4.024
[ft-mun] ep2 b9840 loss=3.088
[ft-mun] ep2 b9860 loss=3.419
[ft-mun] ep2 b9880 loss=2.972
[ft-mun] ep2 b9900 loss=2.568
[ft-mun] ep2 b9920 loss=2.268
[ft-mun] ep2 b9940 loss=3.430
[ft-mun] ep2 b9960 loss=4.268
[ft-mun] ep2 b9980 loss=4.617
[ft-mun] ep2 b10000 loss=2.957
[ft-mun] ep2 b10020 loss=2.934
[ft-mun] ep2 b10040 loss=2.038
[ft-mun] ep2 b10060 loss=2.260
[ft-mun] ep2 b10080 loss=2.829
[ft-mun] ep2 b10100 loss=3.391
[ft-mun] ep2 b10120 loss=2.143
[ft-mun] ep2 b10140 loss=2.104
[ft-mun] ep2 b10160 loss=3.124
[ft-mun] ep2 b10180 loss=2.807
[ft-mun] ep2 b10200 loss=2.326
[ft-mun] ep2 b10220 loss=2.334
[ft-mun] ep2 b10240 loss=2.601
[ft-mun] ep2 b10260 loss=3.129
[ft-mun] ep2 b10280 loss=2.189
[ft-mun] ep2 b10300 loss=2.169
[ft-mun] ep2 b10320 loss=4.314
[ft-mun] ep2 b10340 loss=4.220
[ft-mun] ep2 b10360 loss=3.391
[ft-mun] ep2 b10380 loss=3.248
[ft-mun] ep2 b10400 loss=2.946
[ft-mun] ep2 b10420 loss=2.905
[ft-mun] ep2 b10440 loss=2.067
[ft-mun] ep2 b10460 loss=2.095
[ft-mun] ep2 b10480 loss=3.695
[ft-mun] ep2 b10500 loss=1.814
[ft-mun] ep2 b10520 loss=2.654
[ft-mun] ep2 b10540 loss=2.015
[ft-mun] ep2 b10560 loss=3.719
[ft-mun] ep2 b10580 loss=2.140
[ft-mun] ep2 b10600 loss=2.140
[ft-mun] ep2 b10620 loss=2.438
[ft-mun] ep2 b10640 loss=2.990
[ft-mun] ep2 b10660 loss=3.175
[ft-mun] ep2 b10680 loss=2.867
[ft-mun] ep2 b10700 loss=3.953
[ft-mun] ep2 b10720 loss=2.621
[ft-mun] ep2 b10740 loss=2.644
[ft-mun] ep2 b10760 loss=3.151
[ft-mun] ep2 b10780 loss=2.394
[ft-mun] ep2 b10800 loss=4.064
[ft-mun] ep2 b10820 loss=2.580
[ft-mun] ep2 b10840 loss=3.205
[ft-mun] ep2 b10860 loss=4.664
[ft-mun] ep2 b10880 loss=2.426
[ft-mun] ep2 b10900 loss=3.078
[ft-mun] ep2 b10920 loss=2.020
[ft-mun] ep2 b10940 loss=5.209
[ft-mun] ep2 b10960 loss=1.965
[ft-mun] ep2 b10980 loss=4.110
[ft-mun] ep2 b11000 loss=2.664
[ft-mun] ep2 b11020 loss=2.404
[ft-mun] ep2 b11040 loss=3.661
[ft-mun] ep2 b11060 loss=4.957
[ft-mun] ep2 b11080 loss=2.934
[ft-mun] ep2 b11100 loss=2.060
[ft-mun] ep2 b11120 loss=4.879
[ft-mun] ep2 b11140 loss=3.694
[ft-mun] ep2 b11160 loss=3.172
[ft-mun] ep2 b11180 loss=2.737
[ft-mun] ep2 b11200 loss=3.624
[ft-mun] ep2 b11220 loss=2.300
[ft-mun] ep2 b11240 loss=4.694
[ft-mun] ep2 b11260 loss=2.666
[ft-mun] ep2 b11280 loss=2.377
[ft-mun] ep2 b11300 loss=3.033
[ft-mun] ep2 b11320 loss=3.050
[ft-mun] ep2 b11340 loss=4.005
[ft-mun] ep2 b11360 loss=2.305
[ft-mun] ep2 b11380 loss=1.958
[ft-mun] ep2 b11400 loss=2.095
[ft-mun] ep2 b11420 loss=2.912
[ft-mun] ep2 b11440 loss=2.754
[ft-mun] ep2 b11460 loss=2.709
[ft-mun] ep2 b11480 loss=4.011
[ft-mun] ep2 b11500 loss=4.078
[ft-mun] ep2 b11520 loss=2.598
[ft-mun] ep2 b11540 loss=2.942
[ft-mun] ep2 b11560 loss=2.196
[ft-mun] ep2 b11580 loss=3.097
[ft-mun] ep2 b11600 loss=2.323
[ft-mun] ep2 b11620 loss=2.449
[ft-mun] ep2 b11640 loss=2.456
[ft-mun] ep2 b11660 loss=2.552
[ft-mun] ep2 b11680 loss=2.559
[ft-mun] ep2 b11700 loss=2.908
[ft-mun] ep2 b11720 loss=2.793
[ft-mun] ep2 b11740 loss=4.280
[ft-mun] ep2 b11760 loss=2.780
[ft-mun] ep2 b11780 loss=2.509
[ft-mun] ep2 b11800 loss=1.844
[ft-mun] ep2 b11820 loss=3.125
[ft-mun] ep2 b11840 loss=2.372
[ft-mun] ep2 b11860 loss=2.113
[ft-mun] ep2 b11880 loss=5.348
[ft-mun] ep2 b11900 loss=2.035
[ft-mun] ep2 b11920 loss=3.132
[ft-mun] ep2 b11940 loss=2.491
[ft-mun] ep2 b11960 loss=2.190
[ft-mun] ep2 b11980 loss=2.082
[ft-mun] ep2 b12000 loss=2.639
[ft-mun] ep2 b12020 loss=2.201
[ft-mun] ep2 b12040 loss=2.786
[ft-mun] ep2 b12060 loss=2.291
[ft-mun] ep2 b12080 loss=2.118
[ft-mun] ep2 b12100 loss=3.506
[ft-mun] ep2 b12120 loss=2.388
[ft-mun] ep2 b12140 loss=2.202
[ft-mun] ep2 b12160 loss=1.973
[ft-mun] ep2 b12180 loss=2.530
[ft-mun] ep2 b12200 loss=2.140
[ft-mun] ep2 b12220 loss=2.306
[ft-mun] ep2 b12240 loss=4.942
[ft-mun] ep2 b12260 loss=3.507
[ft-mun] ep2 b12280 loss=3.589
[ft-mun] ep2 b12300 loss=2.737
[ft-mun] ep2 b12320 loss=2.249
[ft-mun] ep2 b12340 loss=2.463
[ft-mun] ep2 b12360 loss=4.620
[ft-mun] ep2 b12380 loss=3.342
[ft-mun] ep2 b12400 loss=1.987
[ft-mun] ep2 b12420 loss=3.223
[ft-mun] ep2 b12440 loss=2.636
[ft-mun] ep2 b12460 loss=3.869
[ft-mun] ep2 b12480 loss=2.381
[ft-mun] ep2 b12500 loss=2.112
[ft-mun] ep2 b12520 loss=3.157
[ft-mun] ep2 b12540 loss=2.243
[ft-mun] ep2 b12560 loss=2.277
[ft-mun] ep2 b12580 loss=2.758
[ft-mun] ep2 b12600 loss=2.449
[ft-mun] ep2 b12620 loss=2.487
[ft-mun] ep2 b12640 loss=4.620
[ft-mun] ep2 b12660 loss=2.043
[ft-mun] ep2 b12680 loss=2.500
[ft-mun] ep2 b12700 loss=5.314
[ft-mun] ep2 b12720 loss=3.212
[ft-mun] ep2 b12740 loss=2.418
[ft-mun] ep2 b12760 loss=2.601
[ft-mun] ep2 b12780 loss=3.896
[ft-mun] ep2 b12800 loss=1.877
[ft-mun] ep2 b12820 loss=4.125
[ft-mun] ep2 b12840 loss=2.177
[ft-mun] ep2 b12860 loss=2.206
[ft-mun] ep2 b12880 loss=2.740
[ft-mun] ep2 b12900 loss=3.701
[ft-mun] ep2 b12920 loss=4.230
[ft-mun] ep2 b12940 loss=2.796
[ft-mun] ep2 b12960 loss=4.425
[ft-mun] ep2 b12980 loss=3.029
[ft-mun] ep2 b13000 loss=2.215
[ft-mun] ep2 b13020 loss=2.410
[ft-mun] ep2 b13040 loss=2.666
[ft-mun] ep2 b13060 loss=2.643
[ft-mun] ep2 b13080 loss=2.631
[ft-mun] ep2 b13100 loss=2.244
[ft-mun] ep2 b13120 loss=4.424
[ft-mun] ep2 b13140 loss=2.435
[ft-mun] ep2 b13160 loss=2.558
[ft-mun] ep2 b13180 loss=4.040
[ft-mun] ep2 b13200 loss=2.227
[ft-mun] ep2 b13220 loss=1.897
[ft-mun] ep2 b13240 loss=2.049
[ft-mun] ep2 b13260 loss=2.261
[ft-mun] ep2 b13280 loss=1.867
[ft-mun] ep2 b13300 loss=2.999
[ft-mun] ep2 b13320 loss=3.721
[ft-mun] ep2 b13340 loss=2.440
[ft-mun] ep2 b13360 loss=3.939
[ft-mun] ep2 b13380 loss=4.607
[ft-mun] ep2 b13400 loss=2.139
[ft-mun] ep2 b13420 loss=2.514
[ft-mun] ep2 b13440 loss=2.536
[ft-mun] ep2 b13460 loss=2.320
[ft-mun] ep2 b13480 loss=1.861
[ft-mun] ep2 b13500 loss=2.467
[ft-mun] ep2 b13520 loss=2.434
[ft-mun] ep2 b13540 loss=2.101
[ft-mun] ep2 b13560 loss=2.106
[ft-mun] ep2 b13580 loss=4.552
[ft-mun] ep2 b13600 loss=2.500
[ft-mun] ep2 b13620 loss=3.527
[ft-mun] ep2 b13640 loss=1.948
[ft-mun] ep2 b13660 loss=2.018
[ft-mun] ep2 b13680 loss=3.050
[ft-mun] ep2 b13700 loss=3.809
[ft-mun] ep2 b13720 loss=1.861
[ft-mun] ep2 b13740 loss=3.770
[ft-mun] ep2 b13760 loss=4.141
[ft-mun] ep2 b13780 loss=2.021
[ft-mun] ep2 b13800 loss=2.087
[ft-mun] ep2 b13820 loss=2.219
[ft-mun] ep2 b13840 loss=2.574
[ft-mun] ep2 b13860 loss=3.780
[ft-mun] ep2 b13880 loss=2.187
[ft-mun] ep2 b13900 loss=2.565
[ft-mun] ep2 b13920 loss=3.586
[ft-mun] ep2 b13940 loss=2.220
[ft-mun] ep2 b13960 loss=3.007
[ft-mun] ep2 b13980 loss=3.437
[ft-mun] ep2 b14000 loss=2.231
[ft-mun] ep2 b14020 loss=2.785
[ft-mun] ep2 b14040 loss=2.882
[ft-mun] ep2 b14060 loss=4.125
[ft-mun] ep2 b14080 loss=2.558
[ft-mun] ep2 b14100 loss=3.520
[ft-mun] ep2 b14120 loss=4.715
[ft-mun] ep2 b14140 loss=2.473
[ft-mun] ep2 b14160 loss=2.589
[ft-mun] ep2 b14180 loss=2.205
[ft-mun] ep2 b14200 loss=3.913
[ft-mun] ep2 b14220 loss=2.086
[ft-mun] ep2 b14240 loss=2.361
[ft-mun] ep2 b14260 loss=2.281
[ft-mun] ep2 b14280 loss=3.480
[ft-mun] ep2 b14300 loss=4.281
[ft-mun] ep2 b14320 loss=2.672
[ft-mun] ep2 b14340 loss=2.217
[ft-mun] ep2 b14360 loss=2.282
[ft-mun] ep2 b14380 loss=2.200
[ft-mun] ep2 b14400 loss=4.057
[ft-mun] ep2 b14420 loss=2.170
[ft-mun] ep2 b14440 loss=3.469
[ft-mun] ep2 b14460 loss=2.921
[ft-mun] ep2 b14480 loss=1.783
[ft-mun] ep2 b14500 loss=2.081
[ft-mun] ep2 b14520 loss=3.137
[ft-mun] ep2 b14540 loss=2.065
[ft-mun] ep2 b14560 loss=2.386
[ft-mun] ep2 b14580 loss=3.243
[ft-mun] ep2 b14600 loss=2.145
[ft-mun] ep2 b14620 loss=3.451
[ft-mun] ep2 b14640 loss=2.539
[ft-mun] ep2 b14660 loss=3.345
[ft-mun] ep2 b14680 loss=5.319
[ft-mun] ep2 b14700 loss=3.979
[ft-mun] ep2 b14720 loss=2.123
[ft-mun] ep2 b14740 loss=2.209
[ft-mun] ep2 b14760 loss=2.239
[ft-mun] ep2 b14780 loss=2.609
[ft-mun] ep2 b14800 loss=3.467
[ft-mun] ep2 b14820 loss=3.036
[ft-mun] ep2 b14840 loss=3.583
[ft-mun] ep2 b14860 loss=3.355
[ft-mun] ep2 b14880 loss=2.036
[ft-mun] ep2 b14900 loss=2.065
[ft-mun] ep2 b14920 loss=2.254
[ft-mun] ep2 b14940 loss=3.190
[ft-mun] ep2 b14960 loss=4.367
[ft-mun] ep2 b14980 loss=1.880
[ft-mun] ep2 b15000 loss=1.858
[ft-mun] ep2 b15020 loss=1.908
[ft-mun] ep2 b15040 loss=2.491
[ft-mun] ep2 b15060 loss=2.366
[ft-mun] ep2 b15080 loss=2.370
[ft-mun] ep2 b15100 loss=2.252
[ft-mun] ep2 b15120 loss=3.368
[ft-mun] ep2 b15140 loss=2.144
[ft-mun] ep2 b15160 loss=2.468
[ft-mun] ep2 b15180 loss=4.488
[ft-mun] ep2 b15200 loss=4.100
[ft-mun] ep2 b15220 loss=3.952
[ft-mun] ep2 b15240 loss=2.323
[ft-mun] ep2 b15260 loss=2.234
[ft-mun] ep2 b15280 loss=2.380
[ft-mun] ep2 b15300 loss=1.971
[ft-mun] ep2 b15320 loss=2.253
[ft-mun] ep2 b15340 loss=4.916
[ft-mun] ep2 b15360 loss=2.932
[ft-mun] ep2 b15380 loss=2.478
[ft-mun] ep2 b15400 loss=2.115
[ft-mun] ep2 b15420 loss=3.507
[ft-mun] ep2 b15440 loss=2.680
[ft-mun] ep2 b15460 loss=3.579
[ft-mun] ep2 b15480 loss=2.039
[ft-mun] ep2 b15500 loss=2.528
[ft-mun] ep2 b15520 loss=2.962
[ft-mun] ep2 b15540 loss=3.948
[ft-mun] ep2 b15560 loss=2.470
[ft-mun] ep2 b15580 loss=2.147
[ft-mun] ep2 b15600 loss=3.566
[ft-mun] ep2 b15620 loss=2.692
[ft-mun] ep2 b15640 loss=3.964
[ft-mun] ep2 b15660 loss=2.883
[ft-mun] ep2 b15680 loss=2.064
[ft-mun] ep2 b15700 loss=4.350
[ft-mun] ep2 b15720 loss=3.628
[ft-mun] ep2 b15740 loss=3.694
[ft-mun] ep2 b15760 loss=4.370
[ft-mun] ep2 b15780 loss=2.698
[ft-mun] ep2 b15800 loss=3.246
[ft-mun] ep2 b15820 loss=3.933
[ft-mun] ep2 b15840 loss=3.616
[ft-mun] ep2 b15860 loss=2.811
[ft-mun] ep2 b15880 loss=1.828
[ft-mun] ep2 b15900 loss=4.454
[ft-mun] ep2 b15920 loss=4.371
[ft-mun] ep2 b15940 loss=2.191
[ft-mun] ep2 b15960 loss=2.266
[ft-mun] ep2 b15980 loss=2.812
[ft-mun] ep2 b16000 loss=3.698
[ft-mun] ep2 b16020 loss=3.763
[ft-mun] ep2 b16040 loss=2.067
[ft-mun] ep2 b16060 loss=2.278
[ft-mun] ep2 b16080 loss=1.829
[ft-mun] ep2 b16100 loss=2.052
[ft-mun] ep2 b16120 loss=2.481
[ft-mun] ep2 b16140 loss=4.212
[ft-mun] ep2 b16160 loss=4.809
[ft-mun] ep2 b16180 loss=2.255
[ft-mun] ep2 b16200 loss=2.937
[ft-mun] ep2 b16220 loss=2.477
[ft-mun] ep2 b16240 loss=2.265
[ft-mun] ep2 b16260 loss=3.833
[ft-mun] ep2 b16280 loss=3.898
[ft-mun] ep2 b16300 loss=2.177
[ft-mun] ep2 b16320 loss=2.076
[ft-mun] ep2 b16340 loss=2.863
[ft-mun] ep2 b16360 loss=3.279
[ft-mun] ep2 b16380 loss=3.422
[ft-mun] ep2 b16400 loss=3.493
[ft-mun] ep2 b16420 loss=2.244
[ft-mun] ep2 b16440 loss=3.225
[ft-mun] ep2 b16460 loss=3.462
[ft-mun] ep2 b16480 loss=4.750
[ft-mun] ep2 b16500 loss=2.864
[ft-mun] ep2 b16520 loss=1.995
[ft-mun] ep2 b16540 loss=2.426
[ft-mun] ep2 b16560 loss=3.671
[ft-mun] ep2 b16580 loss=4.367
[ft-mun] ep2 b16600 loss=3.248
[ft-mun] ep2 b16620 loss=2.270
[ft-mun] ep2 b16640 loss=2.037
[ft-mun] ep2 b16660 loss=2.169
[ft-mun] ep2 b16680 loss=1.895
[ft-mun] ep2 b16700 loss=2.611
[ft-mun] ep2 b16720 loss=2.018
[ft-mun] ep2 b16740 loss=3.965
[ft-mun] ep2 b16760 loss=2.995
[ft-mun] ep2 b16780 loss=2.986
[ft-mun] ep2 b16800 loss=4.154
[ft-mun] ep2 b16820 loss=2.404
[ft-mun] ep2 b16840 loss=2.464
[ft-mun] ep2 b16860 loss=2.542
[ft-mun] ep2 b16880 loss=3.029
[ft-mun] ep2 b16900 loss=2.193
[ft-mun] ep2 b16920 loss=2.495
[ft-mun] ep2 b16940 loss=2.436
[ft-mun] ep2 b16960 loss=4.215
[ft-mun] ep2 b16980 loss=3.255
[ft-mun] ep2 b17000 loss=3.900
[ft-mun] ep2 b17020 loss=2.589
[ft-mun] ep2 b17040 loss=2.250
[ft-mun] ep2 b17060 loss=2.556
[ft-mun] ep2 b17080 loss=3.279
[ft-mun] ep2 b17100 loss=3.751
[ft-mun] ep2 b17120 loss=2.658
[ft-mun] ep2 b17140 loss=2.166
[ft-mun] ep2 b17160 loss=2.639
[ft-mun] ep2 b17180 loss=2.045
[ft-mun] ep2 b17200 loss=3.456
[ft-mun] ep2 b17220 loss=5.820
[ft-mun] ep2 b17240 loss=2.053
[ft-mun] ep2 b17260 loss=3.281
[ft-mun] ep2 b17280 loss=3.312
[ft-mun] ep2 b17300 loss=2.784
[ft-mun] ep2 b17320 loss=2.357
[ft-mun] ep2 b17340 loss=3.209
[ft-mun] ep2 b17360 loss=2.194
[ft-mun] ep2 b17380 loss=1.865
[ft-mun] ep2 b17400 loss=2.382
[ft-mun] ep2 b17420 loss=2.266
[ft-mun] ep2 b17440 loss=2.531
[ft-mun] ep2 b17460 loss=2.872
[ft-mun] ep2 b17480 loss=2.194
[ft-mun] ep2 b17500 loss=2.289
[ft-mun] ep2 b17520 loss=2.485
[ft-mun] ep2 b17540 loss=2.193
[ft-mun] ep2 b17560 loss=2.815
[ft-mun] ep2 b17580 loss=2.635
[ft-mun] ep2 b17600 loss=2.479
[ft-mun] ep2 b17620 loss=2.848
[ft-mun] ep2 b17640 loss=5.071
[ft-mun] ep2 b17660 loss=3.367
[ft-mun] ep2 b17680 loss=3.016
[ft-mun] ep2 b17700 loss=2.223
[ft-mun] ep2 b17720 loss=2.250
[ft-mun] ep2 b17740 loss=2.123
[ft-mun] ep2 b17760 loss=2.220
[ft-mun] ep2 b17780 loss=5.228
[ft-mun] ep2 b17800 loss=2.897
[ft-mun] ep2 b17820 loss=2.482
[ft-mun] ep2 b17840 loss=2.896
[ft-mun] ep2 b17860 loss=3.478
[ft-mun] ep2 b17880 loss=2.201
[ft-mun] ep2 b17900 loss=2.480
[ft-mun] ep2 b17920 loss=2.564
[ft-mun] ep2 b17940 loss=3.174
[ft-mun] ep2 b17960 loss=3.814
[ft-mun] ep2 b17980 loss=3.470
[ft-mun] ep2 b18000 loss=2.540
[ft-mun] ep2 b18020 loss=2.497
[ft-mun] ep2 b18040 loss=2.040
[ft-mun] ep2 b18060 loss=2.559
[ft-mun] ep2 b18080 loss=1.952
[ft-mun] ep2 b18100 loss=3.309
[ft-mun] ep2 b18120 loss=2.383
[ft-mun] ep2 b18140 loss=3.301
[ft-mun] ep2 b18160 loss=2.074
[ft-mun] ep2 b18180 loss=2.211
[ft-mun] ep2 b18200 loss=2.522
[ft-mun] ep2 b18220 loss=3.845
[ft-mun] ep2 b18240 loss=2.695
[ft-mun] ep2 b18260 loss=2.253
[ft-mun] ep2 b18280 loss=3.119
[ft-mun] ep2 b18300 loss=2.653
[ft-mun] ep2 b18320 loss=3.997
[ft-mun] ep2 b18340 loss=3.034
[ft-mun] ep2 b18360 loss=2.726
[ft-mun] ep2 b18380 loss=4.363
[ft-mun] ep2 b18400 loss=1.905
[ft-mun] ep2 b18420 loss=2.931
[ft-mun] ep2 b18440 loss=2.294
[ft-mun] ep2 b18460 loss=4.712
[ft-mun] ep2 b18480 loss=2.207
[ft-mun] ep2 b18500 loss=2.088
[ft-mun] ep2 b18520 loss=2.046
[ft-mun] ep2 b18540 loss=1.918
[ft-mun] ep2 b18560 loss=2.138
[ft-mun] ep2 b18580 loss=4.027
[ft-mun] ep2 b18600 loss=2.210
[ft-mun] ep2 b18620 loss=2.465
[ft-mun] ep2 b18640 loss=3.722
[ft-mun] ep2 b18660 loss=3.707
[ft-mun] ep2 b18680 loss=2.265
[ft-mun] ep2 b18700 loss=3.422
[ft-mun] ep2 b18720 loss=3.083
[ft-mun] ep2 b18740 loss=2.216
[ft-mun] ep2 b18760 loss=3.385
[ft-mun] ep2 b18780 loss=3.716
[ft-mun] ep2 b18800 loss=1.787
[ft-mun] ep2 b18820 loss=2.463
[ft-mun] ep2 b18840 loss=2.219
[ft-mun] ep2 b18860 loss=4.312
[ft-mun] ep2 b18880 loss=2.199
[ft-mun] ep2 b18900 loss=2.451
[ft-mun] ep2 b18920 loss=2.420
[ft-mun] ep2 b18940 loss=2.019
[ft-mun] ep2 b18960 loss=4.656
[ft-mun] ep2 b18980 loss=2.177
[ft-mun] ep2 b19000 loss=2.610
[ft-mun] ep2 b19020 loss=3.263
[ft-mun] ep2 b19040 loss=2.349
[ft-mun] ep2 b19060 loss=2.150
[ft-mun] ep2 b19080 loss=2.459
[ft-mun] ep2 b19100 loss=4.797
[ft-mun] ep2 b19120 loss=2.145
[ft-mun] ep2 b19140 loss=2.324
[ft-mun] ep2 b19160 loss=2.666
[ft-mun] ep2 b19180 loss=2.235
[ft-mun] ep2 b19200 loss=3.403
[ft-mun] ep2 b19220 loss=2.362
[ft-mun] ep2 b19240 loss=1.991
[ft-mun] ep2 b19260 loss=4.253
[ft-mun] ep2 b19280 loss=2.469
[ft-mun] ep2 b19300 loss=3.448
[ft-mun] ep2 b19320 loss=2.087
[ft-mun] ep2 b19340 loss=3.683
[ft-mun] ep2 b19360 loss=3.966
[ft-mun] ep2 b19380 loss=2.674
[ft-mun] ep2 b19400 loss=3.211
[ft-mun] ep2 b19420 loss=2.356
[ft-mun] ep2 b19440 loss=3.507
[ft-mun] ep2 b19460 loss=2.021
[ft-mun] ep2 b19480 loss=3.628
[ft-mun] ep2 b19500 loss=2.212
[ft-mun] ep2 b19520 loss=2.335
[ft-mun] ep2 b19540 loss=2.448
[ft-mun] ep2 b19560 loss=4.053
[ft-mun] ep2 b19580 loss=2.548
[ft-mun] ep2 b19600 loss=2.098
[ft-mun] ep2 b19620 loss=1.924
[ft-mun] ep2 b19640 loss=3.567
[ft-mun] ep2 b19660 loss=2.502
[ft-mun] ep2 b19680 loss=1.988
[ft-mun] ep2 b19700 loss=2.413
[ft-mun] ep2 b19720 loss=2.090
[ft-mun] ep2 b19740 loss=2.971
[ft-mun] ep2 b19760 loss=2.713
[ft-mun] ep2 b19780 loss=4.674
[ft-mun] ep2 b19800 loss=4.740
[ft-mun] ep2 b19820 loss=2.151
[ft-mun] ep2 b19840 loss=4.133
[ft-mun] ep2 b19860 loss=1.989
[ft-mun] ep2 b19880 loss=1.864
[ft-mun] ep2 b19900 loss=2.197
[ft-mun] ep2 b19920 loss=3.227
[ft-mun] ep2 b19940 loss=2.293
[ft-mun] ep2 b19960 loss=3.098
[ft-mun] ep2 b19980 loss=3.122
[ft-mun] ep2 b20000 loss=2.234
[ft-mun] ep2 b20020 loss=3.157
[ft-mun] ep2 b20040 loss=1.944
[ft-mun] ep2 b20060 loss=3.178
[ft-mun] ep2 b20080 loss=3.395
[ft-mun] ep2 b20100 loss=2.021
[ft-mun] ep2 b20120 loss=2.936
[ft-mun] ep2 b20140 loss=4.473
[ft-mun] ep2 b20160 loss=2.483
[ft-mun] ep2 b20180 loss=2.356
[ft-mun] ep2 b20200 loss=2.735
[ft-mun] ep2 b20220 loss=3.092
[ft-mun] ep2 b20240 loss=2.132
[ft-mun] ep2 b20260 loss=3.536
[ft-mun] ep2 b20280 loss=2.105
[ft-mun] ep2 b20300 loss=3.948
[ft-mun] ep2 b20320 loss=3.189
[ft-mun] ep2 b20340 loss=3.789
[ft-mun] ep2 b20360 loss=3.243
[ft-mun] ep2 b20380 loss=2.373
[ft-mun] ep2 b20400 loss=4.320
[ft-mun] ep2 b20420 loss=3.682
[ft-mun] ep2 b20440 loss=3.404
[ft-mun] ep2 b20460 loss=2.205
[ft-mun] ep2 b20480 loss=2.814
[ft-mun] ep2 b20500 loss=2.217
[ft-mun] ep2 b20520 loss=3.300
[ft-mun] ep2 b20540 loss=1.912
[ft-mun] ep2 b20560 loss=4.304
[ft-mun] ep2 b20580 loss=3.506
[ft-mun] ep2 b20600 loss=2.161
[ft-mun] ep2 b20620 loss=2.098
[ft-mun] ep2 b20640 loss=5.253
[ft-mun] ep2 b20660 loss=2.559
[ft-mun] ep2 b20680 loss=2.482
[ft-mun] ep2 b20700 loss=5.118
[ft-mun] ep2 b20720 loss=2.412
[ft-mun] ep2 b20740 loss=2.295
[ft-mun] ep2 b20760 loss=1.957
[ft-mun] ep2 b20780 loss=2.220
[ft-mun] ep2 b20800 loss=2.385
[ft-mun] ep2 b20820 loss=2.464
[ft-mun] ep2 b20840 loss=2.105
[ft-mun] ep2 b20860 loss=2.538
[ft-mun] ep2 b20880 loss=3.572
[ft-mun] ep2 b20900 loss=2.116
[ft-mun] ep2 b20920 loss=2.095
[ft-mun] ep2 b20940 loss=2.218
[ft-mun] ep2 b20960 loss=3.552
[ft-mun] ep2 b20980 loss=2.165
[ft-mun] ep2 b21000 loss=2.579
[ft-mun] ep2 b21020 loss=5.006
[ft-mun] ep2 b21040 loss=2.359
[ft-mun] ep2 b21060 loss=2.204
[ft-mun] ep2 b21080 loss=3.391
[ft-mun] ep2 b21100 loss=2.207
[ft-mun] ep2 b21120 loss=2.676
[ft-mun] ep2 b21140 loss=3.597
[ft-mun] ep2 b21160 loss=2.665
[ft-mun] ep2 b21180 loss=5.428
[ft-mun] ep2 b21200 loss=3.326
[ft-mun] ep2 b21220 loss=3.090
[ft-mun] ep2 b21240 loss=3.813
[ft-mun] ep2 b21260 loss=2.623
[ft-mun] ep2 b21280 loss=2.631
[ft-mun] ep2 b21300 loss=2.501
[ft-mun] ep2 b21320 loss=4.012
[ft-mun] ep2 b21340 loss=2.160
[ft-mun] ep2 b21360 loss=2.146
[ft-mun] ep2 b21380 loss=2.585
[ft-mun] ep2 b21400 loss=3.250
[ft-mun] ep2 b21420 loss=4.847
[ft-mun] ep2 b21440 loss=3.951
[ft-mun] ep2 b21460 loss=2.261
[ft-mun] ep2 b21480 loss=2.357
[ft-mun] ep2 b21500 loss=2.708
[ft-mun] ep2 b21520 loss=2.559
[ft-mun] ep2 b21540 loss=1.791
[ft-mun] ep2 b21560 loss=4.008
[ft-mun] ep2 b21580 loss=3.956
[ft-mun] ep2 b21600 loss=2.246
[ft-mun] ep2 b21620 loss=1.907
[ft-mun] ep2 b21640 loss=1.875
[ft-mun] ep2 b21660 loss=3.026
[ft-mun] ep2 b21680 loss=2.181
[ft-mun] ep2 b21700 loss=3.353
[ft-mun] ep2 b21720 loss=2.328
[ft-mun] ep2 b21740 loss=4.214
[ft-mun] ep2 b21760 loss=2.140
[ft-mun] ep2 b21780 loss=3.388
[ft-mun] ep2 b21800 loss=5.087
[ft-mun] ep2 b21820 loss=2.457
[ft-mun] ep2 b21840 loss=3.305
[ft-mun] ep2 b21860 loss=2.714
[ft-mun] ep2 b21880 loss=3.115
[ft-mun] ep2 b21900 loss=2.406
[ft-mun] ep2 b21920 loss=2.714
[ft-mun] ep2 b21940 loss=2.453
[ft-mun] ep2 b21960 loss=2.000
[ft-mun] ep2 b21980 loss=2.138
[ft-mun] ep2 b22000 loss=2.200
[ft-mun] ep2 b22020 loss=1.954
[ft-mun] ep2 b22040 loss=1.812
[ft-mun] ep2 b22060 loss=1.943
[ft-mun] ep2 b22080 loss=2.427
[ft-mun] ep2 b22100 loss=2.472
[ft-mun] ep2 b22120 loss=2.217
[ft-mun] ep2 b22140 loss=2.609
[ft-mun] ep2 b22160 loss=1.855
[ft-mun] ep2 b22180 loss=2.099
[ft-mun] ep2 b22200 loss=2.488
[ft-mun] ep2 b22220 loss=2.297
[ft-mun] ep2 b22240 loss=2.438
[ft-mun] ep2 b22260 loss=2.159
[ft-mun] ep2 b22280 loss=2.003
[ft-mun] ep2 b22300 loss=2.711
[ft-mun] ep2 b22320 loss=2.716
[ft-mun] ep2 b22340 loss=2.337
[ft-mun] ep2 b22360 loss=2.170
[ft-mun] ep2 b22380 loss=3.498
[ft-mun] ep2 b22400 loss=4.284
[ft-mun] ep2 b22420 loss=2.222
[ft-mun] ep2 b22440 loss=2.103
[ft-mun] ep2 b22460 loss=3.396
[ft-mun] ep2 b22480 loss=2.550
[ft-mun] ep2 b22500 loss=2.826
[ft-mun] ep2 train_loss=2.826 dev_loss=2.794
[ft-mun] saved adapter -> ml/finetune/it2_sat_combined
