[ft-mun] 5657 train / 628 dev -> sat_Olck
/home/clutch/.local/lib/python3.14/site-packages/transformers/tokenization_utils_base.py:3953: UserWarning: `as_target_tokenizer` is deprecated and will be removed in v5 of Transformers. You can tokenize your labels by using the argument `text_target` of the regular `__call__` method (either in the same call as your input texts if you use the same keyword arguments, or in a separate call.
  warnings.warn(
/home/clutch/Desktop/Vachak/ml/translation/scripts/finetune_mundari.py:172: FutureWarning: `torch.cuda.amp.GradScaler(args...)` is deprecated. Please use `torch.amp.GradScaler('cuda', args...)` instead.
  scaler = torch.cuda.amp.GradScaler()
/home/clutch/Desktop/Vachak/ml/translation/scripts/finetune_mundari.py:180: FutureWarning: `torch.cuda.amp.autocast(args...)` is deprecated. Please use `torch.amp.autocast('cuda', args...)` instead.
  with torch.cuda.amp.autocast(dtype=torch.float16):
trainable params: 3,538,944 || all params: 199,050,240 || trainable%: 1.7779
[ft-mun] ep1 b0 loss=11.910
[ft-mun] ep1 b20 loss=11.385
[ft-mun] ep1 b40 loss=11.006
[ft-mun] ep1 b60 loss=10.290
[ft-mun] ep1 b80 loss=9.179
[ft-mun] ep1 b100 loss=7.748
[ft-mun] ep1 b120 loss=7.948
[ft-mun] ep1 b140 loss=8.289
[ft-mun] ep1 b160 loss=8.042
[ft-mun] ep1 b180 loss=8.041
[ft-mun] ep1 b200 loss=7.454
[ft-mun] ep1 b220 loss=8.211
[ft-mun] ep1 b240 loss=7.079
[ft-mun] ep1 b260 loss=6.688
[ft-mun] ep1 b280 loss=7.379
[ft-mun] ep1 b300 loss=5.872
[ft-mun] ep1 b320 loss=6.749
[ft-mun] ep1 b340 loss=6.215
[ft-mun] ep1 b360 loss=6.355
[ft-mun] ep1 b380 loss=6.649
[ft-mun] ep1 b400 loss=5.668
[ft-mun] ep1 b420 loss=5.041
[ft-mun] ep1 b440 loss=7.489
[ft-mun] ep1 b460 loss=6.098
[ft-mun] ep1 b480 loss=5.574
[ft-mun] ep1 b500 loss=5.636
[ft-mun] ep1 b520 loss=5.615
[ft-mun] ep1 b540 loss=6.044
[ft-mun] ep1 b560 loss=5.730
[ft-mun] ep1 b580 loss=5.320
[ft-mun] ep1 b600 loss=6.252
[ft-mun] ep1 b620 loss=5.311
[ft-mun] ep1 b640 loss=5.334
[ft-mun] ep1 b660 loss=4.951
[ft-mun] ep1 b680 loss=4.981
[ft-mun] ep1 b700 loss=4.822
[ft-mun] ep1 b720 loss=5.039
[ft-mun] ep1 b740 loss=5.386
[ft-mun] ep1 b760 loss=5.469
[ft-mun] ep1 b780 loss=4.497
[ft-mun] ep1 b800 loss=6.116
[ft-mun] ep1 b820 loss=5.886
[ft-mun] ep1 b840 loss=4.386
[ft-mun] ep1 b860 loss=5.520
[ft-mun] ep1 b880 loss=4.770
[ft-mun] ep1 b900 loss=5.680
[ft-mun] ep1 b920 loss=5.181
[ft-mun] ep1 b940 loss=5.263
[ft-mun] ep1 b960 loss=5.754
[ft-mun] ep1 b980 loss=5.866
[ft-mun] ep1 b1000 loss=6.772
[ft-mun] ep1 b1020 loss=5.642
[ft-mun] ep1 b1040 loss=6.116
[ft-mun] ep1 b1060 loss=4.758
[ft-mun] ep1 b1080 loss=6.268
[ft-mun] ep1 b1100 loss=6.494
[ft-mun] ep1 b1120 loss=4.991
[ft-mun] ep1 b1140 loss=5.820
[ft-mun] ep1 b1160 loss=6.478
[ft-mun] ep1 b1180 loss=6.395
[ft-mun] ep1 b1200 loss=6.266
[ft-mun] ep1 b1220 loss=5.875
[ft-mun] ep1 b1240 loss=5.241
[ft-mun] ep1 b1260 loss=5.506
[ft-mun] ep1 b1280 loss=5.414
[ft-mun] ep1 b1300 loss=5.416
[ft-mun] ep1 b1320 loss=4.925
[ft-mun] ep1 b1340 loss=5.172
[ft-mun] ep1 b1360 loss=6.393
[ft-mun] ep1 b1380 loss=6.004
[ft-mun] ep1 b1400 loss=5.564
[ft-mun] ep1 b1420 loss=5.424
[ft-mun] ep1 b1440 loss=4.967
[ft-mun] ep1 b1460 loss=5.076
[ft-mun] ep1 b1480 loss=5.772
[ft-mun] ep1 b1500 loss=5.235
[ft-mun] ep1 b1520 loss=5.310
[ft-mun] ep1 b1540 loss=5.360
[ft-mun] ep1 b1560 loss=4.868
[ft-mun] ep1 b1580 loss=4.787
[ft-mun] ep1 b1600 loss=5.213
[ft-mun] ep1 b1620 loss=6.489
[ft-mun] ep1 b1640 loss=5.587
[ft-mun] ep1 b1660 loss=5.279
[ft-mun] ep1 b1680 loss=5.133
[ft-mun] ep1 b1700 loss=5.378
[ft-mun] ep1 b1720 loss=4.382
[ft-mun] ep1 b1740 loss=4.886
[ft-mun] ep1 b1760 loss=6.514
[ft-mun] ep1 b1780 loss=5.984
[ft-mun] ep1 b1800 loss=5.698
[ft-mun] ep1 b1820 loss=4.696
[ft-mun] ep1 b1840 loss=4.514
[ft-mun] ep1 b1860 loss=5.239
[ft-mun] ep1 b1880 loss=5.581
[ft-mun] ep1 b1900 loss=6.380
[ft-mun] ep1 b1920 loss=5.478
[ft-mun] ep1 b1940 loss=4.997
[ft-mun] ep1 b1960 loss=5.777
[ft-mun] ep1 b1980 loss=6.080
[ft-mun] ep1 b2000 loss=5.562
[ft-mun] ep1 b2020 loss=5.227
[ft-mun] ep1 b2040 loss=5.720
[ft-mun] ep1 b2060 loss=6.477
[ft-mun] ep1 b2080 loss=5.982
[ft-mun] ep1 b2100 loss=5.737
[ft-mun] ep1 b2120 loss=4.136
[ft-mun] ep1 b2140 loss=4.576
[ft-mun] ep1 b2160 loss=5.599
[ft-mun] ep1 b2180 loss=5.277
[ft-mun] ep1 b2200 loss=4.571
[ft-mun] ep1 b2220 loss=4.528
[ft-mun] ep1 b2240 loss=4.564
[ft-mun] ep1 b2260 loss=4.776
[ft-mun] ep1 b2280 loss=5.801
[ft-mun] ep1 b2300 loss=6.195
[ft-mun] ep1 b2320 loss=4.822
[ft-mun] ep1 b2340 loss=5.692
[ft-mun] ep1 b2360 loss=4.877
[ft-mun] ep1 b2380 loss=4.820
[ft-mun] ep1 b2400 loss=4.605
[ft-mun] ep1 b2420 loss=5.616
[ft-mun] ep1 b2440 loss=5.594
[ft-mun] ep1 b2460 loss=5.321
[ft-mun] ep1 b2480 loss=4.610
[ft-mun] ep1 b2500 loss=5.098
[ft-mun] ep1 b2520 loss=5.910
[ft-mun] ep1 b2540 loss=4.986
[ft-mun] ep1 b2560 loss=5.916
[ft-mun] ep1 b2580 loss=4.829
[ft-mun] ep1 b2600 loss=6.120
[ft-mun] ep1 b2620 loss=4.791
[ft-mun] ep1 b2640 loss=5.167
[ft-mun] ep1 b2660 loss=4.940
[ft-mun] ep1 b2680 loss=5.919
[ft-mun] ep1 b2700 loss=5.461
[ft-mun] ep1 b2720 loss=5.854
[ft-mun] ep1 b2740 loss=6.626
[ft-mun] ep1 b2760 loss=5.169
[ft-mun] ep1 b2780 loss=6.117
[ft-mun] ep1 b2800 loss=5.029
[ft-mun] ep1 b2820 loss=6.226
/home/clutch/Desktop/Vachak/ml/translation/scripts/finetune_mundari.py:198: FutureWarning: `torch.cuda.amp.autocast(args...)` is deprecated. Please use `torch.amp.autocast('cuda', args...)` instead.
  with torch.cuda.amp.autocast(dtype=torch.float16):
[ft-mun] ep1 train_loss=5.785 dev_loss=5.197
[ft-mun] ep2 b0 loss=5.592
[ft-mun] ep2 b20 loss=5.602
[ft-mun] ep2 b40 loss=5.289
[ft-mun] ep2 b60 loss=6.082
[ft-mun] ep2 b80 loss=6.191
[ft-mun] ep2 b100 loss=5.215
[ft-mun] ep2 b120 loss=4.928
[ft-mun] ep2 b140 loss=4.749
[ft-mun] ep2 b160 loss=5.047
[ft-mun] ep2 b180 loss=5.768
[ft-mun] ep2 b200 loss=4.591
[ft-mun] ep2 b220 loss=5.067
[ft-mun] ep2 b240 loss=4.768
[ft-mun] ep2 b260 loss=5.169
[ft-mun] ep2 b280 loss=4.546
[ft-mun] ep2 b300 loss=4.413
[ft-mun] ep2 b320 loss=4.386
[ft-mun] ep2 b340 loss=5.642
[ft-mun] ep2 b360 loss=5.387
[ft-mun] ep2 b380 loss=5.678
[ft-mun] ep2 b400 loss=6.492
[ft-mun] ep2 b420 loss=5.099
[ft-mun] ep2 b440 loss=4.572
[ft-mun] ep2 b460 loss=6.681
[ft-mun] ep2 b480 loss=4.396
[ft-mun] ep2 b500 loss=4.272
[ft-mun] ep2 b520 loss=5.367
[ft-mun] ep2 b540 loss=4.928
[ft-mun] ep2 b560 loss=4.345
[ft-mun] ep2 b580 loss=5.114
[ft-mun] ep2 b600 loss=5.440
[ft-mun] ep2 b620 loss=4.998
[ft-mun] ep2 b640 loss=5.873
[ft-mun] ep2 b660 loss=4.880
[ft-mun] ep2 b680 loss=5.829
[ft-mun] ep2 b700 loss=4.833
[ft-mun] ep2 b720 loss=5.839
[ft-mun] ep2 b740 loss=4.212
[ft-mun] ep2 b760 loss=4.562
[ft-mun] ep2 b780 loss=5.622
[ft-mun] ep2 b800 loss=4.696
[ft-mun] ep2 b820 loss=5.257
[ft-mun] ep2 b840 loss=5.367
[ft-mun] ep2 b860 loss=5.106
[ft-mun] ep2 b880 loss=5.466
[ft-mun] ep2 b900 loss=4.850
[ft-mun] ep2 b920 loss=4.902
[ft-mun] ep2 b940 loss=5.711
[ft-mun] ep2 b960 loss=3.707
[ft-mun] ep2 b980 loss=4.978
[ft-mun] ep2 b1000 loss=5.637
[ft-mun] ep2 b1020 loss=5.711
[ft-mun] ep2 b1040 loss=4.657
[ft-mun] ep2 b1060 loss=4.292
[ft-mun] ep2 b1080 loss=5.502
[ft-mun] ep2 b1100 loss=4.997
[ft-mun] ep2 b1120 loss=5.998
[ft-mun] ep2 b1140 loss=4.437
[ft-mun] ep2 b1160 loss=6.092
[ft-mun] ep2 b1180 loss=4.850
[ft-mun] ep2 b1200 loss=4.859
[ft-mun] ep2 b1220 loss=4.023
[ft-mun] ep2 b1240 loss=4.446
[ft-mun] ep2 b1260 loss=5.681
[ft-mun] ep2 b1280 loss=5.089
[ft-mun] ep2 b1300 loss=4.834
[ft-mun] ep2 b1320 loss=4.728
[ft-mun] ep2 b1340 loss=6.076
[ft-mun] ep2 b1360 loss=5.631
[ft-mun] ep2 b1380 loss=5.318
[ft-mun] ep2 b1400 loss=4.805
[ft-mun] ep2 b1420 loss=6.290
[ft-mun] ep2 b1440 loss=4.694
[ft-mun] ep2 b1460 loss=5.575
[ft-mun] ep2 b1480 loss=5.587
[ft-mun] ep2 b1500 loss=5.931
[ft-mun] ep2 b1520 loss=5.523
[ft-mun] ep2 b1540 loss=4.085
[ft-mun] ep2 b1560 loss=5.433
[ft-mun] ep2 b1580 loss=4.790
[ft-mun] ep2 b1600 loss=4.946
[ft-mun] ep2 b1620 loss=5.999
[ft-mun] ep2 b1640 loss=4.692
[ft-mun] ep2 b1660 loss=4.404
[ft-mun] ep2 b1680 loss=4.640
[ft-mun] ep2 b1700 loss=5.715
[ft-mun] ep2 b1720 loss=5.623
[ft-mun] ep2 b1740 loss=5.894
[ft-mun] ep2 b1760 loss=5.409
[ft-mun] ep2 b1780 loss=5.855
[ft-mun] ep2 b1800 loss=4.342
[ft-mun] ep2 b1820 loss=4.716
[ft-mun] ep2 b1840 loss=5.425
[ft-mun] ep2 b1860 loss=5.502
[ft-mun] ep2 b1880 loss=4.788
[ft-mun] ep2 b1900 loss=5.946
[ft-mun] ep2 b1920 loss=4.580
[ft-mun] ep2 b1940 loss=5.759
[ft-mun] ep2 b1960 loss=5.820
[ft-mun] ep2 b1980 loss=4.741
[ft-mun] ep2 b2000 loss=5.400
[ft-mun] ep2 b2020 loss=4.646
[ft-mun] ep2 b2040 loss=4.445
[ft-mun] ep2 b2060 loss=5.915
[ft-mun] ep2 b2080 loss=5.334
[ft-mun] ep2 b2100 loss=4.562
[ft-mun] ep2 b2120 loss=6.022
[ft-mun] ep2 b2140 loss=4.969
[ft-mun] ep2 b2160 loss=5.283
[ft-mun] ep2 b2180 loss=5.093
[ft-mun] ep2 b2200 loss=6.509
[ft-mun] ep2 b2220 loss=5.636
[ft-mun] ep2 b2240 loss=5.415
[ft-mun] ep2 b2260 loss=4.701
[ft-mun] ep2 b2280 loss=5.091
[ft-mun] ep2 b2300 loss=4.608
[ft-mun] ep2 b2320 loss=5.655
[ft-mun] ep2 b2340 loss=4.969
[ft-mun] ep2 b2360 loss=3.760
[ft-mun] ep2 b2380 loss=5.403
[ft-mun] ep2 b2400 loss=4.345
[ft-mun] ep2 b2420 loss=5.511
[ft-mun] ep2 b2440 loss=4.899
[ft-mun] ep2 b2460 loss=4.867
[ft-mun] ep2 b2480 loss=6.660
[ft-mun] ep2 b2500 loss=3.941
[ft-mun] ep2 b2520 loss=5.145
[ft-mun] ep2 b2540 loss=4.801
[ft-mun] ep2 b2560 loss=5.229
[ft-mun] ep2 b2580 loss=5.288
[ft-mun] ep2 b2600 loss=4.624
[ft-mun] ep2 b2620 loss=4.887
[ft-mun] ep2 b2640 loss=5.319
[ft-mun] ep2 b2660 loss=5.146
[ft-mun] ep2 b2680 loss=5.112
[ft-mun] ep2 b2700 loss=5.435
[ft-mun] ep2 b2720 loss=6.552
[ft-mun] ep2 b2740 loss=4.191
[ft-mun] ep2 b2760 loss=5.304
[ft-mun] ep2 b2780 loss=5.619
[ft-mun] ep2 b2800 loss=5.302
[ft-mun] ep2 b2820 loss=3.925
[ft-mun] ep2 train_loss=5.195 dev_loss=5.110
[ft-mun] ep3 b0 loss=5.328
[ft-mun] ep3 b20 loss=5.784
[ft-mun] ep3 b40 loss=5.641
[ft-mun] ep3 b60 loss=5.452
[ft-mun] ep3 b80 loss=5.306
[ft-mun] ep3 b100 loss=4.854
[ft-mun] ep3 b120 loss=5.130
[ft-mun] ep3 b140 loss=4.461
[ft-mun] ep3 b160 loss=3.943
[ft-mun] ep3 b180 loss=4.689
[ft-mun] ep3 b200 loss=4.725
[ft-mun] ep3 b220 loss=5.534
[ft-mun] ep3 b240 loss=5.027
[ft-mun] ep3 b260 loss=4.204
[ft-mun] ep3 b280 loss=4.554
[ft-mun] ep3 b300 loss=5.058
[ft-mun] ep3 b320 loss=5.452
[ft-mun] ep3 b340 loss=4.751
[ft-mun] ep3 b360 loss=5.948
[ft-mun] ep3 b380 loss=4.521
[ft-mun] ep3 b400 loss=5.652
[ft-mun] ep3 b420 loss=5.741
[ft-mun] ep3 b440 loss=5.694
[ft-mun] ep3 b460 loss=5.377
[ft-mun] ep3 b480 loss=5.422
[ft-mun] ep3 b500 loss=5.669
[ft-mun] ep3 b520 loss=5.184
[ft-mun] ep3 b540 loss=5.889
[ft-mun] ep3 b560 loss=6.164
[ft-mun] ep3 b580 loss=4.773
[ft-mun] ep3 b600 loss=5.346
[ft-mun] ep3 b620 loss=5.816
[ft-mun] ep3 b640 loss=4.704
[ft-mun] ep3 b660 loss=4.723
[ft-mun] ep3 b680 loss=5.039
[ft-mun] ep3 b700 loss=4.355
[ft-mun] ep3 b720 loss=4.849
[ft-mun] ep3 b740 loss=4.252
[ft-mun] ep3 b760 loss=5.938
[ft-mun] ep3 b780 loss=4.925
[ft-mun] ep3 b800 loss=5.614
[ft-mun] ep3 b820 loss=6.174
[ft-mun] ep3 b840 loss=5.413
[ft-mun] ep3 b860 loss=5.850
[ft-mun] ep3 b880 loss=6.283
[ft-mun] ep3 b900 loss=5.000
[ft-mun] ep3 b920 loss=5.737
[ft-mun] ep3 b940 loss=4.879
[ft-mun] ep3 b960 loss=4.896
[ft-mun] ep3 b980 loss=5.820
[ft-mun] ep3 b1000 loss=4.684
[ft-mun] ep3 b1020 loss=5.644
[ft-mun] ep3 b1040 loss=3.887
[ft-mun] ep3 b1060 loss=5.857
[ft-mun] ep3 b1080 loss=4.827
[ft-mun] ep3 b1100 loss=5.725
[ft-mun] ep3 b1120 loss=4.991
[ft-mun] ep3 b1140 loss=4.888
[ft-mun] ep3 b1160 loss=3.814
[ft-mun] ep3 b1180 loss=4.499
[ft-mun] ep3 b1200 loss=5.397
[ft-mun] ep3 b1220 loss=4.244
[ft-mun] ep3 b1240 loss=5.213
[ft-mun] ep3 b1260 loss=4.128
[ft-mun] ep3 b1280 loss=4.871
[ft-mun] ep3 b1300 loss=6.248
[ft-mun] ep3 b1320 loss=4.538
[ft-mun] ep3 b1340 loss=4.408
[ft-mun] ep3 b1360 loss=5.790
[ft-mun] ep3 b1380 loss=6.089
[ft-mun] ep3 b1400 loss=6.113
[ft-mun] ep3 b1420 loss=5.729
[ft-mun] ep3 b1440 loss=4.725
[ft-mun] ep3 b1460 loss=5.343
[ft-mun] ep3 b1480 loss=4.807
[ft-mun] ep3 b1500 loss=5.615
[ft-mun] ep3 b1520 loss=5.282
[ft-mun] ep3 b1540 loss=4.977
[ft-mun] ep3 b1560 loss=3.956
[ft-mun] ep3 b1580 loss=4.561
[ft-mun] ep3 b1600 loss=4.990
[ft-mun] ep3 b1620 loss=4.988
[ft-mun] ep3 b1640 loss=5.098
[ft-mun] ep3 b1660 loss=4.639
[ft-mun] ep3 b1680 loss=4.926
[ft-mun] ep3 b1700 loss=4.799
[ft-mun] ep3 b1720 loss=4.715
[ft-mun] ep3 b1740 loss=4.702
[ft-mun] ep3 b1760 loss=6.121
[ft-mun] ep3 b1780 loss=4.847
[ft-mun] ep3 b1800 loss=5.614
[ft-mun] ep3 b1820 loss=4.125
[ft-mun] ep3 b1840 loss=4.434
[ft-mun] ep3 b1860 loss=5.922
[ft-mun] ep3 b1880 loss=5.548
[ft-mun] ep3 b1900 loss=4.778
[ft-mun] ep3 b1920 loss=3.953
[ft-mun] ep3 b1940 loss=5.095
[ft-mun] ep3 b1960 loss=4.708
[ft-mun] ep3 b1980 loss=4.865
[ft-mun] ep3 b2000 loss=4.567
[ft-mun] ep3 b2020 loss=4.724
[ft-mun] ep3 b2040 loss=6.156
[ft-mun] ep3 b2060 loss=5.134
[ft-mun] ep3 b2080 loss=4.598
[ft-mun] ep3 b2100 loss=5.643
[ft-mun] ep3 b2120 loss=5.306
[ft-mun] ep3 b2140 loss=5.206
[ft-mun] ep3 b2160 loss=4.846
[ft-mun] ep3 b2180 loss=5.737
[ft-mun] ep3 b2200 loss=4.350
[ft-mun] ep3 b2220 loss=5.886
[ft-mun] ep3 b2240 loss=5.794
[ft-mun] ep3 b2260 loss=6.244
[ft-mun] ep3 b2280 loss=4.957
[ft-mun] ep3 b2300 loss=4.701
[ft-mun] ep3 b2320 loss=5.874
[ft-mun] ep3 b2340 loss=5.874
[ft-mun] ep3 b2360 loss=5.509
[ft-mun] ep3 b2380 loss=4.597
[ft-mun] ep3 b2400 loss=4.832
[ft-mun] ep3 b2420 loss=5.544
[ft-mun] ep3 b2440 loss=4.910
[ft-mun] ep3 b2460 loss=6.239
[ft-mun] ep3 b2480 loss=5.389
[ft-mun] ep3 b2500 loss=5.247
[ft-mun] ep3 b2520 loss=5.291
[ft-mun] ep3 b2540 loss=5.850
[ft-mun] ep3 b2560 loss=5.339
[ft-mun] ep3 b2580 loss=4.546
[ft-mun] ep3 b2600 loss=5.548
[ft-mun] ep3 b2620 loss=5.590
[ft-mun] ep3 b2640 loss=3.842
[ft-mun] ep3 b2660 loss=4.629
[ft-mun] ep3 b2680 loss=5.091
[ft-mun] ep3 b2700 loss=4.992
[ft-mun] ep3 b2720 loss=4.703
[ft-mun] ep3 b2740 loss=6.348
[ft-mun] ep3 b2760 loss=4.109
[ft-mun] ep3 b2780 loss=6.413
[ft-mun] ep3 b2800 loss=4.201
[ft-mun] ep3 b2820 loss=3.826
[ft-mun] ep3 train_loss=5.091 dev_loss=5.043
[ft-mun] ep4 b0 loss=5.487
[ft-mun] ep4 b20 loss=4.283
[ft-mun] ep4 b40 loss=5.158
[ft-mun] ep4 b60 loss=5.229
[ft-mun] ep4 b80 loss=5.384
[ft-mun] ep4 b100 loss=4.894
[ft-mun] ep4 b120 loss=4.824
[ft-mun] ep4 b140 loss=4.235
[ft-mun] ep4 b160 loss=5.429
[ft-mun] ep4 b180 loss=4.803
[ft-mun] ep4 b200 loss=6.163
[ft-mun] ep4 b220 loss=4.113
[ft-mun] ep4 b240 loss=5.380
[ft-mun] ep4 b260 loss=5.023
[ft-mun] ep4 b280 loss=5.021
[ft-mun] ep4 b300 loss=5.013
[ft-mun] ep4 b320 loss=3.908
[ft-mun] ep4 b340 loss=4.856
[ft-mun] ep4 b360 loss=4.158
[ft-mun] ep4 b380 loss=6.274
[ft-mun] ep4 b400 loss=4.742
[ft-mun] ep4 b420 loss=5.679
[ft-mun] ep4 b440 loss=4.732
[ft-mun] ep4 b460 loss=5.039
[ft-mun] ep4 b480 loss=5.700
[ft-mun] ep4 b500 loss=4.301
[ft-mun] ep4 b520 loss=5.077
[ft-mun] ep4 b540 loss=5.012
[ft-mun] ep4 b560 loss=5.608
[ft-mun] ep4 b580 loss=4.466
[ft-mun] ep4 b600 loss=4.903
[ft-mun] ep4 b620 loss=4.395
[ft-mun] ep4 b640 loss=5.173
[ft-mun] ep4 b660 loss=4.806
[ft-mun] ep4 b680 loss=4.244
[ft-mun] ep4 b700 loss=5.658
[ft-mun] ep4 b720 loss=4.258
[ft-mun] ep4 b740 loss=5.468
[ft-mun] ep4 b760 loss=5.970
[ft-mun] ep4 b780 loss=5.487
[ft-mun] ep4 b800 loss=4.991
[ft-mun] ep4 b820 loss=3.883
[ft-mun] ep4 b840 loss=4.855
[ft-mun] ep4 b860 loss=4.931
[ft-mun] ep4 b880 loss=3.471
[ft-mun] ep4 b900 loss=5.761
[ft-mun] ep4 b920 loss=4.927
[ft-mun] ep4 b940 loss=4.853
[ft-mun] ep4 b960 loss=4.254
[ft-mun] ep4 b980 loss=3.997
[ft-mun] ep4 b1000 loss=5.834
[ft-mun] ep4 b1020 loss=4.930
[ft-mun] ep4 b1040 loss=5.546
[ft-mun] ep4 b1060 loss=4.471
[ft-mun] ep4 b1080 loss=5.021
[ft-mun] ep4 b1100 loss=4.729
[ft-mun] ep4 b1120 loss=5.100
[ft-mun] ep4 b1140 loss=4.687
[ft-mun] ep4 b1160 loss=6.069
[ft-mun] ep4 b1180 loss=4.445
[ft-mun] ep4 b1200 loss=4.522
[ft-mun] ep4 b1220 loss=5.292
[ft-mun] ep4 b1240 loss=4.257
[ft-mun] ep4 b1260 loss=5.057
[ft-mun] ep4 b1280 loss=3.942
[ft-mun] ep4 b1300 loss=4.997
[ft-mun] ep4 b1320 loss=4.444
[ft-mun] ep4 b1340 loss=5.179
[ft-mun] ep4 b1360 loss=4.788
[ft-mun] ep4 b1380 loss=5.591
[ft-mun] ep4 b1400 loss=6.013
[ft-mun] ep4 b1420 loss=5.169
[ft-mun] ep4 b1440 loss=5.412
[ft-mun] ep4 b1460 loss=5.894
[ft-mun] ep4 b1480 loss=5.317
[ft-mun] ep4 b1500 loss=4.575
[ft-mun] ep4 b1520 loss=4.988
[ft-mun] ep4 b1540 loss=4.829
[ft-mun] ep4 b1560 loss=4.655
[ft-mun] ep4 b1580 loss=5.477
[ft-mun] ep4 b1600 loss=4.854
[ft-mun] ep4 b1620 loss=5.100
[ft-mun] ep4 b1640 loss=5.286
[ft-mun] ep4 b1660 loss=4.455
[ft-mun] ep4 b1680 loss=5.505
[ft-mun] ep4 b1700 loss=4.386
[ft-mun] ep4 b1720 loss=5.866
[ft-mun] ep4 b1740 loss=5.401
[ft-mun] ep4 b1760 loss=4.965
[ft-mun] ep4 b1780 loss=5.643
[ft-mun] ep4 b1800 loss=5.860
[ft-mun] ep4 b1820 loss=5.065
[ft-mun] ep4 b1840 loss=3.960
[ft-mun] ep4 b1860 loss=5.176
[ft-mun] ep4 b1880 loss=4.683
[ft-mun] ep4 b1900 loss=6.183
[ft-mun] ep4 b1920 loss=5.318
[ft-mun] ep4 b1940 loss=4.976
[ft-mun] ep4 b1960 loss=5.677
[ft-mun] ep4 b1980 loss=5.050
[ft-mun] ep4 b2000 loss=4.718
[ft-mun] ep4 b2020 loss=4.548
[ft-mun] ep4 b2040 loss=2.837
[ft-mun] ep4 b2060 loss=4.264
[ft-mun] ep4 b2080 loss=5.759
[ft-mun] ep4 b2100 loss=4.291
[ft-mun] ep4 b2120 loss=5.170
[ft-mun] ep4 b2140 loss=4.452
[ft-mun] ep4 b2160 loss=5.382
[ft-mun] ep4 b2180 loss=6.363
[ft-mun] ep4 b2200 loss=6.001
[ft-mun] ep4 b2220 loss=5.650
[ft-mun] ep4 b2240 loss=4.889
[ft-mun] ep4 b2260 loss=5.825
[ft-mun] ep4 b2280 loss=4.855
[ft-mun] ep4 b2300 loss=6.140
[ft-mun] ep4 b2320 loss=4.258
[ft-mun] ep4 b2340 loss=4.343
[ft-mun] ep4 b2360 loss=5.014
[ft-mun] ep4 b2380 loss=4.375
[ft-mun] ep4 b2400 loss=4.041
[ft-mun] ep4 b2420 loss=4.010
[ft-mun] ep4 b2440 loss=5.122
[ft-mun] ep4 b2460 loss=5.035
[ft-mun] ep4 b2480 loss=5.210
[ft-mun] ep4 b2500 loss=5.382
[ft-mun] ep4 b2520 loss=5.230
[ft-mun] ep4 b2540 loss=5.094
[ft-mun] ep4 b2560 loss=5.551
[ft-mun] ep4 b2580 loss=5.660
[ft-mun] ep4 b2600 loss=3.412
[ft-mun] ep4 b2620 loss=3.837
[ft-mun] ep4 b2640 loss=4.868
[ft-mun] ep4 b2660 loss=4.096
[ft-mun] ep4 b2680 loss=5.482
[ft-mun] ep4 b2700 loss=4.663
[ft-mun] ep4 b2720 loss=4.609
[ft-mun] ep4 b2740 loss=4.701
[ft-mun] ep4 b2760 loss=5.130
[ft-mun] ep4 b2780 loss=3.716
[ft-mun] ep4 b2800 loss=5.277
[ft-mun] ep4 b2820 loss=5.220
[ft-mun] ep4 train_loss=5.028 dev_loss=5.005
[ft-mun] ep5 b0 loss=3.372
[ft-mun] ep5 b20 loss=4.779
[ft-mun] ep5 b40 loss=5.681
[ft-mun] ep5 b60 loss=4.830
[ft-mun] ep5 b80 loss=5.125
[ft-mun] ep5 b100 loss=5.668
[ft-mun] ep5 b120 loss=5.023
[ft-mun] ep5 b140 loss=4.625
[ft-mun] ep5 b160 loss=5.132
[ft-mun] ep5 b180 loss=5.403
[ft-mun] ep5 b200 loss=5.149
[ft-mun] ep5 b220 loss=6.068
[ft-mun] ep5 b240 loss=5.230
[ft-mun] ep5 b260 loss=6.043
[ft-mun] ep5 b280 loss=4.608
[ft-mun] ep5 b300 loss=5.688
[ft-mun] ep5 b320 loss=5.753
[ft-mun] ep5 b340 loss=5.468
[ft-mun] ep5 b360 loss=5.364
[ft-mun] ep5 b380 loss=4.911
[ft-mun] ep5 b400 loss=4.715
[ft-mun] ep5 b420 loss=4.845
[ft-mun] ep5 b440 loss=4.530
[ft-mun] ep5 b460 loss=4.468
[ft-mun] ep5 b480 loss=5.115
[ft-mun] ep5 b500 loss=4.824
[ft-mun] ep5 b520 loss=4.684
[ft-mun] ep5 b540 loss=4.193
[ft-mun] ep5 b560 loss=3.455
[ft-mun] ep5 b580 loss=4.864
[ft-mun] ep5 b600 loss=4.119
[ft-mun] ep5 b620 loss=4.435
[ft-mun] ep5 b640 loss=5.370
[ft-mun] ep5 b660 loss=4.417
[ft-mun] ep5 b680 loss=5.425
[ft-mun] ep5 b700 loss=3.803
[ft-mun] ep5 b720 loss=3.970
[ft-mun] ep5 b740 loss=5.780
[ft-mun] ep5 b760 loss=4.833
[ft-mun] ep5 b780 loss=5.143
[ft-mun] ep5 b800 loss=5.072
[ft-mun] ep5 b820 loss=5.150
[ft-mun] ep5 b840 loss=4.474
[ft-mun] ep5 b860 loss=3.998
[ft-mun] ep5 b880 loss=4.797
[ft-mun] ep5 b900 loss=5.169
[ft-mun] ep5 b920 loss=5.539
[ft-mun] ep5 b940 loss=4.557
[ft-mun] ep5 b960 loss=5.526
[ft-mun] ep5 b980 loss=5.466
[ft-mun] ep5 b1000 loss=4.012
[ft-mun] ep5 b1020 loss=5.617
[ft-mun] ep5 b1040 loss=5.321
[ft-mun] ep5 b1060 loss=4.558
[ft-mun] ep5 b1080 loss=6.115
[ft-mun] ep5 b1100 loss=5.860
[ft-mun] ep5 b1120 loss=5.948
[ft-mun] ep5 b1140 loss=4.727
[ft-mun] ep5 b1160 loss=5.282
[ft-mun] ep5 b1180 loss=4.864
[ft-mun] ep5 b1200 loss=5.291
[ft-mun] ep5 b1220 loss=5.284
[ft-mun] ep5 b1240 loss=6.077
[ft-mun] ep5 b1260 loss=5.146
[ft-mun] ep5 b1280 loss=4.283
[ft-mun] ep5 b1300 loss=5.205
[ft-mun] ep5 b1320 loss=4.316
[ft-mun] ep5 b1340 loss=5.328
[ft-mun] ep5 b1360 loss=4.489
[ft-mun] ep5 b1380 loss=4.208
[ft-mun] ep5 b1400 loss=5.605
[ft-mun] ep5 b1420 loss=4.957
[ft-mun] ep5 b1440 loss=4.787
[ft-mun] ep5 b1460 loss=6.113
[ft-mun] ep5 b1480 loss=6.110
[ft-mun] ep5 b1500 loss=3.725
[ft-mun] ep5 b1520 loss=5.152
[ft-mun] ep5 b1540 loss=5.730
[ft-mun] ep5 b1560 loss=5.570
[ft-mun] ep5 b1580 loss=4.980
[ft-mun] ep5 b1600 loss=5.097
[ft-mun] ep5 b1620 loss=4.848
[ft-mun] ep5 b1640 loss=5.572
[ft-mun] ep5 b1660 loss=5.655
[ft-mun] ep5 b1680 loss=4.412
[ft-mun] ep5 b1700 loss=5.172
[ft-mun] ep5 b1720 loss=5.253
[ft-mun] ep5 b1740 loss=4.012
[ft-mun] ep5 b1760 loss=4.546
[ft-mun] ep5 b1780 loss=3.792
[ft-mun] ep5 b1800 loss=5.260
[ft-mun] ep5 b1820 loss=4.467
[ft-mun] ep5 b1840 loss=4.380
[ft-mun] ep5 b1860 loss=4.524
[ft-mun] ep5 b1880 loss=4.514
[ft-mun] ep5 b1900 loss=5.711
[ft-mun] ep5 b1920 loss=4.824
[ft-mun] ep5 b1940 loss=5.150
[ft-mun] ep5 b1960 loss=5.154
[ft-mun] ep5 b1980 loss=5.163
[ft-mun] ep5 b2000 loss=3.973
[ft-mun] ep5 b2020 loss=4.548
[ft-mun] ep5 b2040 loss=5.991
[ft-mun] ep5 b2060 loss=3.937
[ft-mun] ep5 b2080 loss=6.528
[ft-mun] ep5 b2100 loss=5.287
[ft-mun] ep5 b2120 loss=4.901
[ft-mun] ep5 b2140 loss=4.354
[ft-mun] ep5 b2160 loss=4.296
[ft-mun] ep5 b2180 loss=4.328
[ft-mun] ep5 b2200 loss=4.663
[ft-mun] ep5 b2220 loss=5.285
[ft-mun] ep5 b2240 loss=4.945
[ft-mun] ep5 b2260 loss=5.015
[ft-mun] ep5 b2280 loss=4.135
[ft-mun] ep5 b2300 loss=4.758
[ft-mun] ep5 b2320 loss=4.905
[ft-mun] ep5 b2340 loss=3.556
[ft-mun] ep5 b2360 loss=4.455
[ft-mun] ep5 b2380 loss=5.414
[ft-mun] ep5 b2400 loss=5.251
[ft-mun] ep5 b2420 loss=4.681
[ft-mun] ep5 b2440 loss=5.252
[ft-mun] ep5 b2460 loss=5.592
[ft-mun] ep5 b2480 loss=4.990
[ft-mun] ep5 b2500 loss=5.465
[ft-mun] ep5 b2520 loss=5.027
[ft-mun] ep5 b2540 loss=5.491
[ft-mun] ep5 b2560 loss=4.658
[ft-mun] ep5 b2580 loss=5.242
[ft-mun] ep5 b2600 loss=4.391
[ft-mun] ep5 b2620 loss=5.589
[ft-mun] ep5 b2640 loss=5.824
[ft-mun] ep5 b2660 loss=5.600
[ft-mun] ep5 b2680 loss=5.952
[ft-mun] ep5 b2700 loss=5.527
[ft-mun] ep5 b2720 loss=5.502
[ft-mun] ep5 b2740 loss=6.479
[ft-mun] ep5 b2760 loss=4.092
[ft-mun] ep5 b2780 loss=5.337
[ft-mun] ep5 b2800 loss=5.131
[ft-mun] ep5 b2820 loss=5.920
[ft-mun] ep5 train_loss=4.972 dev_loss=4.983
[ft-mun] saved adapter -> ml/finetune/it2_sat_combined
