Python 3.11 is already installed
Using CPython 3.11.15
Creating virtual environment at: ml/tts/.venv-tts
Activate with: source ml/tts/.venv-tts/bin/activate
Using Python 3.11.15 environment at: ml/tts/.venv-tts
Resolved 30 packages in 9.01s
Downloading triton (235.4MiB)
Downloading setuptools (1.2MiB)
Downloading sympy (6.0MiB)
Downloading cuda-bindings (6.4MiB)
Downloading nvidia-cufile (1.2MiB)
Downloading networkx (2.0MiB)
Downloading nvidia-cuda-runtime (2.1MiB)
Downloading torchaudio (1.6MiB)
Downloading torch (528.9MiB)
 Downloaded setuptools
Downloading nvidia-cusolver (191.6MiB)
Downloading nvidia-cufft (204.2MiB)
Downloading nvidia-nvjitlink (38.9MiB)
Downloading nvidia-cuda-cupti (10.2MiB)
Downloading nvidia-curand (56.8MiB)
Downloading nvidia-cudnn-cu13 (527.5MiB)
Downloading nvidia-cublas (403.5MiB)
Downloading nvidia-nvshmem-cu13 (57.6MiB)
Downloading nvidia-cusparselt-cu13 (162.3MiB)
Downloading nvidia-cuda-nvrtc (86.0MiB)
 Downloaded nvidia-cufile
Downloading nvidia-cusparse (139.2MiB)
Downloading nvidia-nccl-cu13 (206.0MiB)
 Downloaded torchaudio
 Downloaded networkx
 Downloaded nvidia-cuda-runtime
 Downloaded cuda-bindings
 Downloaded sympy
 Downloaded nvidia-cuda-cupti
 Downloaded nvidia-nvjitlink
 Downloaded triton
 Downloaded nvidia-curand
 Downloaded nvidia-nvshmem-cu13
 Downloaded torch
 Downloaded nvidia-cuda-nvrtc
 Downloaded nvidia-cusolver
 Downloaded nvidia-cufft
 Downloaded nvidia-cusparse
 Downloaded nvidia-cusparselt-cu13
 Downloaded nvidia-nccl-cu13
 Downloaded nvidia-cublas
 Downloaded nvidia-cudnn-cu13
Prepared 30 packages in 4m 46s
warning: Failed to hardlink files; falling back to full copy. This may lead to degraded performance.
         If the cache and target directories are on different filesystems, hardlinking may not be supported.
         If this is intentional, set `export UV_LINK_MODE=copy` or use `--link-mode=copy` to suppress this warning.
Installed 30 packages in 8.49s
 + cuda-bindings==13.3.1
 + cuda-pathfinder==1.6.0
 + cuda-toolkit==13.0.3.0
 + filelock==3.32.3
 + fsspec==2026.7.0
 + jinja2==3.1.6
 + markupsafe==3.0.3
 + mpmath==1.3.0
 + networkx==3.6.1
 + nvidia-cublas==13.1.1.3
 + nvidia-cuda-cupti==13.0.85
 + nvidia-cuda-nvrtc==13.0.88
 + nvidia-cuda-runtime==13.0.96
 + nvidia-cudnn-cu13==9.24.0.43
 + nvidia-cufft==12.0.0.61
 + nvidia-cufile==1.15.1.6
 + nvidia-curand==10.4.0.35
 + nvidia-cusolver==12.0.4.66
 + nvidia-cusparse==12.6.3.3
 + nvidia-cusparselt-cu13==0.8.1
 + nvidia-nccl-cu13==2.30.7
 + nvidia-nvjitlink==13.3.33
 + nvidia-nvshmem-cu13==3.4.5
 + nvidia-nvtx==13.0.85
 + setuptools==78.1.0
 + sympy==1.14.0
 + torch==2.14.0+cu130
 + torchaudio==2.11.0+cu130
 + triton==3.8.0
 + typing-extensions==4.16.0
Using Python 3.11.15 environment at: ml/tts/.venv-tts
Resolved 94 packages in 10.40s
Downloading pygments (1.2MiB)
Downloading aiohttp (1.7MiB)
Downloading onnx (18.2MiB)
Downloading fonttools (5.2MiB)
Downloading pillow (6.6MiB)
Downloading transformers (11.7MiB)
Downloading tensorboard (5.3MiB)
Downloading pandas (10.8MiB)
Downloading tensorboard-data-server (6.3MiB)
Downloading kiwisolver (1.4MiB)
Downloading numba (3.6MiB)
Downloading hf-xet (4.3MiB)
Downloading scikit-learn (8.9MiB)
Downloading tokenizers (3.2MiB)
Downloading matplotlib (9.6MiB)
Downloading soundfile (1.3MiB)
Downloading scipy (33.7MiB)
Downloading onnxruntime (22.5MiB)
Downloading grpcio (6.8MiB)
Downloading llvmlite (57.1MiB)
Downloading numpy (16.1MiB)
   Building docopt==0.6.2
      Built docopt==0.6.2
 Downloaded pygments
 Downloaded soundfile
 Downloaded kiwisolver
 Downloaded aiohttp
 Downloaded tokenizers
 Downloaded numba
 Downloaded hf-xet
 Downloaded fonttools
 Downloaded tensorboard
 Downloaded tensorboard-data-server
 Downloaded pillow
 Downloaded grpcio
 Downloaded scikit-learn
 Downloaded matplotlib
 Downloaded pandas
 Downloaded transformers
 Downloaded numpy
 Downloaded onnx
 Downloaded onnxruntime
 Downloaded scipy
 Downloaded llvmlite
Prepared 89 packages in 25.68s
warning: Failed to hardlink files; falling back to full copy. This may lead to degraded performance.
         If the cache and target directories are on different filesystems, hardlinking may not be supported.
         If this is intentional, set `export UV_LINK_MODE=copy` or use `--link-mode=copy` to suppress this warning.
Installed 89 packages in 3.68s
 + absl-py==2.5.0
 + aiohappyeyeballs==2.7.1
 + aiohttp==3.14.3
 + aiosignal==1.4.0
 + annotated-doc==0.0.5
 + anyascii==0.3.3
 + anyio==4.15.1
 + attrs==26.1.0
 + audioread==3.1.0
 + certifi==2026.7.22
 + cffi==2.1.1
 + charset-normalizer==3.5.1
 + click==8.5.0
 + cloudpickle==3.1.2
 + contourpy==1.3.3
 + coqpit-config==0.2.5
 + coqui-tts==0.27.5
 + coqui-tts-trainer==0.3.3
 + cycler==0.12.1
 + decorator==5.3.1
 + docopt==0.6.2
 + einops==0.8.2
 + flatbuffers==25.12.19
 + fonttools==4.65.0
 + frozenlist==1.8.0
 + grpcio==1.83.1
 + h11==0.16.0
 + hf-xet==1.6.0
 + httpcore==1.0.9
 + httpx==0.28.1
 + huggingface-hub==1.31.0
 + idna==3.19
 + inflect==7.5.0
 + joblib==1.6.0
 + kiwisolver==1.5.1
 + ko-speech-tools==0.1.0
 + lazy-loader==0.5
 + librosa==0.11.0
 + llvmlite==0.49.0
 + markdown==3.10.3
 + markdown-it-py==4.2.0
 + matplotlib==3.11.1
 + mdurl==0.1.2
 + ml-dtypes==0.6.0
 + monotonic-alignment-search==0.2.1
 + more-itertools==11.1.0
 + msgpack==1.2.2
 + multidict==6.8.0
 + narwhals==2.26.0
 + num2words==0.5.14
 + numba==0.67.0
 + numpy==2.4.6
 + onnx==1.22.0
 + onnxruntime==1.30.0
 + packaging==26.3
 + pandas==3.0.5
 + pillow==12.3.0
 + platformdirs==4.11.8
 + pooch==1.9.0
 + propcache==0.5.2
 + protobuf==7.36.1
 + psutil==7.2.2
 + pycparser==3.0
 + pygments==2.21.0
 + pyparsing==3.3.2
 + pysbd==0.3.4
 + python-dateutil==2.9.0.post0
 + pyyaml==6.0.3
 + regex==2026.9.10
 + requests==2.34.2
 + rich==15.0.0
 + safetensors==0.8.0
 + scikit-learn==1.9.1
 + scipy==1.17.1
 + shellingham==1.5.4
 + six==1.17.0
 + soundfile==0.14.0
 + soxr==1.1.0
 + tensorboard==2.21.0
 + tensorboard-data-server==0.7.2
 + threadpoolctl==3.6.0
 + tokenizers==0.23.2
 + tqdm==4.70.1
 + transformers==5.17.0
 + typeguard==4.6.0
 + typer==0.27.2
 + urllib3==2.7.0
 + werkzeug==3.1.8
 + yarl==1.24.5
Traceback (most recent call last):
  File "<string>", line 1, in <module>
  File "/cz/Vachak/ml/tts/.venv-tts/lib/python3.11/site-packages/TTS/__init__.py", line 35, in <module>
    from TTS.tts.configs.xtts_config import XttsConfig
  File "/cz/Vachak/ml/tts/.venv-tts/lib/python3.11/site-packages/TTS/tts/configs/xtts_config.py", line 4, in <module>
    from TTS.tts.models.xtts import XttsArgs, XttsAudioConfig
  File "/cz/Vachak/ml/tts/.venv-tts/lib/python3.11/site-packages/TTS/tts/models/xtts.py", line 15, in <module>
    from TTS.tts.layers.xtts.gpt import GPT
  File "/cz/Vachak/ml/tts/.venv-tts/lib/python3.11/site-packages/TTS/tts/layers/xtts/gpt.py", line 10, in <module>
    from TTS.tts.layers.tortoise.autoregressive import (
  File "/cz/Vachak/ml/tts/.venv-tts/lib/python3.11/site-packages/TTS/tts/layers/tortoise/autoregressive.py", line 12, in <module>
    from transformers.pytorch_utils import isin_mps_friendly as isin
ImportError: cannot import name 'isin_mps_friendly' from 'transformers.pytorch_utils' (/cz/Vachak/ml/tts/.venv-tts/lib/python3.11/site-packages/transformers/pytorch_utils.py)
